ARM Linker, 4.1 [Build 481] [Professional]

==============================================================================

Section Cross References

    startup_stm32f10x_hd.o(RESET) refers to startup_stm32f10x_hd.o(STACK) for __initial_sp
    startup_stm32f10x_hd.o(RESET) refers to startup_stm32f10x_hd.o(.text) for Reset_Handler
    startup_stm32f10x_hd.o(RESET) refers to stm32f10x_it.o(.text) for NMI_Handler
    startup_stm32f10x_hd.o(RESET) refers to os_cpu_a.o(.text) for PendSV_Handler
    startup_stm32f10x_hd.o(.text) refers to system_stm32f10x.o(.text) for SystemInit
    startup_stm32f10x_hd.o(.text) refers to entry.o(.ARM.Collect$$$$00000000) for __main
    system_stm32f10x.o(.text) refers to system_stm32f10x.o(.data) for SystemCoreClock
    main.o(.text) refers to guicurs.o(.text) for GUI_CURSOR_Show
    main.o(.text) refers to gui_touch_driveranalog.o(.text) for GUI_TOUCH_Exec
    main.o(.text) refers to os_time.o(.text) for OSTimeDly
    main.o(.text) refers to gui_exec.o(.text) for GUI_Exec
    main.o(.text) refers to guicore.o(.text) for GUI_Init
    main.o(.text) refers to gui_setcolor.o(.text) for GUI_SetBkColor
    main.o(.text) refers to gui_dispstringat.o(.text) for GUI_DispStringAt
    main.o(.text) refers to gui_setfont.o(.text) for GUI_SetFont
    main.o(.text) refers to panel.o(.text) for Panel
    main.o(.text) refers to systick.o(.text) for systick_init
    main.o(.text) refers to os_task.o(.text) for OSTaskCreate
    main.o(.text) refers to dac_sine.o(.text) for DAC_Mode_Init
    main.o(.text) refers to os_core.o(.text) for OSInit
    main.o(.text) refers to f4x6.o(.constdata) for GUI_Font4x6
    main.o(.text) refers to f6x8.o(.constdata) for GUI_Font6x8
    main.o(.text) refers to f8x16.o(.constdata) for GUI_Font8x16
    main.o(.text) refers to main.o(.bss) for paneltask_stk
    stm32f10x_it.o(.text) refers to os_cpu_a.o(.text) for OS_CPU_SR_Save
    stm32f10x_it.o(.text) refers to os_core.o(.text) for OSTimeTick
    stm32f10x_it.o(.text) refers to os_core.o(.data) for OSIntNesting
    stm32f10x_rcc.o(.text) refers to stm32f10x_rcc.o(.data) for APBAHBPrescTable
    stm32f10x_gpio.o(.text) refers to stm32f10x_rcc.o(.text) for RCC_APB2PeriphResetCmd
    stm32f10x_spi.o(.text) refers to stm32f10x_rcc.o(.text) for RCC_APB2PeriphResetCmd
    stm32f10x_dac.o(.text) refers to stm32f10x_rcc.o(.text) for RCC_APB1PeriphResetCmd
    stm32f10x_tim.o(.text) refers to stm32f10x_rcc.o(.text) for RCC_APB2PeriphResetCmd
    gpio_led.o(.text) refers to stm32f10x_rcc.o(.text) for RCC_APB2PeriphClockCmd
    gpio_led.o(.text) refers to stm32f10x_gpio.o(.text) for GPIO_Init
    gpio_led.o(.text) refers to gpio_led.o(.bss) for key_info
    systemclock.o(.text) refers to stm32f10x_rcc.o(.text) for RCC_DeInit
    systemclock.o(.text) refers to stm32f10x_flash.o(.text) for FLASH_PrefetchBufferCmd
    systick.o(.text) refers to stm32f10x_rcc.o(.text) for RCC_GetClocksFreq
    dac_sine.o(.text) refers to stm32f10x_rcc.o(.text) for RCC_APB2PeriphClockCmd
    dac_sine.o(.text) refers to stm32f10x_gpio.o(.text) for GPIO_Init
    dac_sine.o(.text) refers to stm32f10x_dac.o(.text) for DAC_Init
    dac_sine.o(.text) refers to stm32f10x_tim.o(.text) for TIM_TimeBaseInit
    dac_sine.o(.text) refers to stm32f10x_dma.o(.text) for DMA_Init
    dac_sine.o(.text) refers to dac_sine.o(.bss) for MyDualSine12bit
    dac_sine.o(.text) refers to dac_sine.o(.constdata) for MySinebit
    os_cpu_c.o(.text) refers to os_cpu_c.o(.data) for OSTmrCtr
    os_cpu_a.o(.text) refers to os_core.o(.data) for OSRunning
    os_cpu_a.o(.text) refers to os_cpu_c.o(.text) for OSTaskSwHook
    os_core.o(.text) refers to os_cpu_a.o(.text) for OS_CPU_SR_Save
    os_core.o(.text) refers to os_cpu_c.o(.text) for OSTaskIdleHook
    os_core.o(.text) refers to os_task.o(.text) for OSTaskCreateExt
    os_core.o(.text) refers to os_mem.o(.text) for OS_MemInit
    os_core.o(.text) refers to os_q.o(.text) for OS_QInit
    os_core.o(.text) refers to os_tmr.o(.text) for OSTmr_Init
    os_core.o(.text) refers to os_core.o(.data) for OSIntNesting
    os_core.o(.text) refers to os_core.o(.bss) for OSTaskIdleStk
    os_core.o(.text) refers to os_core.o(.constdata) for OSUnMapTbl
    os_mbox.o(.text) refers to os_cpu_a.o(.text) for OS_CPU_SR_Save
    os_mbox.o(.text) refers to os_core.o(.text) for OS_EventWaitListInit
    os_mbox.o(.text) refers to os_core.o(.data) for OSIntNesting
    os_mem.o(.text) refers to os_cpu_a.o(.text) for OS_CPU_SR_Save
    os_mem.o(.text) refers to os_core.o(.text) for OS_StrCopy
    os_mem.o(.text) refers to os_core.o(.data) for OSMemFreeList
    os_mem.o(.text) refers to os_core.o(.bss) for OSMemTbl
    os_mutex.o(.text) refers to os_cpu_a.o(.text) for OS_CPU_SR_Save
    os_mutex.o(.text) refers to os_core.o(.text) for OS_EventWaitListInit
    os_mutex.o(.text) refers to os_core.o(.data) for OSIntNesting
    os_mutex.o(.text) refers to os_core.o(.bss) for OSTCBPrioTbl
[...]
    acFont8_1_239                            0x080140b0   Data           8  f08_1.o(.constdata)
    acFont8_1_240                            0x080140b8   Data           8  f08_1.o(.constdata)
    acFont8_1_241                            0x080140c0   Data           8  f08_1.o(.constdata)
    acFont8_1_242                            0x080140c8   Data           8  f08_1.o(.constdata)
    acFont8_1_243                            0x080140d0   Data           8  f08_1.o(.constdata)
    acFont8_1_244                            0x080140d8   Data           8  f08_1.o(.constdata)
    acFont8_1_245                            0x080140e0   Data           8  f08_1.o(.constdata)
    acFont8_1_246                            0x080140e8   Data           8  f08_1.o(.constdata)
    acFont8_1_247                            0x080140f0   Data           8  f08_1.o(.constdata)
    acFont8_1_248                            0x080140f8   Data           8  f08_1.o(.constdata)
    acFont8_1_249                            0x08014100   Data           8  f08_1.o(.constdata)
    acFont8_1_250                            0x08014108   Data           8  f08_1.o(.constdata)
    acFont8_1_251                            0x08014110   Data           8  f08_1.o(.constdata)
    acFont8_1_252                            0x08014118   Data           8  f08_1.o(.constdata)
    acFont8_1_253                            0x08014120   Data           8  f08_1.o(.constdata)
    acFont8_1_254                            0x08014128   Data           8  f08_1.o(.constdata)
    acFont8_1_255                            0x08014130   Data           8  f08_1.o(.constdata)
    Font8_1_CharInfo                         0x08014138   Data         768  f08_1.o(.constdata)
    GUI_Font8_1_Prop                         0x08014438   Data          12  f08_1.o(.constdata)
    GUI_Font8_1                              0x08014444   Data          32  f08_1.o(.constdata)
    acFont8ASCII                             0x08014464   Data         760  f08_ascii.o(.constdata)
    GUI_Font8_ASCII_CharInfo                 0x0801475c   Data         760  f08_ascii.o(.constdata)
    GUI_Font8ASCII_Prop                      0x08014a54   Data          12  f08_ascii.o(.constdata)
    GUI_Font8_ASCII                          0x08014a60   Data          32  f08_ascii.o(.constdata)
    acFont8x16                               0x08014a80   Data        2608  f8x16.o(.constdata)
    TransList8x16                            0x080154b0   Data         448  f8x16.o(.constdata)
    TransInfo8x16                            0x08015670   Data           8  f8x16.o(.constdata)
    FontMono8x16                             0x08015678   Data          20  f8x16.o(.constdata)
    GUI_Font8x16                             0x0801568c   Data          32  f8x16.o(.constdata)
    GUI_Font8x17                             0x080156ac   Data          32  f8x16.o(.constdata)
    GUI_Font8x18                             0x080156cc   Data          32  f8x16.o(.constdata)
    GUI_Font8x16x1x2                         0x08015714   Data          32  f8x16.o(.constdata)
    GUI_Font8x16x2x2                         0x08015734   Data          32  f8x16.o(.constdata)
    GUI_Font8x16x3x3                         0x08015754   Data          32  f8x16.o(.constdata)
    acFont13_1_00A0                          0x08015774   Data          13  f13_1.o(.constdata)
    acFont13_1_00A1                          0x08015781   Data          13  f13_1.o(.constdata)
    acFont13_1_00A2                          0x0801578e   Data          13  f13_1.o(.constdata)
    acFont13_1_00A3                          0x0801579b   Data          13  f13_1.o(.constdata)
    acFont13_1_00A4                          0x080157a8   Data          13  f13_1.o(.constdata)
    acFont13_1_00A5                          0x080157b5   Data          13  f13_1.o(.constdata)
    acFont13_1_00A6                          0x080157c2   Data          13  f13_1.o(.constdata)
    acFont13_1_00A7                          0x080157cf   Data          13  f13_1.o(.constdata)
    acFont13_1_00A8                          0x080157dc   Data          13  f13_1.o(.constdata)
    acFont13_1_00A9                          0x080157e9   Data          26  f13_1.o(.constdata)
    acFont13_1_00AA                          0x08015803   Data          13  f13_1.o(.constdata)
    acFont13_1_00AB                          0x08015810   Data          13  f13_1.o(.constdata)
    acFont13_1_00AC                          0x0801581d   Data          13  f13_1.o(.constdata)
    acFont13_1_00AD                          0x0801582a   Data          13  f13_1.o(.constdata)
    acFont13_1_00AE                          0x08015837   Data          26  f13_1.o(.constdata)
    acFont13_1_00AF                          0x08015851   Data          13  f13_1.o(.constdata)
    acFont13_1_00B0                          0x0801585e   Data          13  f13_1.o(.constdata)
    acFont13_1_00B1                          0x0801586b   Data          13  f13_1.o(.constdata)
    acFont13_1_00B2                          0x08015878   Data          13  f13_1.o(.constdata)
    acFont13_1_00B3                          0x08015885   Data          13  f13_1.o(.constdata)
    acFont13_1_00B4                          0x08015892   Data          13  f13_1.o(.constdata)
    acFont13_1_00B5                          0x0801589f   Data          13  f13_1.o(.constdata)
    acFont13_1_00B6                          0x080158ac   Data          13  f13_1.o(.constdata)
    acFont13_1_00B7                          0x080158b9   Data          13  f13_1.o(.constdata)
    acFont13_1_00B8                          0x080158c6   Data          13  f13_1.o(.constdata)
    acFont13_1_00B9                          0x080158d3   Data          13  f13_1.o(.constdata)
    acFont13_1_00BA                          0x080158e0   Data          13  f13_1.o(.constdata)
    acFont13_1_00BB                          0x080158ed   Data          13  f13_1.o(.constdata)
    acFont13_1_00BC                          0x080158fa   Data          26  f13_1.o(.constdata)
    acFont13_1_00BD                          0x08015914   Data          26  f13_1.o(.constdata)
    acFont13_1_00BE                          0x0801592e   Data          26  f13_1.o(.constdata)
    acFont13_1_00BF                          0x08015948   Data          13  f13_1.o(.constdata)
    acFont13_1_00C0                          0x08015955   Data          13  f13_1.o(.constdata)
    acFont13_1_00C1                          0x08015962   Data          13  f13_1.o(.constdata)
    acFont13_1_00C2                          0x0801596f   Data          13  f13_1.o(.constdata)
    acFont13_1_00C3                          0x0801597c   Data          13  f13_1.o(.constdata)
    acFont13_1_00C4                          0x08015989   Data          13  f13_1.o(.constdata)
    acFont13_1_00C5                          0x08015996   Data          13  f13_1.o(.constdata)
    acFont13_1_00C6                          0x080159a3   Data          26  f13_1.o(.constdata)
    acFont13_1_00C7                          0x080159bd   Data          13  f13_1.o(.constdata)
    acFont13_1_00C8                          0x080159ca   Data          13  f13_1.o(.constdata)
    acFont13_1_00C9                          0x080159d7   Data          13  f13_1.o(.constdata)
    acFont13_1_00CA                          0x080159e4   Data          13  f13_1.o(.constdata)
    acFont13_1_00CB                          0x080159f1   Data          13  f13_1.o(.constdata)
    acFont13_1_00CC                          0x080159fe   Data          13  f13_1.o(.constdata)
    acFont13_1_00CD                          0x08015a0b   Data          13  f13_1.o(.constdata)
    acFont13_1_00CE                          0x08015a18   Data          13  f13_1.o(.constdata)
    acFont13_1_00CF                          0x08015a25   Data          13  f13_1.o(.constdata)
    acFont13_1_00D0                          0x08015a32   Data          13  f13_1.o(.constdata)
    acFont13_1_00D1                          0x08015a3f   Data          13  f13_1.o(.constdata)
    acFont13_1_00D2                          0x08015a4c   Data          13  f13_1.o(.constdata)
    acFont13_1_00D3                          0x08015a59   Data          13  f13_1.o(.constdata)
    acFont13_1_00D4                          0x08015a66   Data          13  f13_1.o(.constdata)
    acFont13_1_00D5                          0x08015a73   Data          13  f13_1.o(.constdata)
    acFont13_1_00D6                          0x08015a80   Data          13  f13_1.o(.constdata)
    acFont13_1_00D7                          0x08015a8d   Data          13  f13_1.o(.constdata)
    acFont13_1_00D8                          0x08015a9a   Data          13  f13_1.o(.constdata)
    acFont13_1_00D9                          0x08015aa7   Data          13  f13_1.o(.constdata)
    acFont13_1_00DA                          0x08015ab4   Data          13  f13_1.o(.constdata)
    acFont13_1_00DB                          0x08015ac1   Data          13  f13_1.o(.constdata)
    acFont13_1_00DC                          0x08015ace   Data          13  f13_1.o(.constdata)
    acFont13_1_00DD                          0x08015adb   Data          13  f13_1.o(.constdata)
    acFont13_1_00DE                          0x08015ae8   Data          13  f13_1.o(.constdata)
    acFont13_1_00DF                          0x08015af5   Data          13  f13_1.o(.constdata)
    acFont13_1_00E0                          0x08015b02   Data          13  f13_1.o(.constdata)
    acFont13_1_00E1                          0x08015b0f   Data          13  f13_1.o(.constdata)
    acFont13_1_00E2                          0x08015b1c   Data          13  f13_1.o(.constdata)
    acFont13_1_00E3                          0x08015b29   Data          13  f13_1.o(.constdata)
    acFont13_1_00E4                          0x08015b36   Data          13  f13_1.o(.constdata)
    acFont13_1_00E5                          0x08015b43   Data          13  f13_1.o(.constdata)
    acFont13_1_00E6                          0x08015b50   Data          26  f13_1.o(.constdata)
    acFont13_1_00E7                          0x08015b6a   Data          13  f13_1.o(.constdata)
    acFont13_1_00E8                          0x08015b77   Data          13  f13_1.o(.constdata)
    acFont13_1_00E9                          0x08015b84   Data          13  f13_1.o(.constdata)
    acFont13_1_00EA                          0x08015b91   Data          13  f13_1.o(.constdata)
    acFont13_1_00EB                          0x08015b9e   Data          13  f13_1.o(.constdata)
    acFont13_1_00EC                          0x08015bab   Data          13  f13_1.o(.constdata)
    acFont13_1_00ED                          0x08015bb8   Data          13  f13_1.o(.constdata)
    acFont13_1_00EE                          0x08015bc5   Data          13  f13_1.o(.constdata)
    acFont13_1_00EF                          0x08015bd2   Data          13  f13_1.o(.constdata)
    acFont13_1_00F0                          0x08015bdf   Data          13  f13_1.o(.constdata)
    acFont13_1_00F1                          0x08015bec   Data          13  f13_1.o(.constdata)
    acFont13_1_00F2                          0x08015bf9   Data          13  f13_1.o(.constdata)
    acFont13_1_00F3                          0x08015c06   Data          13  f13_1.o(.constdata)
    acFont13_1_00F4                          0x08015c13   Data          13  f13_1.o(.constdata)
    acFont13_1_00F5                          0x08015c20   Data          13  f13_1.o(.constdata)
    acFont13_1_00F6                          0x08015c2d   Data          13  f13_1.o(.constdata)
    acFont13_1_00F7                          0x08015c3a   Data          13  f13_1.o(.constdata)
    acFont13_1_00F8                          0x08015c47   Data          13  f13_1.o(.constdata)
    acFont13_1_00F9                          0x08015c54   Data          13  f13_1.o(.constdata)
    acFont13_1_00FA                          0x08015c61   Data          13  f13_1.o(.constdata)
    acFont13_1_00FB                          0x08015c6e   Data          13  f13_1.o(.constdata)
    acFont13_1_00FC                          0x08015c7b   Data          13  f13_1.o(.constdata)
    acFont13_1_00FD                          0x08015c88   Data          13  f13_1.o(.constdata)
    acFont13_1_00FE                          0x08015c95   Data          13  f13_1.o(.constdata)
    acFont13_1_00FF                          0x08015ca2   Data          13  f13_1.o(.constdata)
    GUI_Font13_1_CharInfo                    0x08015cb0   Data         768  f13_1.o(.constdata)
    GUI_Font13_1_Prop1                       0x08015fb0   Data          12  f13_1.o(.constdata)
    GUI_Font13_1                             0x08015fbc   Data          32  f13_1.o(.constdata)
    acFont13ASCII_0020                       0x08015fdc   Data          13  f13_ascii.o(.constdata)
    acFont13ASCII_0021                       0x08015fe9   Data          13  f13_ascii.o(.constdata)
    acFont13ASCII_0022                       0x08015ff6   Data          13  f13_ascii.o(.constdata)
    acFont13ASCII_0023                       0x08016003   Data          13  f13_ascii.o(.constdata)
    acFont13ASCII_0024                       0x08016010   Data          13  f13_ascii.o(.constdata)
    acFont13ASCII_0025                       0x0801601d   Data          26  f13_ascii.o(.constdata)
    acFont13ASCII_0026                       0x08016037   Data          13  f13_ascii.o(.constdata)
    acFont13ASCII_0027                       0x08016044   Data          13  f13_ascii.o(.constdata)
    acFont13ASCII_0028                       0x08016051   Data          13  f13_ascii.o(.constdata)
    acFont13ASCII_0029                       0x0801605e   Data          13  f13_ascii.o(.constdata)
    acFont13ASCII_002A                       0x0801606b   Data          13  f13_ascii.o(.constdata)
    acFont13ASCII_002B                       0x08016078   Data          13  f13_ascii.o(.constdata)
    acFont13ASCII_002C                       0x08016085   Data          13  f13_ascii.o(.constdata)
    acFont13ASCII_002D                       0x08016092   Data          13  f13_ascii.o(.constdata)
    acFont13ASCII_002E                       0x0801609f   Data          13  f13_ascii.o(.constdata)
    acFont13ASCII_002F                       0x080160ac   Data          13  f13_ascii.o(.constdata)
    acFont13ASCII_0030                       0x080160b9   Data          13  f13_ascii.o(.constdata)
    acFont13ASCII_0031                       0x080160c6   Data          13  f13_ascii.o(.constdata)
    acFont13ASCII_0032                       0x080160d3   Data          13  f13_ascii.o(.constdata)
    acFont13ASCII_0033                       0x080160e0   Data          13  f13_ascii.o(.constdata)
    acFont13ASCII_0034                       0x080160ed   Data          13  f13_ascii.o(.constdata)
    acFont13ASCII_0035                       0x080160fa   Data          13  f13_ascii.o(.constdata)
    acFont13ASCII_0036                       0x08016107   Data          13  f13_ascii.o(.constdata)
    acFont13ASCII_0037                       0x08016114   Data          13  f13_ascii.o(.constdata)
    acFont13ASCII_0038                       0x08016121   Data          13  f13_ascii.o(.constdata)
    acFont13ASCII_0039                       0x0801612e   Data          13  f13_ascii.o(.constdata)
    acFont13ASCII_003A                       0x0801613b   Data          13  f13_ascii.o(.constdata)
    acFont13ASCII_003B                       0x08016148   Data          13  f13_ascii.o(.constdata)
    acFont13ASCII_003C                       0x08016155   Data          13  f13_ascii.o(.constdata)
    acFont13ASCII_003D                       0x08016162   Data          13  f13_ascii.o(.constdata)
    acFont13ASCII_003E                       0x0801616f   Data          13  f13_ascii.o(.constdata)
    acFont13ASCII_003F                       0x0801617c   Data          13  f13_ascii.o(.constdata)
    acFont13ASCII_0040                       0x08016189   Data          26  f13_ascii.o(.constdata)
    acFont13ASCII_0041                       0x080161a3   Data          13  f13_ascii.o(.constdata)
    acFont13ASCII_0042                       0x080161b0   Data          13  f13_ascii.o(.constdata)
    acFont13ASCII_0043                       0x080161bd   Data          13  f13_ascii.o(.constdata)
    acFont13ASCII_0044                       0x080161ca   Data          13  f13_ascii.o(.constdata)
    acFont13ASCII_0045                       0x080161d7   Data          13  f13_ascii.o(.constdata)
    acFont13ASCII_0046                       0x080161e4   Data          13  f13_ascii.o(.constdata)
    acFont13ASCII_0047                       0x080161f1   Data          13  f13_ascii.o(.constdata)
    acFont13ASCII_0048                       0x080161fe   Data          13  f13_ascii.o(.constdata)
    acFont13ASCII_0049                       0x0801620b   Data          13  f13_ascii.o(.constdata)
    acFont13ASCII_004A                       0x08016218   Data          13  f13_ascii.o(.constdata)
    acFont13ASCII_004B                       0x08016225   Data          13  f13_ascii.o(.constdata)
    acFont13ASCII_004C                       0x08016232   Data          13  f13_ascii.o(.constdata)
    acFont13ASCII_004D                       0x0801623f   Data          13  f13_ascii.o(.constdata)
    acFont13ASCII_004E                       0x0801624c   Data          13  f13_ascii.o(.constdata)
    acFont13ASCII_004F                       0x08016259   Data          13  f13_ascii.o(.constdata)
    acFont13ASCII_0050                       0x08016266   Data          13  f13_ascii.o(.constdata)
    acFont13ASCII_0051                       0x08016273   Data          13  f13_ascii.o(.constdata)
    acFont13ASCII_0052                       0x08016280   Data          13  f13_ascii.o(.constdata)
    acFont13ASCII_0053                       0x0801628d   Data          13  f13_ascii.o(.constdata)
    acFont13ASCII_0054                       0x0801629a   Data          13  f13_ascii.o(.constdata)
    acFont13ASCII_0055                       0x080162a7   Data          13  f13_ascii.o(.constdata)
    acFont13ASCII_0056                       0x080162b4   Data          13  f13_ascii.o(.constdata)
    acFont13ASCII_0057                       0x080162c1   Data          26  f13_ascii.o(.constdata)
    acFont13ASCII_0058                       0x080162db   Data          13  f13_ascii.o(.constdata)
    acFont13ASCII_0059                       0x080162e8   Data          13  f13_ascii.o(.constdata)
    acFont13ASCII_005A                       0x080162f5   Data          13  f13_ascii.o(.constdata)
    acFont13ASCII_005B                       0x08016302   Data          13  f13_ascii.o(.constdata)
    acFont13ASCII_005C                       0x0801630f   Data          13  f13_ascii.o(.constdata)
    acFont13ASCII_005D                       0x0801631c   Data          13  f13_ascii.o(.constdata)
    acFont13ASCII_005E                       0x08016329   Data          13  f13_ascii.o(.constdata)
    acFont13ASCII_005F                       0x08016336   Data          13  f13_ascii.o(.constdata)
    acFont13ASCII_0060                       0x08016343   Data          13  f13_ascii.o(.constdata)
    acFont13ASCII_0061                       0x08016350   Data          13  f13_ascii.o(.constdata)
    acFont13ASCII_0062                       0x0801635d   Data          13  f13_ascii.o(.constdata)
    acFont13ASCII_0063                       0x0801636a   Data          13  f13_ascii.o(.constdata)
    acFont13ASCII_0064                       0x08016377   Data          13  f13_ascii.o(.constdata)
    acFont13ASCII_0065                       0x08016384   Data          13  f13_ascii.o(.constdata)
    acFont13ASCII_0066                       0x08016391   Data          13  f13_ascii.o(.constdata)
    acFont13ASCII_0067                       0x0801639e   Data          13  f13_ascii.o(.constdata)
    acFont13ASCII_0068                       0x080163ab   Data          13  f13_ascii.o(.constdata)
    acFont13ASCII_0069                       0x080163b8   Data          13  f13_ascii.o(.constdata)
    acFont13ASCII_006A                       0x080163c5   Data          13  f13_ascii.o(.constdata)
    acFont13ASCII_006B                       0x080163d2   Data          13  f13_ascii.o(.constdata)
    acFont13ASCII_006C                       0x080163df   Data          13  f13_ascii.o(.constdata)
    acFont13ASCII_006D                       0x080163ec   Data          13  f13_ascii.o(.constdata)
    acFont13ASCII_006E                       0x080163f9   Data          13  f13_ascii.o(.constdata)
    acFont13ASCII_006F                       0x08016406   Data          13  f13_ascii.o(.constdata)
    acFont13ASCII_0070                       0x08016413   Data          13  f13_ascii.o(.constdata)
    acFont13ASCII_0071                       0x08016420   Data          13  f13_ascii.o(.constdata)
    acFont13ASCII_0072                       0x0801642d   Data          13  f13_ascii.o(.constdata)
    acFont13ASCII_0073                       0x0801643a   Data          13  f13_ascii.o(.constdata)
    acFont13ASCII_0074                       0x08016447   Data          13  f13_ascii.o(.constdata)
    acFont13ASCII_0075                       0x08016454   Data          13  f13_ascii.o(.constdata)
    acFont13ASCII_0076                       0x08016461   Data          13  f13_ascii.o(.constdata)
    acFont13ASCII_0077                       0x0801646e   Data          13  f13_ascii.o(.constdata)
    acFont13ASCII_0078                       0x0801647b   Data          13  f13_ascii.o(.constdata)
    acFont13ASCII_0079                       0x08016488   Data          13  f13_ascii.o(.constdata)
    acFont13ASCII_007A                       0x08016495   Data          13  f13_ascii.o(.constdata)
    acFont13ASCII_007B                       0x080164a2   Data          13  f13_ascii.o(.constdata)
    acFont13ASCII_007C                       0x080164af   Data          13  f13_ascii.o(.constdata)
    acFont13ASCII_007D                       0x080164bc   Data          13  f13_ascii.o(.constdata)
    acFont13ASCII_007E                       0x080164c9   Data          13  f13_ascii.o(.constdata)
    GUI_Font13ASCII_CharInfo                 0x080164d8   Data         760  f13_ascii.o(.constdata)
    GUI_Font13ASCII_Prop1                    0x080167d0   Data          12  f13_ascii.o(.constdata)
    GUI_Font13_ASCII                         0x080167dc   Data          32  f13_ascii.o(.constdata)
    acFont16ASCII_32                         0x080167fc   Data          16  f16_ascii.o(.constdata)
    acFont16ASCII_33                         0x0801680c   Data          16  f16_ascii.o(.constdata)
    acFont16ASCII_34                         0x0801681c   Data          16  f16_ascii.o(.constdata)
    acFont16ASCII_35                         0x0801682c   Data          16  f16_ascii.o(.constdata)
    acFont16ASCII_36                         0x0801683c   Data          16  f16_ascii.o(.constdata)
    acFont16ASCII_37                         0x0801684c   Data          32  f16_ascii.o(.constdata)
    acFont16ASCII_38                         0x0801686c   Data          32  f16_ascii.o(.constdata)
    acFont16ASCII_39                         0x0801688c   Data          16  f16_ascii.o(.constdata)
    acFont16ASCII_40                         0x0801689c   Data          16  f16_ascii.o(.constdata)
    acFont16ASCII_41                         0x080168ac   Data          16  f16_ascii.o(.constdata)
    acFont16ASCII_42                         0x080168bc   Data          16  f16_ascii.o(.constdata)
    acFont16ASCII_43                         0x080168cc   Data          16  f16_ascii.o(.constdata)
    acFont16ASCII_44                         0x080168dc   Data          16  f16_ascii.o(.constdata)
    acFont16ASCII_45                         0x080168ec   Data          16  f16_ascii.o(.constdata)
    acFont16ASCII_46                         0x080168fc   Data          16  f16_ascii.o(.constdata)
    acFont16ASCII_47                         0x0801690c   Data          16  f16_ascii.o(.constdata)
    acFont16ASCII_48                         0x0801691c   Data          16  f16_ascii.o(.constdata)
    acFont16ASCII_49                         0x0801692c   Data          16  f16_ascii.o(.constdata)
    acFont16ASCII_50                         0x0801693c   Data          16  f16_ascii.o(.constdata)
    acFont16ASCII_51                         0x0801694c   Data          16  f16_ascii.o(.constdata)
    acFont16ASCII_52                         0x0801695c   Data          16  f16_ascii.o(.constdata)
    acFont16ASCII_53                         0x0801696c   Data          16  f16_ascii.o(.constdata)
    acFont16ASCII_54                         0x0801697c   Data          16  f16_ascii.o(.constdata)
    acFont16ASCII_55                         0x0801698c   Data          16  f16_ascii.o(.constdata)
    acFont16ASCII_56                         0x0801699c   Data          16  f16_ascii.o(.constdata)
    acFont16ASCII_57                         0x080169ac   Data          16  f16_ascii.o(.constdata)
    acFont16ASCII_58                         0x080169bc   Data          16  f16_ascii.o(.constdata)
    acFont16ASCII_59                         0x080169cc   Data          16  f16_ascii.o(.constdata)
    acFont16ASCII_60                         0x080169dc   Data          16  f16_ascii.o(.constdata)
    acFont16ASCII_61                         0x080169ec   Data          16  f16_ascii.o(.constdata)
    acFont16ASCII_62                         0x080169fc   Data          16  f16_ascii.o(.constdata)
    acFont16ASCII_63                         0x08016a0c   Data          16  f16_ascii.o(.constdata)
    acFont16ASCII_64                         0x08016a1c   Data          32  f16_ascii.o(.constdata)
    acFont16ASCII_65                         0x08016a3c   Data          32  f16_ascii.o(.constdata)
    acFont16ASCII_66                         0x08016a5c   Data          32  f16_ascii.o(.constdata)
    acFont16ASCII_67                         0x08016a7c   Data          32  f16_ascii.o(.constdata)
    acFont16ASCII_68                         0x08016a9c   Data          32  f16_ascii.o(.constdata)
    acFont16ASCII_69                         0x08016abc   Data          32  f16_ascii.o(.constdata)
    acFont16ASCII_70                         0x08016adc   Data          16  f16_ascii.o(.constdata)
    acFont16ASCII_71                         0x08016aec   Data          32  f16_ascii.o(.constdata)
    acFont16ASCII_72                         0x08016b0c   Data          32  f16_ascii.o(.constdata)
    acFont16ASCII_73                         0x08016b2c   Data          16  f16_ascii.o(.constdata)
    acFont16ASCII_74                         0x08016b3c   Data          16  f16_ascii.o(.constdata)
    acFont16ASCII_75                         0x08016b4c   Data          32  f16_ascii.o(.constdata)
    acFont16ASCII_76                         0x08016b6c   Data          16  f16_ascii.o(.constdata)
    acFont16ASCII_77                         0x08016b7c   Data          32  f16_ascii.o(.constdata)
    acFont16ASCII_78                         0x08016b9c   Data          32  f16_ascii.o(.constdata)
    acFont16ASCII_79                         0x08016bbc   Data          32  f16_ascii.o(.constdata)
    acFont16ASCII_80                         0x08016bdc   Data          32  f16_ascii.o(.constdata)
    acFont16ASCII_81                         0x08016bfc   Data          32  f16_ascii.o(.constdata)
    acFont16ASCII_82                         0x08016c1c   Data          32  f16_ascii.o(.constdata)
    acFont16ASCII_83                         0x08016c3c   Data          32  f16_ascii.o(.constdata)
    acFont16ASCII_84                         0x08016c5c   Data          16  f16_ascii.o(.constdata)
    acFont16ASCII_85                         0x08016c6c   Data          32  f16_ascii.o(.constdata)
    acFont16ASCII_86                         0x08016c8c   Data          32  f16_ascii.o(.constdata)
    acFont16ASCII_87                         0x08016cac   Data          32  f16_ascii.o(.constdata)
    acFont16ASCII_88                         0x08016ccc   Data          16  f16_ascii.o(.constdata)
    acFont16ASCII_89                         0x08016cdc   Data          32  f16_ascii.o(.constdata)
    acFont16ASCII_90                         0x08016cfc   Data          16  f16_ascii.o(.constdata)
    acFont16ASCII_91                         0x08016d0c   Data          16  f16_ascii.o(.constdata)
    acFont16ASCII_92                         0x08016d1c   Data          16  f16_ascii.o(.constdata)
    acFont16ASCII_93                         0x08016d2c   Data          16  f16_ascii.o(.constdata)
    acFont16ASCII_94                         0x08016d3c   Data          16  f16_ascii.o(.constdata)
    acFont16ASCII_95                         0x08016d4c   Data          16  f16_ascii.o(.constdata)
    acFont16ASCII_96                         0x08016d5c   Data          16  f16_ascii.o(.constdata)
    acFont16ASCII_97                         0x08016d6c   Data          16  f16_ascii.o(.constdata)
    acFont16ASCII_98                         0x08016d7c   Data          16  f16_ascii.o(.constdata)
    acFont16ASCII_99                         0x08016d8c   Data          16  f16_ascii.o(.constdata)
    acFont16ASCII_100                        0x08016d9c   Data          16  f16_ascii.o(.constdata)
    acFont16ASCII_101                        0x08016dac   Data          16  f16_ascii.o(.constdata)
    acFont16ASCII_102                        0x08016dbc   Data          16  f16_ascii.o(.constdata)
    acFont16ASCII_103                        0x08016dcc   Data          16  f16_ascii.o(.constdata)
    acFont16ASCII_104                        0x08016ddc   Data          16  f16_ascii.o(.constdata)
    acFont16ASCII_105                        0x08016dec   Data          16  f16_ascii.o(.constdata)
    acFont16ASCII_106                        0x08016dfc   Data          16  f16_ascii.o(.constdata)
    acFont16ASCII_107                        0x08016e0c   Data          16  f16_ascii.o(.constdata)
    acFont16ASCII_108                        0x08016e1c   Data          16  f16_ascii.o(.constdata)
    acFont16ASCII_109                        0x08016e2c   Data          32  f16_ascii.o(.constdata)
    acFont16ASCII_110                        0x08016e4c   Data          16  f16_ascii.o(.constdata)
    acFont16ASCII_111                        0x08016e5c   Data          16  f16_ascii.o(.constdata)
    acFont16ASCII_112                        0x08016e6c   Data          16  f16_ascii.o(.constdata)
    acFont16ASCII_113                        0x08016e7c   Data          16  f16_ascii.o(.constdata)
    acFont16ASCII_114                        0x08016e8c   Data          16  f16_ascii.o(.constdata)
    acFont16ASCII_115                        0x08016e9c   Data          16  f16_ascii.o(.constdata)
    acFont16ASCII_116                        0x08016eac   Data          16  f16_ascii.o(.constdata)
    acFont16ASCII_117                        0x08016ebc   Data          16  f16_ascii.o(.constdata)
    acFont16ASCII_118                        0x08016ecc   Data          16  f16_ascii.o(.constdata)
    acFont16ASCII_119                        0x08016edc   Data          32  f16_ascii.o(.constdata)
    acFont16ASCII_120                        0x08016efc   Data          16  f16_ascii.o(.constdata)
    acFont16ASCII_121                        0x08016f0c   Data          16  f16_ascii.o(.constdata)
    acFont16ASCII_122                        0x08016f1c   Data          16  f16_ascii.o(.constdata)
    acFont16ASCII_123                        0x08016f2c   Data          16  f16_ascii.o(.constdata)
    acFont16ASCII_124                        0x08016f3c   Data          16  f16_ascii.o(.constdata)
    acFont16ASCII_125                        0x08016f4c   Data          16  f16_ascii.o(.constdata)
    acFont16ASCII_126                        0x08016f5c   Data          16  f16_ascii.o(.constdata)
    GUI_CharInfo_Font16ASCII                 0x08016f6c   Data         768  f16_ascii.o(.constdata)
    GUI_Font16ASCIIProp1                     0x0801726c   Data          12  f16_ascii.o(.constdata)
    GUI_Font16_ASCII                         0x08017278   Data          32  f16_ascii.o(.constdata)
    WIDGET_Effect_3D                         0x080172a4   Data          24  widget_effect_3d.o(.constdata)
    ASCII_Table                              0x080172bc   Data        4560  ssd1963_lcd.o(.constdata)
    GBHZ_16                                  0x0801848c   Data         918  ssd1963_lcd.o(.constdata)
    ASCII_1608                               0x08018822   Data        1536  ssd1963_lcd.o(.constdata)
    Region$$Table$$Base                      0x08018e9c   Number         0  anon$$obj.o(Region$$Table)
    Region$$Table$$Limit                     0x08018ebc   Number         0  anon$$obj.o(Region$$Table)
    SystemCoreClock                          0x20000000   Data           4  system_stm32f10x.o(.data)
    AHBPrescTable                            0x20000004   Data          16  system_stm32f10x.o(.data)
    OSCtxSwCtr                               0x2000002c   Data           4  os_core.o(.data)
    OSEventFreeList                          0x20000030   Data           4  os_core.o(.data)
    OSIntNesting                             0x20000034   Data           1  os_core.o(.data)
    OSLockNesting                            0x20000035   Data           1  os_core.o(.data)
    OSPrioCur                                0x20000036   Data           1  os_core.o(.data)
    OSPrioHighRdy                            0x20000037   Data           1  os_core.o(.data)
    OSRdyGrp                                 0x20000038   Data           1  os_core.o(.data)
    OSRdyTbl                                 0x20000039   Data           4  os_core.o(.data)
    OSRunning                                0x2000003d   Data           1  os_core.o(.data)
    OSTaskCtr                                0x2000003e   Data           1  os_core.o(.data)
    OSIdleCtr                                0x20000040   Data           4  os_core.o(.data)
    OSTCBCur                                 0x20000044   Data           4  os_core.o(.data)
    OSTCBFreeList                            0x20000048   Data           4  os_core.o(.data)
    OSTCBHighRdy                             0x2000004c   Data           4  os_core.o(.data)
    OSTCBList                                0x20000050   Data           4  os_core.o(.data)
    OSMemFreeList                            0x20000054   Data           4  os_core.o(.data)
    OSQFreeList                              0x20000058   Data           4  os_core.o(.data)
    OSTime                                   0x2000005c   Data           4  os_core.o(.data)
    OSTmrFree                                0x20000060   Data           2  os_core.o(.data)
    OSTmrUsed                                0x20000062   Data           2  os_core.o(.data)
    OSTmrTime                                0x20000064   Data           4  os_core.o(.data)
    OSTmrSem                                 0x20000068   Data           4  os_core.o(.data)
    OSTmrSemSignal                           0x2000006c   Data           4  os_core.o(.data)
    OSTmrFreeList                            0x20000070   Data           4  os_core.o(.data)
    GUI_pfKeyMsgHook                         0x20000088   Data           4  gui_onkey.o(.data)
    GUI_DecChar                              0x200000cc   Data           1  guicore.o(.data)
    GUI_pfTimerExec                          0x200000d0   Data           4  guicore.o(.data)
    WM_pfHandlePID                           0x200000d4   Data           4  guicore.o(.data)
    GUI_pfDispCharStyle                      0x200000d8   Data           4  guicore.o(.data)
    GUI_pLCD_APIList                         0x200000dc   Data           4  guicore.o(.data)
    GUI_CURSOR_pfTempHide                    0x200000e0   Data           4  guicore.o(.data)
    GUI_CURSOR_pfTempUnhide                  0x200000e4   Data           4  guicore.o(.data)
    LCD_aAPI                                 0x20000124   Data           4  lcd_api.o(.data)
    BUTTON__DefaultProps                     0x20000128   Data          32  button.o(.data)
    DROPDOWN__DefaultProps                   0x2000014c   Data          32  dropdown.o(.data)
    FRAMEWIN__DefaultProps                   0x2000016c   Data          32  framewin.o(.data)
    LISTBOX_DefaultProps                     0x20000190   Data          40  listbox.o(.data)
    SCROLLBAR__aDefaultBkColor               0x200001cc   Data           8  scrollbar.o(.data)
    SCROLLBAR__aDefaultColor                 0x200001d4   Data           8  scrollbar.o(.data)
    SCROLLBAR__DefaultWidth                  0x200001dc   Data           2  scrollbar.o(.data)
    _pEffectDefault                          0x200001e0   Data           4  widget.o(.data)
    WM__NumWindows                           0x200001e6   Data           2  wm.o(.data)
    WM__NumInvalidWindows                    0x200001e8   Data           2  wm.o(.data)
    WM__FirstWin                             0x200001ea   Data           2  wm.o(.data)
    WM__pFirstCriticalHandle                 0x200001ec   Data           4  wm.o(.data)
    WM__ahDesktopWin                         0x200001f0   Data           2  wm.o(.data)
    WM__aBkColor                             0x200001f4   Data           4  wm.o(.data)
    WM_IsActive                              0x200001f8   Data           1  wm.o(.data)
    WM__CreateFlags                          0x200001fa   Data           2  wm.o(.data)
    WM__hCapture                             0x200001fc   Data           2  wm.o(.data)
    WM__hWinFocus                            0x200001fe   Data           2  wm.o(.data)
    WM__CaptureReleaseAuto                   0x20000200   Data           1  wm.o(.data)
    WM_pfPollPID                             0x20000204   Data           4  wm.o(.data)
    WM__PaintCallbackCnt                     0x20000208   Data           1  wm.o(.data)
    WM__TransWindowCnt                       0x2000020c   Data           4  wm.o(.data)
    WM__hATransWindow                        0x20000210   Data           2  wm.o(.data)
    WM__CHWinModal                           0x2000021c   Data           8  wmtouch.o(.data)
    WM__CHWinLast                            0x20000224   Data           8  wmtouch.o(.data)
    Chinese_Table                            0x2000023e   Data         544  ssd1963_lcd.o(.data)
    DeviceCode                               0x20000462   Data           2  ssd1963_lcd.o(.data)
    text0                                    0x20000464   Data         400  panel.o(.data)
    readme                                   0x200005f4   Data         400  panel.o(.data)
    stm32f1                                  0x20000784   Data         500  panel.o(.data)
    mytest                                   0x20000978   Data         400  panel.o(.data)
    hwin                                     0x20000b08   Data           4  panel.o(.data)
    hGUI_ID_DROPDOWN0                        0x20000b0c   Data           4  panel.o(.data)
    hTEXT                                    0x20000b10   Data           4  panel.o(.data)
    hMULTIEDIT                               0x20000b14   Data           4  panel.o(.data)
    DualSine12bit                            0x20006a1c   Data         128  dac_sine.o(.bss)
    MyDualSine12bit                          0x20006a9c   Data         400  dac_sine.o(.bss)
    OSEventTbl                               0x20006c2c   Data         320  os_core.o(.bss)
    OSTaskIdleStk                            0x20006d6c   Data         512  os_core.o(.bss)
    OSTCBPrioTbl                             0x20006f6c   Data         128  os_core.o(.bss)
    OSTCBTbl                                 0x20006fec   Data        1428  os_core.o(.bss)
    OSMemTbl                                 0x20007580   Data         180  os_core.o(.bss)
    OSQTbl                                   0x20007634   Data          96  os_core.o(.bss)
    OSTmrTbl                                 0x20007694   Data         832  os_core.o(.bss)
    OSTmrTaskStk                             0x200079d4   Data         512  os_core.o(.bss)
    OSTmrWheelTbl                            0x20007bd4   Data          64  os_core.o(.bss)
    GUI_Heap                                 0x20007c50   Data       12500  guialloc.o(.bss)
    GUI_ALLOC                                0x2000b964   Data          20  guialloc.o(.bss)
    GUI_Context                              0x2000b978   Data          72  guicore.o(.bss)
    LCD__aConvTable                          0x2000baf0   Data         512  lcdcolor.o(.bss)
    WM_PID__StateLast                        0x2000bcf0   Data          12  wm.o(.bss)
    Pen_Point                                0x2000bd14   Data          24  touch.o(.bss)
    __initial_sp                             0x2000c130   Data           0  startup_stm32f10x_hd.o(STACK)



==============================================================================

Memory Map of the image

  Image Entry point : 0x08000131

  Load Region LR_IROM1 (Base: 0x08000000, Size: 0x000199d8, Max: 0x00080000, ABSOLUTE, COMPRESSED[0x00019478])

    Execution Region ER_IROM1 (Base: 0x08000000, Size: 0x00018ebc, Max: 0x00080000, ABSOLUTE)

    Base Addr    Size         Type   Attr      Idx    E Section Name        Object

    0x08000000   0x00000130   Data   RO            3    RESET               startup_stm32f10x_hd.o
    0x08000130   0x00000000   Code   RO         8471  * .ARM.Collect$$$$00000000  mc_w.l(entry.o)(mc_w.l)
    0x08000130   0x00000004   Code   RO         8546    .ARM.Collect$$$$00000001  mc_w.l(entry2.o)(mc_w.l)
    0x08000134   0x00000004   Code   RO         8549    .ARM.Collect$$$$00000004  mc_w.l(entry5.o)(mc_w.l)
    0x08000138   0x00000008   Code   RO         8550    .ARM.Collect$$$$00000007  mc_w.l(entry7.o)(mc_w.l)
    0x08000140   0x00000004   Code   RO         8547    .ARM.Collect$$$$00002712  mc_w.l(entry2.o)(mc_w.l)
    0x08000144   0x00000024   Code   RO            4    .text               startup_stm32f10x_hd.o
    0x08000168   0x000001c8   Code   RO           24    .text               system_stm32f10x.o
    0x08000330   0x000000f4   Code   RO          121    .text               main.o
    0x08000424   0x000000b4   Code   RO          226    .text               stm32f10x_it.o
    0x080004d8   0x000003a4   Code   RO          253    .text               stm32f10x_rcc.o
    0x0800087c   0x00000358   Code   RO          279    .text               stm32f10x_gpio.o
    0x08000bd4   0x00000310   Code   RO          291    .text               stm32f10x_spi.o
    0x08000ee4   0x00000618   Code   RO          303    .text               stm32f10x_fsmc.o
    0x080014fc   0x0000013c   Code   RO          315    .text               stm32f10x_exti.o
    0x08001638   0x000001a8   Code   RO          327    .text               stm32f10x_dac.o
    0x080017e0   0x00000248   Code   RO          339    .text               stm32f10x_dma.o
    0x08001a28   0x00000dae   Code   RO          351    .text               stm32f10x_tim.o
    0x080027d6   0x00000002   PAD
    0x080027d8   0x00000064   Code   RO          393    .text               systick.o
    0x0800283c   0x00000128   Code   RO          411    .text               dac_sine.o
    0x08002964   0x000000b4   Code   RO          427    .text               os_cpu_c.o
    0x08002a18   0x000000a4   Code   RO          457    .text               os_cpu_a.o
    0x08002abc   0x00000780   Code   RO          460    .text               os_core.o
    0x0800323c   0x0000044a   Code   RO          486    .text               os_mbox.o
    0x08003686   0x00000002   PAD
    0x08003688   0x00000288   Code   RO          498    .text               os_mem.o
    0x08003910   0x00000660   Code   RO          522    .text               os_q.o
    0x08003f70   0x00000408   Code   RO          534    .text               os_sem.o
    0x08004378   0x000005ac   Code   RO          546    .text               os_task.o
    0x08004924   0x000000a4   Code   RO          558    .text               os_time.o
    0x080049c8   0x00000758   Code   RO          570    .text               os_tmr.o
    0x08005120   0x000000c4   Code   RO          602    .text               gui__calctextrect.o
    0x080051e4   0x0000001a   Code   RO          617    .text               gui__divideround.o
    0x080051fe   0x00000002   PAD
    0x08005200   0x00000014   Code   RO          641    .text               gui__getfontsizey.o
    0x08005214   0x0000001a   Code   RO          653    .text               gui__getnumchars.o
    0x0800522e   0x00000018   Code   RO          672    .text               gui__handleeoline.o
    0x08005246   0x00000042   Code   RO          684    .text               gui__intersectrect.o
    0x08005288   0x00000090   Code   RO          696    .text               gui__intersectrects.o
    0x08005318   0x00000054   Code   RO          708    .text               gui__memset.o
    0x0800536c   0x00000022   Code   RO          747    .text               gui__reducerect.o
    0x0800538e   0x00000050   Code   RO          759    .text               gui__settext.o
    0x080053de   0x00000002   PAD
    0x080053e0   0x00000050   Code   RO          774    .text               gui__strcmp.o
    0x08005430   0x00000016   Code   RO          786    .text               gui__strlen.o
    0x08005446   0x00000156   Code   RO          798    .text               gui__wrap.o
    0x0800559c   0x00000048   Code   RO          894    .text               gui_alloc_allocinit.o
    0x080055e4   0x0000002a   Code   RO          906    .text               gui_alloc_alloczero.o
    0x0800560e   0x0000001a   Code   RO          967    .text               gui_clearrectex.o
    0x08005628   0x000000d0   Code   RO         1370    .text               gui_dispchar.o
    0x080056f8   0x00000016   Code   RO         1382    .text               gui_dispchars.o
    0x0800570e   0x00000002   PAD
    0x08005710   0x00000148   Code   RO         1406    .text               gui_dispstring.o
    0x08005858   0x00000028   Code   RO         1418    .text               gui_dispstringat.o
    0x08005880   0x000001e0   Code   RO         1454    .text               gui_dispstringinrect.o
    0x08005a60   0x000000c4   Code   RO         1551    .text               gui_drawfocusrect.o
    0x08005b24   0x0000005c   Code   RO         1575    .text               gui_drawhline.o
    0x08005b80   0x0000005c   Code   RO         1635    .text               gui_drawvline.o
    0x08005bdc   0x00000038   Code   RO         1662    .text               gui_exec.o
    0x08005c14   0x00000330   Code   RO         1674    .text               gui_fillpolygon.o
    0x08005f44   0x0000006c   Code   RO         1689    .text               gui_fillrect.o
    0x08005fb0   0x0000001a   Code   RO         1701    .text               gui_fillrectex.o
    0x08005fca   0x000000aa   Code   RO         1725    .text               gui_getbitmappixelindex.o
    0x08006074   0x00000012   Code   RO         1737    .text               gui_getclientrect.o
    0x08006086   0x0000005c   Code   RO         1749    .text               gui_getcolor.o
    0x080060e2   0x00000014   Code   RO         1797    .text               gui_getfontsizey.o
    0x080060f6   0x00000016   Code   RO         1821    .text               gui_getstringdistx.o
    0x0800610c   0x00000014   Code   RO         1883    .text               gui_getysizeoffont.o
    0x08006120   0x00000070   Code   RO         1895    .text               gui_goto.o
    0x08006190   0x00000078   Code   RO         1919    .text               gui_invertrect.o
    0x08006208   0x0000008a   Code   RO         1955    .text               gui_mergerect.o
    0x08006292   0x00000024   Code   RO         1995    .text               gui_moverect.o
    0x080062b6   0x00000002   PAD
    0x080062b8   0x00000098   Code   RO         2007    .text               gui_onkey.o
    0x08006350   0x00000054   Code   RO         2030    .text               gui_pen.o
    0x080063a4   0x00000048   Code   RO         2042    .text               gui_pid.o
    0x080063ec   0x0000003a   Code   RO         2059    .text               gui_rectsintersect.o
    0x08006426   0x00000002   PAD
    0x08006428   0x00000024   Code   RO         2071    .text               gui_savecontext.o
    0x0800644c   0x00000028   Code   RO         2107    .text               gui_setcolor.o
    0x08006474   0x0000004c   Code   RO         2143    .text               gui_setdefault.o
    0x080064c0   0x00000018   Code   RO         2155    .text               gui_setdrawmode.o
    0x080064d8   0x00000020   Code   RO         2167    .text               gui_setfont.o
    0x080064f8   0x0000001c   Code   RO         2191    .text               gui_setlinestyle.o
    0x08006514   0x00000020   Code   RO         2265    .text               gui_settextalign.o
    0x08006534   0x00000020   Code   RO         2277    .text               gui_settextmode.o
    0x08006554   0x0000003c   Code   RO         2339    .text               gui_touch.o
    0x08006590   0x00000254   Code   RO         2353    .text               gui_touch_driveranalog.o
    0x080067e4   0x00000030   Code   RO         2370    .text               gui_touch_storestate.o
    0x08006814   0x00000058   Code   RO         2383    .text               gui_touch_storeunstable.o
    0x0800686c   0x000000e8   Code   RO         2397    .text               gui_uc.o
    0x08006954   0x00000038   Code   RO         2421    .text               gui_uc_encodenone.o
    0x0800698c   0x00000808   Code   RO         2490    .text               gui2dlib.o
    0x08007194   0x000003d0   Code   RO         2505    .text               guialloc.o
    0x08007564   0x000000e8   Code   RO         2537    .text               guichar.o
    0x0800764c   0x000001b0   Code   RO         2549    .text               guicharline.o
    0x080077fc   0x000001d8   Code   RO         2561    .text               guicharm.o
    0x080079d4   0x00000188   Code   RO         2573    .text               guicharp.o
    0x08007b5c   0x0000040c   Code   RO         2585    .text               guicirc.o
    0x08007f68   0x0000010c   Code   RO         2609    .text               guicore.o
    0x08008074   0x0000063c   Code   RO         2629    .text               guicurs.o
    0x080086b0   0x00000058   Code   RO         2717    .text               guirealloc.o
    0x08008708   0x00000148   Code   RO         2741    .text               guitask.o
    0x08008850   0x00000448   Code   RO         2819    .text               lcd.o
    0x08008c98   0x00000058   Code   RO         2889    .text               lcd_drawvline.o
    0x08008cf0   0x00000010   Code   RO         2901    .text               lcd_getcolorindex.o
    0x08008d00   0x00000036   Code   RO         2961    .text               lcd_l0_generic.o
    0x08008d36   0x00000002   PAD
    0x08008d38   0x0000001c   Code   RO         3144    .text               lcd_setcliprectex.o
    0x08008d54   0x00000054   Code   RO         3180    .text               lcdcolor.o
    0x08008da8   0x00000038   Code   RO         3295    .text               lcdpm565_index2color.o
    0x08008de0   0x00000020   Code   RO         3604    .text               lcdpm565.o
    0x08008e00   0x00000680   Code   RO         3664    .text               lcddummy.o
    0x08009480   0x00000398   Code   RO         4429    .text               button.o
    0x08009818   0x00000040   Code   RO         4447    .text               button__setbitmapobj.o
    0x08009858   0x0000005c   Code   RO         4491    .text               button_create.o
    0x080098b4   0x00000042   Code   RO         4551    .text               button_selfdraw.o
    0x080098f6   0x00000002   PAD
    0x080098f8   0x00000138   Code   RO         4808    .text               dialog.o
    0x08009a30   0x0000079c   Code   RO         4849    .text               dropdown.o
    0x0800a1cc   0x00000048   Code   RO         4882    .text               dropdown_createindirect.o
    0x0800a214   0x0000004c   Code   RO         4930    .text               dropdown_setautoscroll.o
    0x0800a260   0x000007c0   Code   RO         5144    .text               framewin.o
    0x0800aa20   0x000000fe   Code   RO         5165    .text               framewin__updatebuttons.o
    0x0800ab1e   0x00000082   Code   RO         5196    .text               framewin_button.o
    0x0800aba0   0x000000fc   Code   RO         5208    .text               framewin_buttonclose.o
    0x0800ac9c   0x0000004e   Code   RO         5256    .text               framewin_createindirect.o
    0x0800acea   0x0000007c   Code   RO         5280    .text               framewin_get.o
    0x0800ad66   0x000000cc   Code   RO         5328    .text               framewin_setcolors.o
    0x0800ae32   0x0000003e   Code   RO         5340    .text               framewin_setfont.o
    0x0800ae70   0x000001ac   Code   RO         5391    .text               gui_array.o
    0x0800b01c   0x0000005e   Code   RO         5439    .text               gui_draw.o
    0x0800b07a   0x00000002   PAD
    0x0800b07c   0x00000064   Code   RO         5479    .text               gui_draw_self.o
    0x0800b0e0   0x00000dc0   Code   RO         5671    .text               listbox.o
    0x0800bea0   0x00000064   Code   RO         5689    .text               listbox_create.o
    0x0800bf04   0x00000044   Code   RO         5741    .text               listbox_font.o
    0x0800bf48   0x0000004c   Code   RO         5801    .text               listbox_itemspacing.o
    0x0800bf94   0x00000080   Code   RO         5837    .text               listbox_setautoscroll.o
    0x0800c014   0x00000032   Code   RO         5849    .text               listbox_setbkcolor.o
    0x0800c046   0x00000026   Code   RO         5861    .text               listbox_setowner.o
    0x0800c06c   0x00000034   Code   RO         5885    .text               listbox_setscrollbarwidth.o
    0x0800c0a0   0x0000003e   Code   RO         5909    .text               listbox_settextcolor.o
    0x0800c0de   0x00000002   PAD
    0x0800c0e0   0x00001890   Code   RO         6475    .text               multiedit.o
    0x0800d970   0x00000050   Code   RO         6501    .text               multiedit_createindirect.o
    0x0800d9c0   0x000007a0   Code   RO         6769    .text               scrollbar.o
    0x0800e160   0x00000070   Code   RO         6787    .text               scrollbar_create.o
    0x0800e1d0   0x00000068   Code   RO         6811    .text               scrollbar_defaults.o
    0x0800e238   0x00000026   Code   RO         6839    .text               scrollbar_setwidth.o
    0x0800e25e   0x00000038   Code   RO         6930    .text               text_setbkcolor.o
    0x0800e296   0x00000024   Code   RO         6942    .text               text_setfont.o
    0x0800e2ba   0x0000002e   Code   RO         6954    .text               text_settext.o
    0x0800e2e8   0x000004a4   Code   RO         6990    .text               widget.o
    0x0800e78c   0x000001ac   Code   RO         7005    .text               widget_effect_3d.o
    0x0800e938   0x00000118   Code   RO         7100    .text               widget_fillstringinrect.o
    0x0800ea50   0x00000040   Code   RO         7124    .text               widget_setwidth.o
    0x0800ea90   0x00001054   Code   RO         7167    .text               wm.o
    0x0800fae4   0x0000003c   Code   RO         7190    .text               wm__foreachdesc.o
    0x0800fb20   0x00000020   Code   RO         7202    .text               wm__getfirstsibling.o
    0x0800fb40   0x00000024   Code   RO         7214    .text               wm__getfocussedchild.o
    0x0800fb64   0x00000036   Code   RO         7250    .text               wm__getprevsibling.o
    0x0800fb9a   0x0000004e   Code   RO         7262    .text               wm__isancestor.o
    0x0800fbe8   0x00000028   Code   RO         7274    .text               wm__ischild.o
    0x0800fc10   0x0000001a   Code   RO         7286    .text               wm__isenabled.o
    0x0800fc2a   0x00000024   Code   RO         7322    .text               wm__sendmessage.o
    0x0800fc4e   0x00000018   Code   RO         7334    .text               wm__sendmessageifenabled.o
    0x0800fc66   0x00000028   Code   RO         7346    .text               wm__sendmessagenopara.o
    0x0800fc8e   0x00000186   Code   RO         7358    .text               wm__updatechildpositions.o
    0x0800fe14   0x00000050   Code   RO         7382    .text               wm_bringtobottom.o
    0x0800fe64   0x00000090   Code   RO         7394    .text               wm_bringtotop.o
    0x0800fef4   0x00000076   Code   RO         7418    .text               wm_checkscrollpos.o
    0x0800ff6a   0x00000002   PAD
    0x0800ff6c   0x00000050   Code   RO         7430    .text               wm_criticalhandle.o
    0x0800ffbc   0x0000001c   Code   RO         7466    .text               wm_foreachdesc.o
    0x0800ffd8   0x0000001c   Code   RO         7478    .text               wm_getbkcolor.o
    0x0800fff4   0x00000058   Code   RO         7490    .text               wm_getclientrect.o
    0x0801004c   0x0000001a   Code   RO         7502    .text               wm_getclientwindow.o
    0x08010066   0x00000002   PAD
    0x08010068   0x0000000c   Code   RO         7514    .text               wm_getdesktopwindow.o
    0x08010074   0x0000006a   Code   RO         7554    .text               wm_getdialogitem.o
    0x080100de   0x0000001c   Code   RO         7566    .text               wm_getfirstchild.o
    0x080100fa   0x0000001c   Code   RO         7578    .text               wm_getflags.o
    0x08010116   0x00000014   Code   RO         7602    .text               wm_getid.o
    0x0801012a   0x00000002   PAD
    0x0801012c   0x0000002c   Code   RO         7614    .text               wm_getinsiderect.o
    0x08010158   0x000000c0   Code   RO         7626    .text               wm_getinsiderectexscrollbar.o
    0x08010218   0x0000001c   Code   RO         7674    .text               wm_getparent.o
    0x08010234   0x0000001c   Code   RO         7698    .text               wm_getscrollbar.o
    0x08010250   0x0000002a   Code   RO         7710    .text               wm_getscrollpartner.o
    0x0801027a   0x00000016   Code   RO         7722    .text               wm_getscrollstate.o
    0x08010290   0x00000068   Code   RO         7734    .text               wm_getwindowrect.o
    0x080102f8   0x00000080   Code   RO         7746    .text               wm_getwindowsize.o
    0x08010378   0x00000018   Code   RO         7758    .text               wm_hascaptured.o
    0x08010390   0x00000018   Code   RO         7770    .text               wm_hasfocus.o
    0x080103a8   0x00000038   Code   RO         7782    .text               wm_hide.o
    0x080103e0   0x00000020   Code   RO         7818    .text               wm_isfocussable.o
    0x08010400   0x00000018   Code   RO         7842    .text               wm_iswindow.o
    0x08010418   0x00000110   Code   RO         7866    .text               wm_move.o
    0x08010528   0x00000058   Code   RO         7878    .text               wm_movechildto.o
    0x08010580   0x00000016   Code   RO         7890    .text               wm_notifyparent.o
    0x08010596   0x00000002   PAD
    0x08010598   0x00000040   Code   RO         7902    .text               wm_onkey.o
    0x080105d8   0x000000f2   Code   RO         7938    .text               wm_resizewindow.o
    0x080106ca   0x00000002   PAD
    0x080106cc   0x000000dc   Code   RO         7950    .text               wm_screen2win.o
    0x080107a8   0x00000018   Code   RO         7962    .text               wm_sendmessagenopara.o
    0x080107c0   0x00000028   Code   RO         7974    .text               wm_sendtoparent.o
    0x080107e8   0x0000002e   Code   RO         7998    .text               wm_setcallback.o
    0x08010816   0x00000002   PAD
    0x08010818   0x00000060   Code   RO         8010    .text               wm_setcapture.o
    0x08010878   0x00000098   Code   RO         8022    .text               wm_setcapturemove.o
    0x08010910   0x00000010   Code   RO         8036    .text               wm_setcreateflags.o
    0x08010920   0x00000054   Code   RO         8048    .text               wm_setdesktopcolor.o
    0x08010974   0x000000b0   Code   RO         8060    .text               wm_setfocus.o
    0x08010a24   0x00000098   Code   RO         8072    .text               wm_setfocusonnextchild.o
    0x08010abc   0x0000009e   Code   RO         8120    .text               wm_setscrollbar.o
    0x08010b5a   0x0000001c   Code   RO         8132    .text               wm_setscrollstate.o
    0x08010b76   0x0000004a   Code   RO         8144    .text               wm_setsize.o
    0x08010bc0   0x00000098   Code   RO         8156    .text               wm_settrans.o
    0x08010c58   0x00000020   Code   RO         8180    .text               wm_setusercliprect.o
    0x08010c78   0x0000004a   Code   RO         8192    .text               wm_setxsize.o
    0x08010cc2   0x0000004a   Code   RO         8204    .text               wm_setysize.o
    0x08010d0c   0x00000060   Code   RO         8216    .text               wm_show.o
    0x08010d6c   0x00000008   Code   RO         8300    .text               wmmemdev.o
    0x08010d74   0x0000022c   Code   RO         8312    .text               wmtouch.o
    0x08010fa0   0x00000018   Code   RO         8346    .text               gui_x_touch.o
    0x08010fb8   0x00000110   Code   RO         8361    .text               gui_x_ucos.o
    0x080110c8   0x00000e88   Code   RO         8382    .text               ssd1963_lcd.o
    0x08011f50   0x000008fc   Code   RO         8404    .text               touch.o
    0x0801284c   0x000002e4   Code   RO         8422    .text               panel.o
    0x08012b30   0x00000040   Code   RO         8476    .text               mc_w.l(memmovea.o)(mc_w.l)
    0x08012b70   0x00000010   Code   RO         8482    .text               mc_w.l(strlen.o)(mc_w.l)
    0x08012b80   0x0000001a   Code   RO         8484    .text               mc_w.l(memcmp.o)(mc_w.l)
    0x08012b9a   0x00000012   Code   RO         8486    .text               mc_w.l(strcpy.o)(mc_w.l)
    0x08012bac   0x000000b0   Code   RO         8492    .text               mf_w.l(fadd.o)(mf_w.l)
    0x08012c5c   0x0000006c   Code   RO         8494    .text               mf_w.l(fmul.o)(mf_w.l)
    0x08012cc8   0x00000080   Code   RO         8496    .text               mf_w.l(fdiv.o)(mf_w.l)
    0x08012d48   0x00000012   Code   RO         8504    .text               mf_w.l(fflti.o)(mf_w.l)
    0x08012d5a   0x0000000a   Code   RO         8506    .text               mf_w.l(ffltui.o)(mf_w.l)
    0x08012d64   0x0000001a   Code   RO         8510    .text               mf_w.l(dfltui.o)(mf_w.l)
    0x08012d7e   0x00000032   Code   RO         8512    .text               mf_w.l(ffixi.o)(mf_w.l)
    0x08012db0   0x00000028   Code   RO         8514    .text               mf_w.l(ffixui.o)(mf_w.l)
    0x08012dd8   0x0000002e   Code   RO         8518    .text               mf_w.l(dfixui.o)(mf_w.l)
    0x08012e06   0x0000002c   Code   RO         8520    .text               mf_w.l(f2d.o)(mf_w.l)
    0x08012e32   0x00000002   PAD
    0x08012e34   0x00000028   Code   RO         8522    .text               mf_w.l(cdcmple.o)(mf_w.l)
    0x08012e5c   0x00000028   Code   RO         8524    .text               mf_w.l(cdrcmple.o)(mf_w.l)
    0x08012e84   0x0000001e   Code   RO         8551    .text               mc_w.l(llshl.o)(mc_w.l)
    0x08012ea2   0x00000020   Code   RO         8553    .text               mc_w.l(llushr.o)(mc_w.l)
    0x08012ec2   0x00000000   Code   RO         8564    .text               mc_w.l(iusefp.o)(mc_w.l)
    0x08012ec2   0x00000070   Code   RO         8565    .text               mf_w.l(fepilogue.o)(mf_w.l)
    0x08012f32   0x000000c2   Code   RO         8567    .text               mf_w.l(depilogue.o)(mf_w.l)
    0x08012ff4   0x000000a0   Code   RO         8571    .text               mf_w.l(dsqrt.o)(mf_w.l)
    0x08013094   0x00000024   Code   RO         8579    .text               mc_w.l(init.o)(mc_w.l)
    0x080130b8   0x0000005c   Code   RO         8589    .text               mc_w.l(__dczerorl2.o)(mc_w.l)
    0x08013114   0x0000000e   Code   RO         8583    i.__scatterload_copy  mc_w.l(handlers.o)(mc_w.l)
    0x08013122   0x00000002   Code   RO         8584    i.__scatterload_null  mc_w.l(handlers.o)(mc_w.l)
    0x08013124   0x0000000e   Code   RO         8585    i.__scatterload_zeroinit  mc_w.l(handlers.o)(mc_w.l)
    0x08013132   0x00000002   PAD
    0x08013134   0x0000000c   Code   RO         8559    i.__set_errno       mc_w.l(errno.o)(mc_w.l)
    0x08013140   0x0000004a   Code   RO         8464    i.sqrt              m_ws.l(sqrt.o)(m_ws.l)
    0x0801318a   0x00000108   Data   RO          413    .constdata          dac_sine.o
    0x08013292   0x00000100   Data   RO          462    .constdata          os_core.o
    0x08013392   0x00000002   PAD
    0x08013394   0x00000020   Data   RO         1038    .constdata          gui_cursorarrowm.o
    0x080133b4   0x0000003c   Data   RO         1072    .constdata          gui_cursorarrowmpx.o
    0x080133f0   0x00000018   Data   RO         1320    .constdata          gui_cursorpal.o
    0x08013408   0x00000010   Data   RO         2422    .constdata          gui_uc_encodenone.o
    0x08013418   0x00000044   Data   RO         2491    .constdata          gui2dlib.o
    0x0801345c   0x00000030   Data   RO         2831    .constdata          lcd_api.o
    0x0801348c   0x00000270   Data   RO         3697    .constdata          f4x6.o
    0x080136fc   0x00000734   Data   RO         3715    .constdata          f6x8.o
    0x08013e30   0x00000634   Data   RO         3728    .constdata          f08_1.o
    0x08014464   0x0000061c   Data   RO         3742    .constdata          f08_ascii.o
    0x08014a80   0x00000cf4   Data   RO         3858    .constdata          f8x16.o
    0x08015774   0x00000868   Data   RO         3931    .constdata          f13_1.o
    0x08015fdc   0x00000820   Data   RO         3944    .constdata          f13_ascii.o
    0x080167fc   0x00000a9c   Data   RO         4081    .constdata          f16_ascii.o
    0x08017298   0x0000000c   Data   RO         5480    .constdata          gui_draw_self.o
    0x080172a4   0x00000018   Data   RO         7006    .constdata          widget_effect_3d.o
    0x080172bc   0x00001b66   Data   RO         8383    .constdata          ssd1963_lcd.o
    0x08018e22   0x00000002   PAD
    0x08018e24   0x00000060   Data   RO         8423    .constdata          panel.o
    0x08018e84   0x00000016   Data   RO         8424    .conststring        panel.o
    0x08018e9a   0x00000002   PAD
    0x08018e9c   0x00000020   Data   RO         8581    Region$$Table       anon$$obj.o


    Execution Region RW_IRAM1 (Base: 0x20000000, Size: 0x0000c130, Max: 0x00010000, ABSOLUTE, COMPRESSED[0x000005bc])

    Base Addr    Size         Type   Attr      Idx    E Section Name        Object

    0x20000000   0x00000014   Data   RW           25    .data               system_stm32f10x.o
    0x20000014   0x00000014   Data   RW          254    .data               stm32f10x_rcc.o
    0x20000028   0x00000002   Data   RW          428    .data               os_cpu_c.o
    0x2000002a   0x00000002   PAD
    0x2000002c   0x00000048   Data   RW          463    .data               os_core.o
    0x20000074   0x00000004   Data   RW         1676    .data               gui_fillpolygon.o
    0x20000078   0x00000014   Data   RW         2008    .data               gui_onkey.o
    0x2000008c   0x00000034   Data   RW         2354    .data               gui_touch_driveranalog.o
    0x200000c0   0x00000008   Data   RW         2384    .data               gui_touch_storeunstable.o
    0x200000c8   0x00000001   Data   RW         2507    .data               guialloc.o
    0x200000c9   0x00000003   PAD
    0x200000cc   0x0000001c   Data   RW         2611    .data               guicore.o
    0x200000e8   0x00000030   Data   RW         2630    .data               guicurs.o
    0x20000118   0x0000000c   Data   RW         2743    .data               guitask.o
    0x20000124   0x00000004   Data   RW         2832    .data               lcd_api.o
    0x20000128   0x00000020   Data   RW         4430    .data               button.o
    0x20000148   0x00000004   Data   RW         4809    .data               dialog.o
    0x2000014c   0x00000020   Data   RW         4850    .data               dropdown.o
    0x2000016c   0x00000022   Data   RW         5145    .data               framewin.o
    0x2000018e   0x00000002   PAD
    0x20000190   0x00000028   Data   RW         5672    .data               listbox.o
    0x200001b8   0x00000014   Data   RW         6476    .data               multiedit.o
    0x200001cc   0x00000012   Data   RW         6770    .data               scrollbar.o
    0x200001de   0x00000002   PAD
    0x200001e0   0x00000004   Data   RW         6991    .data               widget.o
    0x200001e4   0x00000031   Data   RW         7169    .data               wm.o
    0x20000215   0x00000001   PAD
    0x20000216   0x00000004   Data   RW         8023    .data               wm_setcapturemove.o
    0x2000021a   0x00000002   PAD
    0x2000021c   0x00000010   Data   RW         8313    .data               wmtouch.o
    0x2000022c   0x00000011   Data   RW         8362    .data               gui_x_ucos.o
    0x2000023d   0x00000001   PAD
    0x2000023e   0x00000226   Data   RW         8384    .data               ssd1963_lcd.o
    0x20000464   0x000006b4   Data   RW         8425    .data               panel.o
    0x20000b18   0x00000004   Data   RW         8560    .data               mc_w.l(errno.o)(mc_w.l)
    0x20000b1c   0x00005f00   Zero   RW          122    .bss                main.o
    0x20006a1c   0x00000210   Zero   RW          412    .bss                dac_sine.o
    0x20006c2c   0x00000fe8   Zero   RW          461    .bss                os_core.o
    0x20007c14   0x00000018   Zero   RW         1675    .bss                gui_fillpolygon.o
    0x20007c2c   0x0000000c   Zero   RW         2043    .bss                gui_pid.o
    0x20007c38   0x0000000c   Zero   RW         2340    .bss                gui_touch.o
    0x20007c44   0x0000000c   Zero   RW         2371    .bss                gui_touch_storestate.o
    0x20007c50   0x00003d28   Zero   RW         2506    .bss                guialloc.o
    0x2000b978   0x00000048   Zero   RW         2610    .bss                guicore.o
    0x2000b9c0   0x00000130   Zero   RW         2742    .bss                guitask.o
    0x2000baf0   0x00000200   Zero   RW         3181    .bss                lcdcolor.o
    0x2000bcf0   0x00000024   Zero   RW         7168    .bss                wm.o
    0x2000bd14   0x00000018   Zero   RW         8405    .bss                touch.o
    0x2000bd2c   0x00000004   PAD
    0x2000bd30   0x00000400   Zero   RW            1    STACK               startup_stm32f10x_hd.o


==============================================================================

Image component sizes


      Code (inc. data)   RO Data    RW Data    ZI Data      Debug   Object Name

       920          6          0         32          0          0   button.o
        64          0          0          0          0          0   button__setbitmapobj.o
        92          0          0          0          0          0   button_create.o
        66          0          0          0          0          0   button_selfdraw.o
         0          0          0          0          0          0   core_cm3.o
       296         20        264          0        528          0   dac_sine.o
       312          6          0          4          0          0   dialog.o
      1948         16          0         32          0          0   dropdown.o
        72          0          0          0          0          0   dropdown_createindirect.o
        76          0          0          0          0          0   dropdown_setautoscroll.o
         0          0       1588          0          0          0   f08_1.o
         0          0       1564          0          0          0   f08_ascii.o
         0          0       2152          0          0          0   f13_1.o
         0          0       2080          0          0          0   f13_ascii.o
         0          0       2716          0          0          0   f16_ascii.o
         0          0        624          0          0          0   f4x6.o
         0          0       1844          0          0          0   f6x8.o
         0          0       3316          0          0          0   f8x16.o
      1984         20          0         34          0          0   framewin.o
       254          0          0          0          0          0   framewin__updatebuttons.o
       130          0          0          0          0          0   framewin_button.o
       252         12          0          0          0          0   framewin_buttonclose.o
        78          0          0          0          0          0   framewin_createindirect.o
       124          0          0          0          0          0   framewin_get.o
       204          0          0          0          0          0   framewin_setcolors.o
        62          0          0          0          0          0   framewin_setfont.o
      2056         20         68          0          0          0   gui2dlib.o
         0          0          0          0          0          0   gui__addspacehex.o
       196          0          0          0          0          0   gui__calctextrect.o
        26          0          0          0          0          0   gui__divideround.o
        20          4          0          0          0          0   gui__getfontsizey.o
        26          0          0          0          0          0   gui__getnumchars.o
        24          0          0          0          0          0   gui__handleeoline.o
        66          0          0          0          0          0   gui__intersectrect.o
       144          0          0          0          0          0   gui__intersectrects.o
        84          0          0          0          0          0   gui__memset.o
        34          0          0          0          0          0   gui__reducerect.o
        80          0          0          0          0          0   gui__settext.o
        80          4          0          0          0          0   gui__strcmp.o
        22          0          0          0          0          0   gui__strlen.o
       342          0          0          0          0          0   gui__wrap.o
        72          0          0          0          0          0   gui_alloc_allocinit.o
        42          0          0          0          0          0   gui_alloc_alloczero.o
       428          0          0          0          0          0   gui_array.o
        26          0          0          0          0          0   gui_clearrectex.o
         0          0         32          0          0          0   gui_cursorarrowm.o
         0          0         60          0          0          0   gui_cursorarrowmpx.o
         0          0         24          0          0          0   gui_cursorpal.o
       208          6          0          0          0          0   gui_dispchar.o
        22          0          0          0          0          0   gui_dispchars.o
       328          4          0          0          0          0   gui_dispstring.o
        40          6          0          0          0          0   gui_dispstringat.o
       480          6          0          0          0          0   gui_dispstringinrect.o
        94          0          0          0          0          0   gui_draw.o
       100          4         12          0          0          0   gui_draw_self.o
       196          4          0          0          0          0   gui_drawfocusrect.o
        92          6          0          0          0          0   gui_drawhline.o
        92          6          0          0          0          0   gui_drawvline.o
        56          4          0          0          0          0   gui_exec.o
       816         12          0          4         24          0   gui_fillpolygon.o
       108          6          0          0          0          0   gui_fillrect.o
        26          0          0          0          0          0   gui_fillrectex.o
       170          0          0          0          0          0   gui_getbitmappixelindex.o
        18          0          0          0          0          0   gui_getclientrect.o
        92          0          0          0          0          0   gui_getcolor.o
        20          0          0          0          0          0   gui_getfontsizey.o
        22          0          0          0          0          0   gui_getstringdistx.o
        20          0          0          0          0          0   gui_getysizeoffont.o
       112          6          0          0          0          0   gui_goto.o
       120          4          0          0          0          0   gui_invertrect.o
       138          0          0          0          0          0   gui_mergerect.o
        36          0          0          0          0          0   gui_moverect.o
       152         12          0         20          0          0   gui_onkey.o
        84          4          0          0          0          0   gui_pen.o
        72         12          0          0         12          0   gui_pid.o
        58          0          0          0          0          0   gui_rectsintersect.o
        36          4          0          0          0          0   gui_savecontext.o
        40          0          0          0          0          0   gui_setcolor.o
        76          6          0          0          0          0   gui_setdefault.o
        24          0          0          0          0          0   gui_setdrawmode.o
        32          6          0          0          0          0   gui_setfont.o
        28          6          0          0          0          0   gui_setlinestyle.o
        32          4          0          0          0          0   gui_settextalign.o
        32          4          0          0          0          0   gui_settextmode.o
        60          4          0          0         12          0   gui_touch.o
       596         40          0         52          0          0   gui_touch_driveranalog.o
        48          6          0          0         12          0   gui_touch_storestate.o
        88          8          0          8          0          0   gui_touch_storeunstable.o
       232          6          0          0          0          0   gui_uc.o
        56          8         16          0          0          0   gui_uc_encodenone.o
        24          0          0          0          0          0   gui_x_touch.o
       272         26          0         17          0          0   gui_x_ucos.o
       976         16          0          1      15656          0   guialloc.o
       232         10          0          0          0          0   guichar.o
       432         14          0          0          0          0   guicharline.o
       472          6          0          0          0          0   guicharm.o
       392          6          0          0          0          0   guicharp.o
      1036          4          0          0          0          0   guicirc.o
       268         16          0         28         72          0   guicore.o
      1596         86          0         48          0          0   guicurs.o
        88          0          0          0          0          0   guirealloc.o
       328         20          0         12        304          0   guitask.o
      1096         12          0          0          0          0   lcd.o
         0          0         48          4          0          0   lcd_api.o
        88          4          0          0          0          0   lcd_drawvline.o
        16          4          0          0          0          0   lcd_getcolorindex.o
        54          0          0          0          0          0   lcd_l0_generic.o
        28          6          0          0          0          0   lcd_setcliprectex.o
        84          4          0          0        512          0   lcdcolor.o
      1664         10          0          0          0          0   lcddummy.o
        32          0          0          0          0          0   lcdpm565.o
        56          0          0          0          0          0   lcdpm565_index2color.o
      3520          8          0         40          0          0   listbox.o
       100          0          0          0          0          0   listbox_create.o
         0          0          0          0          0          0   listbox_default.o
        68          0          0          0          0          0   listbox_font.o
        76          0          0          0          0          0   listbox_itemspacing.o
       128          0          0          0          0          0   listbox_setautoscroll.o
        50          0          0          0          0          0   listbox_setbkcolor.o
        38          0          0          0          0          0   listbox_setowner.o
        52          0          0          0          0          0   listbox_setscrollbarwidth.o
        62          0          0          0          0          0   listbox_settextcolor.o
       244         64          0          0      24320          0   main.o
      6288         28          0         20          0          0   multiedit.o
        80          0          0          0          0          0   multiedit_createindirect.o
      1920        156        256         72       4072          0   os_core.o
       164         32          0          0          0          0   os_cpu_a.o
       180          4          0          2          0          0   os_cpu_c.o
      1098         18          0          0          0          0   os_mbox.o
       648         14          0          0          0          0   os_mem.o
      1632         28          0          0          0          0   os_q.o
      1032         16          0          0          0          0   os_sem.o
      1452         60          0          0          0          0   os_task.o
       164         20          0          0          0          0   os_time.o
      1880        114          0          0          0          0   os_tmr.o
       740        106        118       1716          0          0   panel.o
      1952         18          0         18          0          0   scrollbar.o
       112          0          0          0          0          0   scrollbar_create.o
       104         12          0          0          0          0   scrollbar_defaults.o
        38          0          0          0          0          0   scrollbar_setwidth.o
      3720         46       7014        550          0          0   ssd1963_lcd.o
        36          8        304          0       1024          0   startup_stm32f10x_hd.o
       424         14          0          0          0          0   stm32f10x_dac.o
       584         20          0          0          0          0   stm32f10x_dma.o
       316         28          0          0          0          0   stm32f10x_exti.o
      1560         54          0          0          0          0   stm32f10x_fsmc.o
       856         40          0          0          0          0   stm32f10x_gpio.o
       180          4          0          0          0          0   stm32f10x_it.o
       932         52          0         20          0          0   stm32f10x_rcc.o
       784         12          0          0          0          0   stm32f10x_spi.o
      3502         86          0          0          0          0   stm32f10x_tim.o
       456         36          0         20          0          0   system_stm32f10x.o
       100         10          0          0          0          0   systick.o
        56          0          0          0          0          0   text_setbkcolor.o
        36          0          0          0          0          0   text_setfont.o
        46          0          0          0          0          0   text_settext.o
      2300         86          0          0         24          0   touch.o
      1188          6          0          4          0          0   widget.o
       428         18         24          0          0          0   widget_effect_3d.o
       280          6          0          0          0          0   widget_fillstringinrect.o
        64          0          0          0          0          0   widget_setwidth.o
      4180        170          0         49         36          0   wm.o
        60          0          0          0          0          0   wm__foreachdesc.o
        32          0          0          0          0          0   wm__getfirstsibling.o
        36          6          0          0          0          0   wm__getfocussedchild.o
        54          0          0          0          0          0   wm__getprevsibling.o
        78          0          0          0          0          0   wm__isancestor.o
        40          0          0          0          0          0   wm__ischild.o
        26          0          0          0          0          0   wm__isenabled.o
        36          0          0          0          0          0   wm__sendmessage.o
        24          0          0          0          0          0   wm__sendmessageifenabled.o
        40          0          0          0          0          0   wm__sendmessagenopara.o
       390          0          0          0          0          0   wm__updatechildpositions.o
        80          0          0          0          0          0   wm_bringtobottom.o
       144          6          0          0          0          0   wm_bringtotop.o
       118          0          0          0          0          0   wm_checkscrollpos.o
        80          4          0          0          0          0   wm_criticalhandle.o
        28          0          0          0          0          0   wm_foreachdesc.o
        28          0          0          0          0          0   wm_getbkcolor.o
        88          8          0          0          0          0   wm_getclientrect.o
        26          0          0          0          0          0   wm_getclientwindow.o
        12          4          0          0          0          0   wm_getdesktopwindow.o
       106          0          0          0          0          0   wm_getdialogitem.o
        28          0          0          0          0          0   wm_getfirstchild.o
        28          0          0          0          0          0   wm_getflags.o
        20          0          0          0          0          0   wm_getid.o
        44          4          0          0          0          0   wm_getinsiderect.o
       192          0          0          0          0          0   wm_getinsiderectexscrollbar.o
        28          0          0          0          0          0   wm_getparent.o
        28          0          0          0          0          0   wm_getscrollbar.o
        42          0          0          0          0          0   wm_getscrollpartner.o
        22          0          0          0          0          0   wm_getscrollstate.o
       104          8          0          0          0          0   wm_getwindowrect.o
       128          0          0          0          0          0   wm_getwindowsize.o
        24          4          0          0          0          0   wm_hascaptured.o
        24          4          0          0          0          0   wm_hasfocus.o
        56          0          0          0          0          0   wm_hide.o
        32          0          0          0          0          0   wm_isfocussable.o
        24          0          0          0          0          0   wm_iswindow.o
       272          0          0          0          0          0   wm_move.o
        88          0          0          0          0          0   wm_movechildto.o
        22          0          0          0          0          0   wm_notifyparent.o
        64          6          0          0          0          0   wm_onkey.o
       242          0          0          0          0          0   wm_resizewindow.o
       220          6          0          0          0          0   wm_screen2win.o
        24          0          0          0          0          0   wm_sendmessagenopara.o
        40          0          0          0          0          0   wm_sendtoparent.o
        46          0          0          0          0          0   wm_setcallback.o
        96          8          0          0          0          0   wm_setcapture.o
       152          4          0          4          0          0   wm_setcapturemove.o
        16          6          0          0          0          0   wm_setcreateflags.o
        84         10          0          0          0          0   wm_setdesktopcolor.o
       176          4          0          0          0          0   wm_setfocus.o
       152          0          0          0          0          0   wm_setfocusonnextchild.o
       158          0          0          0          0          0   wm_setscrollbar.o
        28          0          0          0          0          0   wm_setscrollstate.o
        74          0          0          0          0          0   wm_setsize.o
       152          6          0          0          0          0   wm_settrans.o
        32          6          0          0          0          0   wm_setusercliprect.o
        74          0          0          0          0          0   wm_setxsize.o
        74          0          0          0          0          0   wm_setysize.o
        96          0          0          0          0          0   wm_show.o
         8          0          0          0          0          0   wmmemdev.o
       556         22          0         16          0          0   wmtouch.o

    ----------------------------------------------------------------------
     76268       2076      24162       2840      46612          0   Object Totals
         0          0         32          0          0          0   (incl. Generated)
        34          0          6         13          4          3   (incl. Padding)

    ----------------------------------------------------------------------

      Code (inc. data)   RO Data    RW Data    ZI Data      Debug   Library Member Name

        74          0          0          0          0          0   sqrt.o
        92          0          0          0          0          0   __dczerorl2.o
         0          0          0          0          0          0   entry.o
         8          4          0          0          0          0   entry2.o
         4          0          0          0          0          0   entry5.o
         8          4          0          0          0          0   entry7.o
        12          6          0          4          0          0   errno.o
        30          0          0          0          0          0   handlers.o
        36          8          0          0          0          0   init.o
         0          0          0          0          0          0   iusefp.o
        30          0          0          0          0          0   llshl.o
        32          0          0          0          0          0   llushr.o
        26          0          0          0          0          0   memcmp.o
        64          0          0          0          0          0   memmovea.o
        18          0          0          0          0          0   strcpy.o
        16          0          0          0          0          0   strlen.o
        40          2          0          0          0          0   cdcmple.o
        40          2          0          0          0          0   cdrcmple.o
       194          0          0          0          0          0   depilogue.o
        46          0          0          0          0          0   dfixui.o
        26          0          0          0          0          0   dfltui.o
       160          0          0          0          0          0   dsqrt.o
        44          0          0          0          0          0   f2d.o
       176          0          0          0          0          0   fadd.o
       128          0          0          0          0          0   fdiv.o
       112          0          0          0          0          0   fepilogue.o
        50          0          0          0          0          0   ffixi.o
        40          0          0          0          0          0   ffixui.o
        18          0          0          0          0          0   fflti.o
        10          0          0          0          0          0   ffltui.o
       108          0          0          0          0          0   fmul.o

    ----------------------------------------------------------------------
      1646         26          0          4          0          0   Library Totals
         4          0          0          0          0          0   (incl. Padding)

    ----------------------------------------------------------------------

      Code (inc. data)   RO Data    RW Data    ZI Data      Debug   Library Name

        74          0          0          0          0         84   m_ws.l
       376         22          0          4          0        564   mc_w.l
      1192          4          0          0          0       1376   mf_w.l

    ----------------------------------------------------------------------
      1646         26          0          4          0          0   Library Totals

    ----------------------------------------------------------------------

==============================================================================


      Code (inc. data)   RO Data    RW Data    ZI Data      Debug   

     77914       2102      24162       2844      46612     878820   Grand Totals
     77914       2102      24162       1468      46612     878820   ELF Image Totals (compressed)
     77914       2102      24162       1468          0          0   ROM Totals

==============================================================================

    Total RO  Size (Code + RO Data)               102076 (  99.68kB)
    Total RW  Size (RW Data + ZI Data)             49456 (  48.30kB)
    Total ROM Size (Code + RO Data + RW Data)     103544 ( 101.12kB)

==============================================================================

