<!doctype html public "-//w3c//dtd html 4.0 transitional//en">
<html><head>
<title>Static Call Graph - [.\Obj\Test.axf]</title></head>
<body><HR>
<H1>Static Call Graph for image .\Obj\Test.axf</H1><HR>
<BR><P>#&#060CALLGRAPH&#062# ARM Linker, 4.1 [Build 481]: Last Updated: Sun Oct 09 17:51:44 2016
<BR><P>
<H3>Maximum Stack Usage =        752 bytes + Unknown(Functions without stacksize, Cycles, Untraceable Function Pointers)</H3><H3>
Call chain for Maximum Stack Depth:</H3>
_cbCallback &rArr; InitDialog &rArr; DROPDOWN_SetFont &rArr; DROPDOWN_Expand &rArr; LISTBOX_CreateAsChild &rArr; LISTBOX_CreateEx &rArr; LISTBOX_SetText &rArr; LISTBOX_AddString &rArr; LISTBOX_UpdateScrollers &rArr; _CalcScrollParas &rArr; _UpdateScrollPos &rArr; _IsPartiallyVis &rArr; _GetItemPosY &rArr; _GetItemSizeY &rArr; _CallOwnerDraw &rArr; LISTBOX_OwnerDraw &rArr; GUI_DispStringAt &rArr; GUI_DispString &rArr; GUI__DispLine &rArr; WM__InitIVRSearch &rArr; WM__GetNextIVR &rArr; _FindNext_IVR &rArr; _Findx0 &rArr;  _Findx0 (Cycle)
<P>
<H3>
Functions with no stack information
</H3><UL>
 <LI><a href="#[94]">OS_CPU_SR_Save</a>
 <LI><a href="#[95]">OS_CPU_SR_Restore</a>
 <LI><a href="#[d7]">OSStartHighRdy</a>
 <LI><a href="#[db]">OSCtxSw</a>
 <LI><a href="#[d6]">OSIntCtxSw</a>
 <LI><a href="#[8]">PendSV_Handler</a>
</UL>
</UL>
<P>
<H3>
Mutually Recursive functions
</H3> <LI><a href="#[1f]">CAN1_RX1_IRQHandler</a>&nbsp;&nbsp;&nbsp;&rArr;&nbsp;&nbsp;&nbsp;<a href="#[1f]">CAN1_RX1_IRQHandler</a><BR>
 <LI><a href="#[36e]">WM__ForEachDesc</a>&nbsp;&nbsp;&nbsp;&rArr;&nbsp;&nbsp;&nbsp;<a href="#[36f]">WM_ForEachDesc</a><BR>
 <LI><a href="#[278]">WM_ResizeWindow</a>&nbsp;&nbsp;&nbsp;&rArr;&nbsp;&nbsp;&nbsp;<a href="#[332]">WM__UpdateChildPositions</a><BR>
 <LI><a href="#[381]">_MoveDescendents</a>&nbsp;&nbsp;&nbsp;&rArr;&nbsp;&nbsp;&nbsp;<a href="#[381]">_MoveDescendents</a><BR>
 <LI><a href="#[35c]">_Findx1</a>&nbsp;&nbsp;&nbsp;&rArr;&nbsp;&nbsp;&nbsp;<a href="#[35c]">_Findx1</a><BR>
 <LI><a href="#[35b]">_Findx0</a>&nbsp;&nbsp;&nbsp;&rArr;&nbsp;&nbsp;&nbsp;<a href="#[35b]">_Findx0</a><BR>
 <LI><a href="#[35a]">_Findy1</a>&nbsp;&nbsp;&nbsp;&rArr;&nbsp;&nbsp;&nbsp;<a href="#[35a]">_Findy1</a><BR>
 <LI><a href="#[357]">_DeleteAllChildren</a>&nbsp;&nbsp;&nbsp;&rArr;&nbsp;&nbsp;&nbsp;<a href="#[22b]">WM_DeleteWindow</a><BR>
 <LI><a href="#[379]">_GetDialogItem</a>&nbsp;&nbsp;&nbsp;&rArr;&nbsp;&nbsp;&nbsp;<a href="#[379]">_GetDialogItem</a><BR>
 <LI><a href="#[385]">_Screen2hWin</a>&nbsp;&nbsp;&nbsp;&rArr;&nbsp;&nbsp;&nbsp;<a href="#[385]">_Screen2hWin</a><BR>
 <LI><a href="#[364]">_PaintTransChildren</a>&nbsp;&nbsp;&nbsp;&rArr;&nbsp;&nbsp;&nbsp;<a href="#[364]">_PaintTransChildren</a><BR>
 <LI><a href="#[395]">WM_InvalidateWindowDescs</a>&nbsp;&nbsp;&nbsp;&rArr;&nbsp;&nbsp;&nbsp;<a href="#[395]">WM_InvalidateWindowDescs</a><BR>
</UL>
<P>
<H3>
Function Pointers
</H3><UL>
 <LI><a href="#[0]">Reset_Handler</a> from startup_stm32f10x_hd.o(.text) referenced from startup_stm32f10x_hd.o(RESET)
 <LI><a href="#[1]">NMI_Handler</a> from stm32f10x_it.o(.text) referenced from startup_stm32f10x_hd.o(RESET)
 <LI><a href="#[2]">HardFault_Handler</a> from stm32f10x_it.o(.text) referenced from startup_stm32f10x_hd.o(RESET)
 <LI><a href="#[3]">MemManage_Handler</a> from stm32f10x_it.o(.text) referenced from startup_stm32f10x_hd.o(RESET)
 <LI><a href="#[4]">BusFault_Handler</a> from stm32f10x_it.o(.text) referenced from startup_stm32f10x_hd.o(RESET)
 <LI><a href="#[5]">UsageFault_Handler</a> from stm32f10x_it.o(.text) referenced from startup_stm32f10x_hd.o(RESET)
 <LI><a href="#[6]">SVC_Handler</a> from stm32f10x_it.o(.text) referenced from startup_stm32f10x_hd.o(RESET)
 <LI><a href="#[7]">DebugMon_Handler</a> from stm32f10x_it.o(.text) referenced from startup_stm32f10x_hd.o(RESET)
 <LI><a href="#[8]">PendSV_Handler</a> from os_cpu_a.o(.text) referenced from startup_stm32f10x_hd.o(RESET)
 <LI><a href="#[9]">SysTick_Handler</a> from stm32f10x_it.o(.text) referenced from startup_stm32f10x_hd.o(RESET)
 <LI><a href="#[a]">WWDG_IRQHandler</a> from stm32f10x_it.o(.text) referenced from startup_stm32f10x_hd.o(RESET)
 <LI><a href="#[b]">PVD_IRQHandler</a> from stm32f10x_it.o(.text) referenced from startup_stm32f10x_hd.o(RESET)
 <LI><a href="#[c]">TAMPER_IRQHandler</a> from stm32f10x_it.o(.text) referenced from startup_stm32f10x_hd.o(RESET)
 <LI><a href="#[d]">RTC_IRQHandler</a> from stm32f10x_it.o(.text) referenced from startup_stm32f10x_hd.o(RESET)
 <LI><a href="#[e]">FLASH_IRQHandler</a> from stm32f10x_it.o(.text) referenced from startup_stm32f10x_hd.o(RESET)
 <LI><a href="#[f]">RCC_IRQHandler</a> from stm32f10x_it.o(.text) referenced from startup_stm32f10x_hd.o(RESET)
 <LI><a href="#[10]">EXTI0_IRQHandler</a> from stm32f10x_it.o(.text) referenced from startup_stm32f10x_hd.o(RESET)
 <LI><a href="#[11]">EXTI1_IRQHandler</a> from stm32f10x_it.o(.text) referenced from startup_stm32f10x_hd.o(RESET)
 <LI><a href="#[12]">EXTI2_IRQHandler</a> from stm32f10x_it.o(.text) referenced from startup_stm32f10x_hd.o(RESET)
 <LI><a href="#[13]">EXTI3_IRQHandler</a> from stm32f10x_it.o(.text) referenced from startup_stm32f10x_hd.o(RESET)
 <LI><a href="#[14]">EXTI4_IRQHandler</a> from stm32f10x_it.o(.text) referenced from startup_stm32f10x_hd.o(RESET)
 <LI><a href="#[15]">DMA1_Channel1_IRQHandler</a> from stm32f10x_it.o(.text) referenced from startup_stm32f10x_hd.o(RESET)
 <LI><a href="#[16]">DMA1_Channel2_IRQHandler</a> from stm32f10x_it.o(.text) referenced from startup_stm32f10x_hd.o(RESET)
 <LI><a href="#[17]">DMA1_Channel3_IRQHandler</a> from stm32f10x_it.o(.text) referenced from startup_stm32f10x_hd.o(RESET)
 <LI><a href="#[18]">DMA1_Channel4_IRQHandler</a> from stm32f10x_it.o(.text) referenced from startup_stm32f10x_hd.o(RESET)
 <LI><a href="#[19]">DMA1_Channel5_IRQHandler</a> from stm32f10x_it.o(.text) referenced from startup_stm32f10x_hd.o(RESET)
 <LI><a href="#[1a]">DMA1_Channel6_IRQHandler</a> from stm32f10x_it.o(.text) referenced from startup_stm32f10x_hd.o(RESET)
 <LI><a href="#[1b]">DMA1_Channel7_IRQHandler</a> from stm32f10x_it.o(.text) referenced from startup_stm32f10x_hd.o(RESET)
 <LI><a href="#[1c]">ADC1_2_IRQHandler</a> from stm32f10x_it.o(.text) referenced from startup_stm32f10x_hd.o(RESET)
 <LI><a href="#[1d]">USB_HP_CAN1_TX_IRQHandler</a> from startup_stm32f10x_hd.o(.text) referenced from startup_stm32f10x_hd.o(RESET)
 <LI><a href="#[1e]">USB_LP_CAN1_RX0_IRQHandler</a> from startup_stm32f10x_hd.o(.text) referenced from startup_stm32f10x_hd.o(RESET)
 <LI><a href="#[1f]">CAN1_RX1_IRQHandler</a> from startup_stm32f10x_hd.o(.text) referenced from startup_stm32f10x_hd.o(RESET)
 <LI><a href="#[20]">CAN1_SCE_IRQHandler</a> from startup_stm32f10x_hd.o(.text) referenced from startup_stm32f10x_hd.o(RESET)
 <LI><a href="#[21]">EXTI9_5_IRQHandler</a> from stm32f10x_it.o(.text) referenced from startup_stm32f10x_hd.o(RESET)
 <LI><a href="#[22]">TIM1_BRK_IRQHandler</a> from stm32f10x_it.o(.text) referenced from startup_stm32f10x_hd.o(RESET)
 <LI><a href="#[23]">TIM1_UP_IRQHandler</a> from stm32f10x_it.o(.text) referenced from startup_stm32f10x_hd.o(RESET)
 <LI><a href="#[24]">TIM1_TRG_COM_IRQHandler</a> from stm32f10x_it.o(.text) referenced from startup_stm32f10x_hd.o(RESET)
 <LI><a href="#[25]">TIM1_CC_IRQHandler</a> from stm32f10x_it.o(.text) referenced from startup_stm32f10x_hd.o(RESET)
 <LI><a href="#[26]">TIM2_IRQHandler</a> from stm32f10x_it.o(.text) referenced from startup_stm32f10x_hd.o(RESET)
 <LI><a href="#[27]">TIM3_IRQHandler</a> from stm32f10x_it.o(.text) referenced from startup_stm32f10x_hd.o(RESET)
 <LI><a href="#[28]">TIM4_IRQHandler</a> from stm32f10x_it.o(.text) referenced from startup_stm32f10x_hd.o(RESET)
 <LI><a href="#[29]">I2C1_EV_IRQHandler</a> from stm32f10x_it.o(.text) referenced from startup_stm32f10x_hd.o(RESET)
 <LI><a href="#[2a]">I2C1_ER_IRQHandler</a> from stm32f10x_it.o(.text) referenced from startup_stm32f10x_hd.o(RESET)
 <LI><a href="#[2b]">I2C2_EV_IRQHandler</a> from stm32f10x_it.o(.text) referenced from startup_stm32f10x_hd.o(RESET)
 <LI><a href="#[2c]">I2C2_ER_IRQHandler</a> from stm32f10x_it.o(.text) referenced from startup_stm32f10x_hd.o(RESET)
 <LI><a href="#[2d]">SPI1_IRQHandler</a> from stm32f10x_it.o(.text) referenced from startup_stm32f10x_hd.o(RESET)
 <LI><a href="#[2e]">SPI2_IRQHandler</a> from stm32f10x_it.o(.text) referenced from startup_stm32f10x_hd.o(RESET)
 <LI><a href="#[2f]">USART1_IRQHandler</a> from stm32f10x_it.o(.text) referenced from startup_stm32f10x_hd.o(RESET)
 <LI><a href="#[30]">USART2_IRQHandler</a> from stm32f10x_it.o(.text) referenced from startup_stm32f10x_hd.o(RESET)
 <LI><a href="#[31]">USART3_IRQHandler</a> from stm32f10x_it.o(.text) referenced from startup_stm32f10x_hd.o(RESET)
 <LI><a href="#[32]">EXTI15_10_IRQHandler</a> from stm32f10x_it.o(.text) referenced from startup_stm32f10x_hd.o(RESET)
 <LI><a href="#[33]">RTCAlarm_IRQHandler</a> from stm32f10x_it.o(.text) referenced from startup_stm32f10x_hd.o(RESET)
 <LI><a href="#[34]">USBWakeUp_IRQHandler</a> from stm32f10x_it.o(.text) referenced from startup_stm32f10x_hd.o(RESET)
 <LI><a href="#[35]">TIM8_BRK_IRQHandler</a> from stm32f10x_it.o(.text) referenced from startup_stm32f10x_hd.o(RESET)
 <LI><a href="#[36]">TIM8_UP_IRQHandler</a> from stm32f10x_it.o(.text) referenced from startup_stm32f10x_hd.o(RESET)
 <LI><a href="#[37]">TIM8_TRG_COM_IRQHandler</a> from stm32f10x_it.o(.text) referenced from startup_stm32f10x_hd.o(RESET)
 <LI><a href="#[38]">TIM8_CC_IRQHandler</a> from stm32f10x_it.o(.text) referenced from startup_stm32f10x_hd.o(RESET)
 <LI><a href="#[39]">ADC3_IRQHandler</a> from stm32f10x_it.o(.text) referenced from startup_stm32f10x_hd.o(RESET)
 <LI><a href="#[3a]">FSMC_IRQHandler</a> from stm32f10x_it.o(.text) referenced from startup_stm32f10x_hd.o(RESET)
 <LI><a href="#[3b]">SDIO_IRQHandler</a> from stm32f10x_it.o(.text) referenced from startup_stm32f10x_hd.o(RESET)
 <LI><a href="#[3c]">TIM5_IRQHandler</a> from stm32f10x_it.o(.text) referenced from startup_stm32f10x_hd.o(RESET)
 <LI><a href="#[3d]">SPI3_IRQHandler</a> from stm32f10x_it.o(.text) referenced from startup_stm32f10x_hd.o(RESET)
 <LI><a href="#[3e]">UART4_IRQHandler</a> from stm32f10x_it.o(.text) referenced from startup_stm32f10x_hd.o(RESET)
 <LI><a href="#[3f]">UART5_IRQHandler</a> from stm32f10x_it.o(.text) referenced from startup_stm32f10x_hd.o(RESET)
 <LI><a href="#[40]">TIM6_IRQHandler</a> from stm32f10x_it.o(.text) referenced from startup_stm32f10x_hd.o(RESET)
 <LI><a href="#[41]">TIM7_IRQHandler</a> from stm32f10x_it.o(.text) referenced from startup_stm32f10x_hd.o(RESET)
 <LI><a href="#[42]">DMA2_Channel1_IRQHandler</a> from stm32f10x_it.o(.text) referenced from startup_stm32f10x_hd.o(RESET)
 <LI><a href="#[43]">DMA2_Channel2_IRQHandler</a> from stm32f10x_it.o(.text) referenced from startup_stm32f10x_hd.o(RESET)
 <LI><a href="#[44]">DMA2_Channel3_IRQHandler</a> from stm32f10x_it.o(.text) referenced from startup_stm32f10x_hd.o(RESET)
 <LI><a href="#[45]">DMA2_Channel4_5_IRQHandler</a> from stm32f10x_it.o(.text) referenced from startup_stm32f10x_hd.o(RESET)
 <LI><a href="#[46]">main</a> from main.o(.text) referenced from entry7.o(.ARM.Collect$$$$00000007)
 <LI><a href="#[47]">SystemInit</a> from system_stm32f10x.o(.text) referenced from startup_stm32f10x_hd.o(.text)
 <LI><a href="#[48]">__main</a> from entry.o(.ARM.Collect$$$$00000000) referenced from startup_stm32f10x_hd.o(.text)
 <LI><a href="#[49]">PanelTask</a> from main.o(.text) referenced from main.o(.text)
 <LI><a href="#[4a]">TouchTask</a> from main.o(.text) referenced from main.o(.text)
 <LI><a href="#[4b]">startup_task</a> from main.o(.text) referenced from main.o(.text)
 <LI><a href="#[4c]">OSTaskSwHook</a> from os_cpu_c.o(.text) referenced from os_cpu_a.o(.text)
 <LI><a href="#[4d]">OSTmr_Task</a> from os_tmr.o(.text) referenced from os_tmr.o(.text)
 <LI><a href="#[4e]">WM_HandlePID</a> from wmtouch.o(.text) referenced from gui_pid.o(.text)
 <LI><a href="#[4f]">_TempHide</a> from guicurs.o(.text) referenced from guicurs.o(.text)
 <LI><a href="#[50]">_TempUnhide</a> from guicurs.o(.text) referenced from guicurs.o(.text)
 <LI><a href="#[51]">_DROPDOWN_Callback</a> from dropdown.o(.text) referenced from dropdown.o(.text)
 <LI><a href="#[52]">_FRAMEWIN_Callback</a> from framewin.o(.text) referenced from framewin.o(.text)
 <LI><a href="#[53]">FRAMEWIN__cbClient</a> from framewin.o(.text) referenced from framewin.o(.text)
 <LI><a href="#[54]">_Draw</a> from framewin_buttonclose.o(.text) referenced from framewin_buttonclose.o(.text)
 <LI><a href="#[55]">_cbClose</a> from framewin_buttonclose.o(.text) referenced from framewin_buttonclose.o(.text)
 <LI><a href="#[56]">_LISTBOX_Callback</a> from listbox.o(.text) referenced from listbox.o(.text)
 <LI><a href="#[57]">_MULTIEDIT_Callback</a> from multiedit.o(.text) referenced from multiedit.o(.text)
 <LI><a href="#[58]">_SCROLLBAR_Callback</a> from scrollbar.o(.text) referenced from scrollbar.o(.text)
 <LI><a href="#[59]">cbBackWin</a> from wm.o(.text) referenced from wm.o(.text)
 <LI><a href="#[5a]">_cbInvalidateOne</a> from wm_bringtotop.o(.text) referenced from wm_bringtotop.o(.text)
 <LI><a href="#[5b]">_cbCallback</a> from panel.o(.text) referenced from panel.o(.text)
 <LI><a href="#[5c]">_GetCharCode</a> from gui_uc_encodenone.o(.text) referenced from gui_uc_encodenone.o(.constdata)
 <LI><a href="#[5d]">_GetCharSize</a> from gui_uc_encodenone.o(.text) referenced from gui_uc_encodenone.o(.constdata)
 <LI><a href="#[5e]">_CalcSizeOfChar</a> from gui_uc_encodenone.o(.text) referenced from gui_uc_encodenone.o(.constdata)
 <LI><a href="#[5f]">_Encode</a> from gui_uc_encodenone.o(.text) referenced from gui_uc_encodenone.o(.constdata)
 <LI><a href="#[60]">LCD_L0_Color2Index</a> from lcd_l0_generic.o(.text) referenced from lcd_api.o(.constdata)
 <LI><a href="#[61]">LCD_L0_Index2Color</a> from lcd_l0_generic.o(.text) referenced from lcd_api.o(.constdata)
 <LI><a href="#[62]">LCD_L0_GetIndexMask</a> from lcd_l0_generic.o(.text) referenced from lcd_api.o(.constdata)
 <LI><a href="#[63]">LCD_L0_DrawBitmap</a> from lcddummy.o(.text) referenced from lcd_api.o(.constdata)
 <LI><a href="#[64]">LCD_L0_DrawHLine</a> from lcddummy.o(.text) referenced from lcd_api.o(.constdata)
 <LI><a href="#[65]">LCD_L0_DrawVLine</a> from lcddummy.o(.text) referenced from lcd_api.o(.constdata)
 <LI><a href="#[66]">LCD_L0_FillRect</a> from lcddummy.o(.text) referenced from lcd_api.o(.constdata)
 <LI><a href="#[67]">LCD_L0_GetPixelIndex</a> from lcddummy.o(.text) referenced from lcd_api.o(.constdata)
 <LI><a href="#[68]">LCD_L0_GetRect</a> from lcd_l0_generic.o(.text) referenced from lcd_api.o(.constdata)
 <LI><a href="#[69]">LCD_L0_SetPixelIndex</a> from lcddummy.o(.text) referenced from lcd_api.o(.constdata)
 <LI><a href="#[6a]">LCD_L0_XorPixel</a> from lcddummy.o(.text) referenced from lcd_api.o(.constdata)
 <LI><a href="#[6b]">LCD_L0_SetLUTEntry</a> from lcddummy.o(.text) referenced from lcd_api.o(.constdata)
 <LI><a href="#[6c]">GUIMONO_DispChar</a> from guicharm.o(.text) referenced from f4x6.o(.constdata)
 <LI><a href="#[6d]">GUIMONO_GetCharDistX</a> from guicharm.o(.text) referenced from f4x6.o(.constdata)
 <LI><a href="#[6e]">GUIMONO_GetFontInfo</a> from guicharm.o(.text) referenced from f4x6.o(.constdata)
 <LI><a href="#[6f]">GUIMONO_IsInFont</a> from guicharm.o(.text) referenced from f4x6.o(.constdata)
 <LI><a href="#[6c]">GUIMONO_DispChar</a> from guicharm.o(.text) referenced 2 times from f6x8.o(.constdata)
 <LI><a href="#[6d]">GUIMONO_GetCharDistX</a> from guicharm.o(.text) referenced 2 times from f6x8.o(.constdata)
 <LI><a href="#[6e]">GUIMONO_GetFontInfo</a> from guicharm.o(.text) referenced 2 times from f6x8.o(.constdata)
 <LI><a href="#[6f]">GUIMONO_IsInFont</a> from guicharm.o(.text) referenced 2 times from f6x8.o(.constdata)
 <LI><a href="#[70]">GUIPROP_DispChar</a> from guicharp.o(.text) referenced from f08_1.o(.constdata)
 <LI><a href="#[71]">GUIPROP_GetCharDistX</a> from guicharp.o(.text) referenced from f08_1.o(.constdata)
 <LI><a href="#[72]">GUIPROP_GetFontInfo</a> from guicharp.o(.text) referenced from f08_1.o(.constdata)
 <LI><a href="#[73]">GUIPROP_IsInFont</a> from guicharp.o(.text) referenced from f08_1.o(.constdata)
 <LI><a href="#[70]">GUIPROP_DispChar</a> from guicharp.o(.text) referenced from f08_ascii.o(.constdata)
 <LI><a href="#[71]">GUIPROP_GetCharDistX</a> from guicharp.o(.text) referenced from f08_ascii.o(.constdata)
 <LI><a href="#[72]">GUIPROP_GetFontInfo</a> from guicharp.o(.text) referenced from f08_ascii.o(.constdata)
 <LI><a href="#[73]">GUIPROP_IsInFont</a> from guicharp.o(.text) referenced from f08_ascii.o(.constdata)
 <LI><a href="#[6c]">GUIMONO_DispChar</a> from guicharm.o(.text) referenced 6 times from f8x16.o(.constdata)
 <LI><a href="#[6d]">GUIMONO_GetCharDistX</a> from guicharm.o(.text) referenced 6 times from f8x16.o(.constdata)
 <LI><a href="#[6e]">GUIMONO_GetFontInfo</a> from guicharm.o(.text) referenced 6 times from f8x16.o(.constdata)
 <LI><a href="#[6f]">GUIMONO_IsInFont</a> from guicharm.o(.text) referenced 6 times from f8x16.o(.constdata)
 <LI><a href="#[70]">GUIPROP_DispChar</a> from guicharp.o(.text) referenced from f13_1.o(.constdata)
 <LI><a href="#[71]">GUIPROP_GetCharDistX</a> from guicharp.o(.text) referenced from f13_1.o(.constdata)
 <LI><a href="#[72]">GUIPROP_GetFontInfo</a> from guicharp.o(.text) referenced from f13_1.o(.constdata)
 <LI><a href="#[73]">GUIPROP_IsInFont</a> from guicharp.o(.text) referenced from f13_1.o(.constdata)
 <LI><a href="#[70]">GUIPROP_DispChar</a> from guicharp.o(.text) referenced from f13_ascii.o(.constdata)
 <LI><a href="#[71]">GUIPROP_GetCharDistX</a> from guicharp.o(.text) referenced from f13_ascii.o(.constdata)
 <LI><a href="#[72]">GUIPROP_GetFontInfo</a> from guicharp.o(.text) referenced from f13_ascii.o(.constdata)
 <LI><a href="#[73]">GUIPROP_IsInFont</a> from guicharp.o(.text) referenced from f13_ascii.o(.constdata)
 <LI><a href="#[70]">GUIPROP_DispChar</a> from guicharp.o(.text) referenced from f16_ascii.o(.constdata)
 <LI><a href="#[71]">GUIPROP_GetCharDistX</a> from guicharp.o(.text) referenced from f16_ascii.o(.constdata)
 <LI><a href="#[72]">GUIPROP_GetFontInfo</a> from guicharp.o(.text) referenced from f16_ascii.o(.constdata)
 <LI><a href="#[73]">GUIPROP_IsInFont</a> from guicharp.o(.text) referenced from f16_ascii.o(.constdata)
 <LI><a href="#[74]">_Draw</a> from gui_draw_self.o(.text) referenced from gui_draw_self.o(.constdata)
 <LI><a href="#[75]">_GetXSize</a> from gui_draw_self.o(.text) referenced from gui_draw_self.o(.constdata)
 <LI><a href="#[76]">_GetYSize</a> from gui_draw_self.o(.text) referenced from gui_draw_self.o(.constdata)
 <LI><a href="#[77]">WIDGET_EFFECT_3D_DrawUp</a> from widget_effect_3d.o(.text) referenced from widget_effect_3d.o(.constdata)
 <LI><a href="#[78]">_WIDGET_EFFECT_3D_DrawDown</a> from widget_effect_3d.o(.text) referenced from widget_effect_3d.o(.constdata)
 <LI><a href="#[79]">_WIDGET_EFFECT_3D_DrawUpRect</a> from widget_effect_3d.o(.text) referenced from widget_effect_3d.o(.constdata)
 <LI><a href="#[7a]">_WIDGET_EFFECT_3D_DrawDownRect</a> from widget_effect_3d.o(.text) referenced from widget_effect_3d.o(.constdata)
 <LI><a href="#[7b]">_WIDGET_EFFECT_3D_GetRect</a> from widget_effect_3d.o(.text) referenced from widget_effect_3d.o(.constdata)
 <LI><a href="#[7c]">FRAMEWIN_CreateIndirect</a> from framewin_createindirect.o(.text) referenced from panel.o(.constdata)
 <LI><a href="#[7d]">DROPDOWN_CreateIndirect</a> from dropdown_createindirect.o(.text) referenced 2 times from panel.o(.constdata)
 <LI><a href="#[7e]">MULTIEDIT_CreateIndirect</a> from multiedit_createindirect.o(.text) referenced from panel.o(.constdata)
 <LI><a href="#[c6]">OS_TaskIdle</a> from os_core.o(.text) referenced from os_core.o(.text)
 <LI><a href="#[20d]">BUTTON_Callback</a> from button.o(.text) referenced from button.o(.text)
</UL>
<P>
<H3>
Global Symbols
</H3>
<P><STRONG><a name="[48]"></a>__main</STRONG> (Thumb, 0 bytes, Stack size unknown bytes, entry.o(.ARM.Collect$$$$00000000))
<BR>[Address Reference Count : 1]<UL><LI> startup_stm32f10x_hd.o(.text)
</UL>
<P><STRONG><a name="[3f9]"></a>_main_stk</STRONG> (Thumb, 0 bytes, Stack size unknown bytes, entry2.o(.ARM.Collect$$$$00000001))

<P><STRONG><a name="[7f]"></a>_main_scatterload</STRONG> (Thumb, 0 bytes, Stack size unknown bytes, entry5.o(.ARM.Collect$$$$00000004))
<BR><BR>[Calls]<UL><LI><a href="#[80]">&gt;&gt;</a>&nbsp;&nbsp;&nbsp;__scatterload
</UL>

<P><STRONG><a name="[3f7]"></a>__main_after_scatterload</STRONG> (Thumb, 0 bytes, Stack size unknown bytes, entry5.o(.ARM.Collect$$$$00000004))
<BR><BR>[Called By]<UL><LI><a href="#[80]">&gt;&gt;</a>&nbsp;&nbsp;&nbsp;__scatterload
</UL>

<P><STRONG><a name="[3fa]"></a>_main_init</STRONG> (Thumb, 0 bytes, Stack size unknown bytes, entry7.o(.ARM.Collect$$$$00000007))

<P><STRONG><a name="[0]"></a>Reset_Handler</STRONG> (Thumb, 8 bytes, Stack size 0 bytes, startup_stm32f10x_hd.o(.text))
<BR>[Address Reference Count : 1]<UL><LI> startup_stm32f10x_hd.o(RESET)
</UL>
<P><STRONG><a name="[1f]"></a>CAN1_RX1_IRQHandler</STRONG> (Thumb, 0 bytes, Stack size 0 bytes, startup_stm32f10x_hd.o(.text))
<BR><BR>[Calls]<UL><LI><a href="#[1f]">&gt;&gt;</a>&nbsp;&nbsp;&nbsp;CAN1_RX1_IRQHandler
</UL>
<BR>[Called By]<UL><LI><a href="#[1f]">&gt;&gt;</a>&nbsp;&nbsp;&nbsp;CAN1_RX1_IRQHandler
</UL>
<BR>[Address Reference Count : 1]<UL><LI> startup_stm32f10x_hd.o(RESET)
</UL>
<P><STRONG><a name="[20]"></a>CAN1_SCE_IRQHandler</STRONG> (Thumb, 0 bytes, Stack size 0 bytes, startup_stm32f10x_hd.o(.text))
<BR>[Address Reference Count : 1]<UL><LI> startup_stm32f10x_hd.o(RESET)
</UL>
<P><STRONG><a name="[1d]"></a>USB_HP_CAN1_TX_IRQHandler</STRONG> (Thumb, 0 bytes, Stack size 0 bytes, startup_stm32f10x_hd.o(.text))
<BR>[Address Reference Count : 1]<UL><LI> startup_stm32f10x_hd.o(RESET)
</UL>
<P><STRONG><a name="[1e]"></a>USB_LP_CAN1_RX0_IRQHandler</STRONG> (Thumb, 0 bytes, Stack size 0 bytes, startup_stm32f10x_hd.o(.text))
<BR>[Address Reference Count : 1]<UL><LI> startup_stm32f10x_hd.o(RESET)
</UL>
<P><STRONG><a name="[47]"></a>SystemInit</STRONG> (Thumb, 78 bytes, Stack size 8 bytes, system_stm32f10x.o(.text))
<BR><BR>[Stack]<UL><LI>Max Depth = 16<LI>Call Chain = SystemInit &rArr; SetSysClock
</UL>
<BR>[Calls]<UL><LI><a href="#[81]">&gt;&gt;</a>&nbsp;&nbsp;&nbsp;SetSysClock
</UL>
<BR>[Address Reference Count : 1]<UL><LI> startup_stm32f10x_hd.o(.text)
</UL>
<P><STRONG><a name="[3fb]"></a>SystemCoreClockUpdate</STRONG> (Thumb, 142 bytes, Stack size 8 bytes, system_stm32f10x.o(.text), UNUSED)

<P><STRONG><a name="[46]"></a>main</STRONG> (Thumb, 30 bytes, Stack size 8 bytes, main.o(.text))
<BR><BR>[Stack]<UL><LI>Max Depth = 184 + Unknown Stack Size
<LI>Call Chain = main &rArr; OSInit &rArr; OSTmr_Init &rArr; OSTmr_InitTask &rArr; OSTaskCreateExt &rArr; OS_TCBInit
</UL>
<BR>[Calls]<UL><LI><a href="#[8f]">&gt;&gt;</a>&nbsp;&nbsp;&nbsp;OSTaskCreate
<LI><a href="#[93]">&gt;&gt;</a>&nbsp;&nbsp;&nbsp;OSStart
<LI><a href="#[92]">&gt;&gt;</a>&nbsp;&nbsp;&nbsp;OSInit
<LI><a href="#[91]">&gt;&gt;</a>&nbsp;&nbsp;&nbsp;DAC_Mode_Init
</UL>
<BR>[Address Reference Count : 1]<UL><LI> entry7.o(.ARM.Collect$$$$00000007)
</UL>
<P><STRONG><a name="[1]"></a>NMI_Handler</STRONG> (Thumb, 2 bytes, Stack size 0 bytes, stm32f10x_it.o(.text))
<BR>[Address Reference Count : 1]<UL><LI> startup_stm32f10x_hd.o(RESET)
</UL>
<P><STRONG><a name="[2]"></a>HardFault_Handler</STRONG> (Thumb, 4 bytes, Stack size 0 bytes, stm32f10x_it.o(.text))
<BR>[Address Reference Count : 1]<UL><LI> startup_stm32f10x_hd.o(RESET)
</UL>
<P><STRONG><a name="[3]"></a>MemManage_Handler</STRONG> (Thumb, 4 bytes, Stack size 0 bytes, stm32f10x_it.o(.text))
<BR>[Address Reference Count : 1]<UL><LI> startup_stm32f10x_hd.o(RESET)
</UL>
<P><STRONG><a name="[4]"></a>BusFault_Handler</STRONG> (Thumb, 4 bytes, Stack size 0 bytes, stm32f10x_it.o(.text))
<BR>[Address Reference Count : 1]<UL><LI> startup_stm32f10x_hd.o(RESET)
</UL>
<P><STRONG><a name="[5]"></a>UsageFault_Handler</STRONG> (Thumb, 4 bytes, Stack size 0 bytes, stm32f10x_it.o(.text))
<BR>[Address Reference Count : 1]<UL><LI> startup_stm32f10x_hd.o(RESET)
</UL>
<P><STRONG><a name="[6]"></a>SVC_Handler</STRONG> (Thumb, 2 bytes, Stack size 0 bytes, stm32f10x_it.o(.text))
<BR>[Address Reference Count : 1]<UL><LI> startup_stm32f10x_hd.o(RESET)
</UL>
<P><STRONG><a name="[7]"></a>DebugMon_Handler</STRONG> (Thumb, 2 bytes, Stack size 0 bytes, stm32f10x_it.o(.text))
<BR>[Address Reference Count : 1]<UL><LI> startup_stm32f10x_hd.o(RESET)
</UL>
<P><STRONG><a name="[9]"></a>SysTick_Handler</STRONG> (Thumb, 34 bytes, Stack size 8 bytes, stm32f10x_it.o(.text))
<BR><BR>[Stack]<UL><LI>Max Depth = 24 + Unknown Stack Size
<LI>Call Chain = SysTick_Handler &rArr; OSTimeTick
</UL>
<BR>[Calls]<UL><LI><a href="#[94]">&gt;&gt;</a>&nbsp;&nbsp;&nbsp;OS_CPU_SR_Save
<LI><a href="#[95]">&gt;&gt;</a>&nbsp;&nbsp;&nbsp;OS_CPU_SR_Restore
<LI><a href="#[96]">&gt;&gt;</a>&nbsp;&nbsp;&nbsp;OSTimeTick
<LI><a href="#[97]">&gt;&gt;</a>&nbsp;&nbsp;&nbsp;OSIntExit
</UL>
<BR>[Address Reference Count : 1]<UL><LI> startup_stm32f10x_hd.o(RESET)
</UL>
<P><STRONG><a name="[a]"></a>WWDG_IRQHandler</STRONG> (Thumb, 2 bytes, Stack size 0 bytes, stm32f10x_it.o(.text))
<BR>[Address Reference Count : 1]<UL><LI> startup_stm32f10x_hd.o(RESET)
</UL>
<P><STRONG><a name="[b]"></a>PVD_IRQHandler</STRONG> (Thumb, 2 bytes, Stack size 0 bytes, stm32f10x_it.o(.text))
<BR>[Address Reference Count : 1]<UL><LI> startup_stm32f10x_hd.o(RESET)
</UL>
<P><STRONG><a name="[c]"></a>TAMPER_IRQHandler</STRONG> (Thumb, 2 bytes, Stack size 0 bytes, stm32f10x_it.o(.text))
<BR>[Address Reference Count : 1]<UL><LI> startup_stm32f10x_hd.o(RESET)
</UL>
<P><STRONG><a name="[d]"></a>RTC_IRQHandler</STRONG> (Thumb, 2 bytes, Stack size 0 bytes, stm32f10x_it.o(.text))
<BR>[Address Reference Count : 1]<UL><LI> startup_stm32f10x_hd.o(RESET)
</UL>
<P><STRONG><a name="[e]"></a>FLASH_IRQHandler</STRONG> (Thumb, 2 bytes, Stack size 0 bytes, stm32f10x_it.o(.text))
<BR>[Address Reference Count : 1]<UL><LI> startup_stm32f10x_hd.o(RESET)
</UL>
<P><STRONG><a name="[f]"></a>RCC_IRQHandler</STRONG> (Thumb, 2 bytes, Stack size 0 bytes, stm32f10x_it.o(.text))
<BR>[Address Reference Count : 1]<UL><LI> startup_stm32f10x_hd.o(RESET)
</UL>
<P><STRONG><a name="[10]"></a>EXTI0_IRQHandler</STRONG> (Thumb, 2 bytes, Stack size 0 bytes, stm32f10x_it.o(.text))
<BR>[Address Reference Count : 1]<UL><LI> startup_stm32f10x_hd.o(RESET)
</UL>
<P><STRONG><a name="[11]"></a>EXTI1_IRQHandler</STRONG> (Thumb, 2 bytes, Stack size 0 bytes, stm32f10x_it.o(.text))
<BR>[Address Reference Count : 1]<UL><LI> startup_stm32f10x_hd.o(RESET)
</UL>
<P><STRONG><a name="[12]"></a>EXTI2_IRQHandler</STRONG> (Thumb, 2 bytes, Stack size 0 bytes, stm32f10x_it.o(.text))
<BR>[Address Reference Count : 1]<UL><LI> startup_stm32f10x_hd.o(RESET)
</UL>
<P><STRONG><a name="[13]"></a>EXTI3_IRQHandler</STRONG> (Thumb, 2 bytes, Stack size 0 bytes, stm32f10x_it.o(.text))
<BR>[Address Reference Count : 1]<UL><LI> startup_stm32f10x_hd.o(RESET)
</UL>
<P><STRONG><a name="[14]"></a>EXTI4_IRQHandler</STRONG> (Thumb, 2 bytes, Stack size 0 bytes, stm32f10x_it.o(.text))
<BR>[Address Reference Count : 1]<UL><LI> startup_stm32f10x_hd.o(RESET)
</UL>
<P><STRONG><a name="[15]"></a>DMA1_Channel1_IRQHandler</STRONG> (Thumb, 2 bytes, Stack size 0 bytes, stm32f10x_it.o(.text))
<BR>[Address Reference Count : 1]<UL><LI> startup_stm32f10x_hd.o(RESET)
</UL>
<P><STRONG><a name="[16]"></a>DMA1_Channel2_IRQHandler</STRONG> (Thumb, 2 bytes, Stack size 0 bytes, stm32f10x_it.o(.text))
<BR>[Address Reference Count : 1]<UL><LI> startup_stm32f10x_hd.o(RESET)
</UL>
<P><STRONG><a name="[17]"></a>DMA1_Channel3_IRQHandler</STRONG> (Thumb, 2 bytes, Stack size 0 bytes, stm32f10x_it.o(.text))
<BR>[Address Reference Count : 1]<UL><LI> startup_stm32f10x_hd.o(RESET)
</UL>
<P><STRONG><a name="[18]"></a>DMA1_Channel4_IRQHandler</STRONG> (Thumb, 2 bytes, Stack size 0 bytes, stm32f10x_it.o(.text))
<BR>[Address Reference Count : 1]<UL><LI> startup_stm32f10x_hd.o(RESET)
</UL>
<P><STRONG><a name="[19]"></a>DMA1_Channel5_IRQHandler</STRONG> (Thumb, 2 bytes, Stack size 0 bytes, stm32f10x_it.o(.text))
<BR>[Address Reference Count : 1]<UL><LI> startup_stm32f10x_hd.o(RESET)
</UL>
<P><STRONG><a name="[1a]"></a>DMA1_Channel6_IRQHandler</STRONG> (Thumb, 2 bytes, Stack size 0 bytes, stm32f10x_it.o(.text))
<BR>[Address Reference Count : 1]<UL><LI> startup_stm32f10x_hd.o(RESET)
</UL>
<P><STRONG><a name="[1b]"></a>DMA1_Channel7_IRQHandler</STRONG> (Thumb, 2 bytes, Stack size 0 bytes, stm32f10x_it.o(.text))
<BR>[Address Reference Count : 1]<UL><LI> startup_stm32f10x_hd.o(RESET)
</UL>
<P><STRONG><a name="[1c]"></a>ADC1_2_IRQHandler</STRONG> (Thumb, 2 bytes, Stack size 0 bytes, stm32f10x_it.o(.text))
<BR>[Address Reference Count : 1]<UL><LI> startup_stm32f10x_hd.o(RESET)
</UL>
<P><STRONG><a name="[3fc]"></a>USB_HP_CAN_TX_IRQHandler</STRONG> (Thumb, 2 bytes, Stack size 0 bytes, stm32f10x_it.o(.text), UNUSED)

<P><STRONG><a name="[3fd]"></a>USB_LP_CAN_RX0_IRQHandler</STRONG> (Thumb, 2 bytes, Stack size 0 bytes, stm32f10x_it.o(.text), UNUSED)

<P><STRONG><a name="[3fe]"></a>CAN_RX1_IRQHandler</STRONG> (Thumb, 2 bytes, Stack size 0 bytes, stm32f10x_it.o(.text), UNUSED)

<P><STRONG><a name="[3ff]"></a>CAN_SCE_IRQHandler</STRONG> (Thumb, 2 bytes, Stack size 0 bytes, stm32f10x_it.o(.text), UNUSED)

<P><STRONG><a name="[21]"></a>EXTI9_5_IRQHandler</STRONG> (Thumb, 2 bytes, Stack size 0 bytes, stm32f10x_it.o(.text))
<BR>[Address Reference Count : 1]<UL><LI> startup_stm32f10x_hd.o(RESET)
</UL>
<P><STRONG><a name="[22]"></a>TIM1_BRK_IRQHandler</STRONG> (Thumb, 2 bytes, Stack size 0 bytes, stm32f10x_it.o(.text))
<BR>[Address Reference Count : 1]<UL><LI> startup_stm32f10x_hd.o(RESET)
</UL>
<P><STRONG><a name="[23]"></a>TIM1_UP_IRQHandler</STRONG> (Thumb, 2 bytes, Stack size 0 bytes, stm32f10x_it.o(.text))
<BR>[Address Reference Count : 1]<UL><LI> startup_stm32f10x_hd.o(RESET)
</UL>
<P><STRONG><a name="[24]"></a>TIM1_TRG_COM_IRQHandler</STRONG> (Thumb, 2 bytes, Stack size 0 bytes, stm32f10x_it.o(.text))
<BR>[Address Reference Count : 1]<UL><LI> startup_stm32f10x_hd.o(RESET)
</UL>
<P><STRONG><a name="[25]"></a>TIM1_CC_IRQHandler</STRONG> (Thumb, 2 bytes, Stack size 0 bytes, stm32f10x_it.o(.text))
<BR>[Address Reference Count : 1]<UL><LI> startup_stm32f10x_hd.o(RESET)
</UL>
<P><STRONG><a name="[26]"></a>TIM2_IRQHandler</STRONG> (Thumb, 2 bytes, Stack size 0 bytes, stm32f10x_it.o(.text))
<BR>[Address Reference Count : 1]<UL><LI> startup_stm32f10x_hd.o(RESET)
</UL>
<P><STRONG><a name="[27]"></a>TIM3_IRQHandler</STRONG> (Thumb, 2 bytes, Stack size 0 bytes, stm32f10x_it.o(.text))
<BR>[Address Reference Count : 1]<UL><LI> startup_stm32f10x_hd.o(RESET)
</UL>
<P><STRONG><a name="[28]"></a>TIM4_IRQHandler</STRONG> (Thumb, 2 bytes, Stack size 0 bytes, stm32f10x_it.o(.text))
<BR>[Address Reference Count : 1]<UL><LI> startup_stm32f10x_hd.o(RESET)
</UL>
<P><STRONG><a name="[29]"></a>I2C1_EV_IRQHandler</STRONG> (Thumb, 2 bytes, Stack size 0 bytes, stm32f10x_it.o(.text))
<BR>[Address Reference Count : 1]<UL><LI> startup_stm32f10x_hd.o(RESET)
</UL>
<P><STRONG><a name="[2a]"></a>I2C1_ER_IRQHandler</STRONG> (Thumb, 2 bytes, Stack size 0 bytes, stm32f10x_it.o(.text))
<BR>[Address Reference Count : 1]<UL><LI> startup_stm32f10x_hd.o(RESET)
</UL>
<P><STRONG><a name="[2b]"></a>I2C2_EV_IRQHandler</STRONG> (Thumb, 2 bytes, Stack size 0 bytes, stm32f10x_it.o(.text))
<BR>[Address Reference Count : 1]<UL><LI> startup_stm32f10x_hd.o(RESET)
</UL>
<P><STRONG><a name="[2c]"></a>I2C2_ER_IRQHandler</STRONG> (Thumb, 2 bytes, Stack size 0 bytes, stm32f10x_it.o(.text))
<BR>[Address Reference Count : 1]<UL><LI> startup_stm32f10x_hd.o(RESET)
</UL>
<P><STRONG><a name="[2d]"></a>SPI1_IRQHandler</STRONG> (Thumb, 2 bytes, Stack size 0 bytes, stm32f10x_it.o(.text))
<BR>[Address Reference Count : 1]<UL><LI> startup_stm32f10x_hd.o(RESET)
</UL>
<P><STRONG><a name="[2e]"></a>SPI2_IRQHandler</STRONG> (Thumb, 2 bytes, Stack size 0 bytes, stm32f10x_it.o(.text))
<BR>[Address Reference Count : 1]<UL><LI> startup_stm32f10x_hd.o(RESET)
</UL>
<P><STRONG><a name="[2f]"></a>USART1_IRQHandler</STRONG> (Thumb, 2 bytes, Stack size 0 bytes, stm32f10x_it.o(.text))
<BR>[Address Reference Count : 1]<UL><LI> startup_stm32f10x_hd.o(RESET)
</UL>
<P><STRONG><a name="[30]"></a>USART2_IRQHandler</STRONG> (Thumb, 2 bytes, Stack size 0 bytes, stm32f10x_it.o(.text))
<BR>[Address Reference Count : 1]<UL><LI> startup_stm32f10x_hd.o(RESET)
</UL>
<P><STRONG><a name="[31]"></a>USART3_IRQHandler</STRONG> (Thumb, 2 bytes, Stack size 0 bytes, stm32f10x_it.o(.text))
<BR>[Address Reference Count : 1]<UL><LI> startup_stm32f10x_hd.o(RESET)
</UL>
<P><STRONG><a name="[32]"></a>EXTI15_10_IRQHandler</STRONG> (Thumb, 2 bytes, Stack size 0 bytes, stm32f10x_it.o(.text))
<BR>[Address Reference Count : 1]<UL><LI> startup_stm32f10x_hd.o(RESET)
</UL>
<P><STRONG><a name="[33]"></a>RTCAlarm_IRQHandler</STRONG> (Thumb, 2 bytes, Stack size 0 bytes, stm32f10x_it.o(.text))
<BR>[Address Reference Count : 1]<UL><LI> startup_stm32f10x_hd.o(RESET)
</UL>
<P><STRONG><a name="[34]"></a>USBWakeUp_IRQHandler</STRONG> (Thumb, 2 bytes, Stack size 0 bytes, stm32f10x_it.o(.text))
<BR>[Address Reference Count : 1]<UL><LI> startup_stm32f10x_hd.o(RESET)
</UL>
<P><STRONG><a name="[35]"></a>TIM8_BRK_IRQHandler</STRONG> (Thumb, 2 bytes, Stack size 0 bytes, stm32f10x_it.o(.text))
<BR>[Address Reference Count : 1]<UL><LI> startup_stm32f10x_hd.o(RESET)
</UL>
<P><STRONG><a name="[36]"></a>TIM8_UP_IRQHandler</STRONG> (Thumb, 2 bytes, Stack size 0 bytes, stm32f10x_it.o(.text))
<BR>[Address Reference Count : 1]<UL><LI> startup_stm32f10x_hd.o(RESET)
</UL>
<P><STRONG><a name="[37]"></a>TIM8_TRG_COM_IRQHandler</STRONG> (Thumb, 2 bytes, Stack size 0 bytes, stm32f10x_it.o(.text))
<BR>[Address Reference Count : 1]<UL><LI> startup_stm32f10x_hd.o(RESET)
</UL>
<P><STRONG><a name="[38]"></a>TIM8_CC_IRQHandler</STRONG> (Thumb, 2 bytes, Stack size 0 bytes, stm32f10x_it.o(.text))
<BR>[Address Reference Count : 1]<UL><LI> startup_stm32f10x_hd.o(RESET)
</UL>
<P><STRONG><a name="[39]"></a>ADC3_IRQHandler</STRONG> (Thumb, 2 bytes, Stack size 0 bytes, stm32f10x_it.o(.text))
<BR>[Address Reference Count : 1]<UL><LI> startup_stm32f10x_hd.o(RESET)
</UL>
<P><STRONG><a name="[3a]"></a>FSMC_IRQHandler</STRONG> (Thumb, 2 bytes, Stack size 0 bytes, stm32f10x_it.o(.text))
<BR>[Address Reference Count : 1]<UL><LI> startup_stm32f10x_hd.o(RESET)
</UL>
<P><STRONG><a name="[3b]"></a>SDIO_IRQHandler</STRONG> (Thumb, 2 bytes, Stack size 0 bytes, stm32f10x_it.o(.text))
<BR>[Address Reference Count : 1]<UL><LI> startup_stm32f10x_hd.o(RESET)
</UL>
<P><STRONG><a name="[3c]"></a>TIM5_IRQHandler</STRONG> (Thumb, 2 bytes, Stack size 0 bytes, stm32f10x_it.o(.text))
<BR>[Address Reference Count : 1]<UL><LI> startup_stm32f10x_hd.o(RESET)
</UL>
<P><STRONG><a name="[3d]"></a>SPI3_IRQHandler</STRONG> (Thumb, 2 bytes, Stack size 0 bytes, stm32f10x_it.o(.text))
<BR>[Address Reference Count : 1]<UL><LI> startup_stm32f10x_hd.o(RESET)
</UL>
<P><STRONG><a name="[3e]"></a>UART4_IRQHandler</STRONG> (Thumb, 2 bytes, Stack size 0 bytes, stm32f10x_it.o(.text))
<BR>[Address Reference Count : 1]<UL><LI> startup_stm32f10x_hd.o(RESET)
</UL>
<P><STRONG><a name="[3f]"></a>UART5_IRQHandler</STRONG> (Thumb, 2 bytes, Stack size 0 bytes, stm32f10x_it.o(.text))
<BR>[Address Reference Count : 1]<UL><LI> startup_stm32f10x_hd.o(RESET)
</UL>
<P><STRONG><a name="[40]"></a>TIM6_IRQHandler</STRONG> (Thumb, 2 bytes, Stack size 0 bytes, stm32f10x_it.o(.text))
<BR>[Address Reference Count : 1]<UL><LI> startup_stm32f10x_hd.o(RESET)
</UL>
<P><STRONG><a name="[41]"></a>TIM7_IRQHandler</STRONG> (Thumb, 2 bytes, Stack size 0 bytes, stm32f10x_it.o(.text))
<BR>[Address Reference Count : 1]<UL><LI> startup_stm32f10x_hd.o(RESET)
</UL>
<P><STRONG><a name="[42]"></a>DMA2_Channel1_IRQHandler</STRONG> (Thumb, 2 bytes, Stack size 0 bytes, stm32f10x_it.o(.text))
<BR>[Address Reference Count : 1]<UL><LI> startup_stm32f10x_hd.o(RESET)
</UL>
<P><STRONG><a name="[43]"></a>DMA2_Channel2_IRQHandler</STRONG> (Thumb, 2 bytes, Stack size 0 bytes, stm32f10x_it.o(.text))
<BR>[Address Reference Count : 1]<UL><LI> startup_stm32f10x_hd.o(RESET)
</UL>
<P><STRONG><a name="[44]"></a>DMA2_Channel3_IRQHandler</STRONG> (Thumb, 2 bytes, Stack size 0 bytes, stm32f10x_it.o(.text))
<BR>[Address Reference Count : 1]<UL><LI> startup_stm32f10x_hd.o(RESET)
</UL>
<P><STRONG><a name="[45]"></a>DMA2_Channel4_5_IRQHandler</STRONG> (Thumb, 2 bytes, Stack size 0 bytes, stm32f10x_it.o(.text))
<BR>[Address Reference Count : 1]<UL><LI> startup_stm32f10x_hd.o(RESET)
</UL>
<P><STRONG><a name="[400]"></a>RCC_DeInit</STRONG> (Thumb, 64 bytes, Stack size 0 bytes, stm32f10x_rcc.o(.text), UNUSED)

<P><STRONG><a name="[401]"></a>RCC_HSEConfig</STRONG> (Thumb, 70 bytes, Stack size 0 bytes, stm32f10x_rcc.o(.text), UNUSED)

<P><STRONG><a name="[99]"></a>RCC_GetFlagStatus</STRONG> (Thumb, 56 bytes, Stack size 8 bytes, stm32f10x_rcc.o(.text), UNUSED)
<BR><BR>[Called By]<UL><LI><a href="#[98]">&gt;&gt;</a>&nbsp;&nbsp;&nbsp;RCC_WaitForHSEStartUp
</UL>

<P><STRONG><a name="[98]"></a>RCC_WaitForHSEStartUp</STRONG> (Thumb, 48 bytes, Stack size 16 bytes, stm32f10x_rcc.o(.text), UNUSED)
<BR><BR>[Calls]<UL><LI><a href="#[99]">&gt;&gt;</a>&nbsp;&nbsp;&nbsp;RCC_GetFlagStatus
</UL>

<P><STRONG><a name="[402]"></a>RCC_AdjustHSICalibrationValue</STRONG> (Thumb, 20 bytes, Stack size 0 bytes, stm32f10x_rcc.o(.text), UNUSED)

<P><STRONG><a name="[403]"></a>RCC_HSICmd</STRONG> (Thumb, 6 bytes, Stack size 0 bytes, stm32f10x_rcc.o(.text), UNUSED)

<P><STRONG><a name="[404]"></a>RCC_PLLConfig</STRONG> (Thumb, 24 bytes, Stack size 0 bytes, stm32f10x_rcc.o(.text), UNUSED)

<P><STRONG><a name="[405]"></a>RCC_PLLCmd</STRONG> (Thumb, 6 bytes, Stack size 0 bytes, stm32f10x_rcc.o(.text), UNUSED)

<P><STRONG><a name="[406]"></a>RCC_SYSCLKConfig</STRONG> (Thumb, 18 bytes, Stack size 0 bytes, stm32f10x_rcc.o(.text), UNUSED)

<P><STRONG><a name="[407]"></a>RCC_GetSYSCLKSource</STRONG> (Thumb, 10 bytes, Stack size 0 bytes, stm32f10x_rcc.o(.text), UNUSED)

<P><STRONG><a name="[408]"></a>RCC_HCLKConfig</STRONG> (Thumb, 18 bytes, Stack size 0 bytes, stm32f10x_rcc.o(.text), UNUSED)

<P><STRONG><a name="[409]"></a>RCC_PCLK1Config</STRONG> (Thumb, 18 bytes, Stack size 0 bytes, stm32f10x_rcc.o(.text), UNUSED)

<P><STRONG><a name="[40a]"></a>RCC_PCLK2Config</STRONG> (Thumb, 20 bytes, Stack size 0 bytes, stm32f10x_rcc.o(.text), UNUSED)

<P><STRONG><a name="[40b]"></a>RCC_ITConfig</STRONG> (Thumb, 30 bytes, Stack size 0 bytes, stm32f10x_rcc.o(.text), UNUSED)

<P><STRONG><a name="[40c]"></a>RCC_USBCLKConfig</STRONG> (Thumb, 6 bytes, Stack size 0 bytes, stm32f10x_rcc.o(.text), UNUSED)

<P><STRONG><a name="[40d]"></a>RCC_ADCCLKConfig</STRONG> (Thumb, 18 bytes, Stack size 0 bytes, stm32f10x_rcc.o(.text), UNUSED)

<P><STRONG><a name="[40e]"></a>RCC_LSEConfig</STRONG> (Thumb, 44 bytes, Stack size 0 bytes, stm32f10x_rcc.o(.text), UNUSED)

<P><STRONG><a name="[40f]"></a>RCC_LSICmd</STRONG> (Thumb, 6 bytes, Stack size 0 bytes, stm32f10x_rcc.o(.text), UNUSED)

<P><STRONG><a name="[410]"></a>RCC_RTCCLKConfig</STRONG> (Thumb, 12 bytes, Stack size 0 bytes, stm32f10x_rcc.o(.text), UNUSED)

<P><STRONG><a name="[411]"></a>RCC_RTCCLKCmd</STRONG> (Thumb, 6 bytes, Stack size 0 bytes, stm32f10x_rcc.o(.text), UNUSED)

<P><STRONG><a name="[a0]"></a>RCC_GetClocksFreq</STRONG> (Thumb, 192 bytes, Stack size 12 bytes, stm32f10x_rcc.o(.text))
<BR><BR>[Stack]<UL><LI>Max Depth = 12<LI>Call Chain = RCC_GetClocksFreq
</UL>
<BR>[Called By]<UL><LI><a href="#[9f]">&gt;&gt;</a>&nbsp;&nbsp;&nbsp;I2S_Init
<LI><a href="#[8e]">&gt;&gt;</a>&nbsp;&nbsp;&nbsp;systick_init
</UL>

<P><STRONG><a name="[bf]"></a>RCC_AHBPeriphClockCmd</STRONG> (Thumb, 26 bytes, Stack size 0 bytes, stm32f10x_rcc.o(.text))
<BR><BR>[Called By]<UL><LI><a href="#[be]">&gt;&gt;</a>&nbsp;&nbsp;&nbsp;DAC_DMA_Config
<LI><a href="#[3b5]">&gt;&gt;</a>&nbsp;&nbsp;&nbsp;LCD_CtrlLinesConfig
</UL>

<P><STRONG><a name="[b4]"></a>RCC_APB2PeriphClockCmd</STRONG> (Thumb, 26 bytes, Stack size 0 bytes, stm32f10x_rcc.o(.text))
<BR><BR>[Called By]<UL><LI><a href="#[b3]">&gt;&gt;</a>&nbsp;&nbsp;&nbsp;DAC_Config
<LI><a href="#[3c1]">&gt;&gt;</a>&nbsp;&nbsp;&nbsp;Touch_Gpio_Init
<LI><a href="#[3b5]">&gt;&gt;</a>&nbsp;&nbsp;&nbsp;LCD_CtrlLinesConfig
</UL>

<P><STRONG><a name="[b5]"></a>RCC_APB1PeriphClockCmd</STRONG> (Thumb, 26 bytes, Stack size 0 bytes, stm32f10x_rcc.o(.text))
<BR><BR>[Called By]<UL><LI><a href="#[ba]">&gt;&gt;</a>&nbsp;&nbsp;&nbsp;DAC_TIM_Config
<LI><a href="#[b3]">&gt;&gt;</a>&nbsp;&nbsp;&nbsp;DAC_Config
<LI><a href="#[3c1]">&gt;&gt;</a>&nbsp;&nbsp;&nbsp;Touch_Gpio_Init
</UL>

<P><STRONG><a name="[9b]"></a>RCC_APB2PeriphResetCmd</STRONG> (Thumb, 26 bytes, Stack size 0 bytes, stm32f10x_rcc.o(.text), UNUSED)
<BR><BR>[Called By]<UL><LI><a href="#[a2]">&gt;&gt;</a>&nbsp;&nbsp;&nbsp;TIM_DeInit
<LI><a href="#[9d]">&gt;&gt;</a>&nbsp;&nbsp;&nbsp;SPI_I2S_DeInit
<LI><a href="#[9c]">&gt;&gt;</a>&nbsp;&nbsp;&nbsp;GPIO_AFIODeInit
<LI><a href="#[9a]">&gt;&gt;</a>&nbsp;&nbsp;&nbsp;GPIO_DeInit
</UL>

<P><STRONG><a name="[9e]"></a>RCC_APB1PeriphResetCmd</STRONG> (Thumb, 26 bytes, Stack size 0 bytes, stm32f10x_rcc.o(.text), UNUSED)
<BR><BR>[Called By]<UL><LI><a href="#[a2]">&gt;&gt;</a>&nbsp;&nbsp;&nbsp;TIM_DeInit
<LI><a href="#[a1]">&gt;&gt;</a>&nbsp;&nbsp;&nbsp;DAC_DeInit
<LI><a href="#[9d]">&gt;&gt;</a>&nbsp;&nbsp;&nbsp;SPI_I2S_DeInit
</UL>

<P><STRONG><a name="[412]"></a>RCC_BackupResetCmd</STRONG> (Thumb, 6 bytes, Stack size 0 bytes, stm32f10x_rcc.o(.text), UNUSED)

<P><STRONG><a name="[413]"></a>RCC_ClockSecuritySystemCmd</STRONG> (Thumb, 6 bytes, Stack size 0 bytes, stm32f10x_rcc.o(.text), UNUSED)

<P><STRONG><a name="[414]"></a>RCC_MCOConfig</STRONG> (Thumb, 6 bytes, Stack size 0 bytes, stm32f10x_rcc.o(.text), UNUSED)

<P><STRONG><a name="[415]"></a>RCC_ClearFlag</STRONG> (Thumb, 14 bytes, Stack size 0 bytes, stm32f10x_rcc.o(.text), UNUSED)

<P><STRONG><a name="[416]"></a>RCC_GetITStatus</STRONG> (Thumb, 20 bytes, Stack size 0 bytes, stm32f10x_rcc.o(.text), UNUSED)

<P><STRONG><a name="[417]"></a>RCC_ClearITPendingBit</STRONG> (Thumb, 6 bytes, Stack size 0 bytes, stm32f10x_rcc.o(.text), UNUSED)

<P><STRONG><a name="[9a]"></a>GPIO_DeInit</STRONG> (Thumb, 172 bytes, Stack size 8 bytes, stm32f10x_gpio.o(.text), UNUSED)
<BR><BR>[Calls]<UL><LI><a href="#[9b]">&gt;&gt;</a>&nbsp;&nbsp;&nbsp;RCC_APB2PeriphResetCmd
</UL>

<P><STRONG><a name="[9c]"></a>GPIO_AFIODeInit</STRONG> (Thumb, 20 bytes, Stack size 8 bytes, stm32f10x_gpio.o(.text), UNUSED)
<BR><BR>[Calls]<UL><LI><a href="#[9b]">&gt;&gt;</a>&nbsp;&nbsp;&nbsp;RCC_APB2PeriphResetCmd
</UL>

<P><STRONG><a name="[b6]"></a>GPIO_Init</STRONG> (Thumb, 274 bytes, Stack size 24 bytes, stm32f10x_gpio.o(.text))
<BR><BR>[Stack]<UL><LI>Max Depth = 24<LI>Call Chain = GPIO_Init
</UL>
<BR>[Called By]<UL><LI><a href="#[b3]">&gt;&gt;</a>&nbsp;&nbsp;&nbsp;DAC_Config
<LI><a href="#[3c1]">&gt;&gt;</a>&nbsp;&nbsp;&nbsp;Touch_Gpio_Init
<LI><a href="#[3b5]">&gt;&gt;</a>&nbsp;&nbsp;&nbsp;LCD_CtrlLinesConfig
</UL>

<P><STRONG><a name="[418]"></a>GPIO_StructInit</STRONG> (Thumb, 16 bytes, Stack size 0 bytes, stm32f10x_gpio.o(.text), UNUSED)

<P><STRONG><a name="[419]"></a>GPIO_ReadInputDataBit</STRONG> (Thumb, 18 bytes, Stack size 0 bytes, stm32f10x_gpio.o(.text), UNUSED)

<P><STRONG><a name="[41a]"></a>GPIO_ReadInputData</STRONG> (Thumb, 8 bytes, Stack size 0 bytes, stm32f10x_gpio.o(.text), UNUSED)

<P><STRONG><a name="[41b]"></a>GPIO_ReadOutputDataBit</STRONG> (Thumb, 18 bytes, Stack size 0 bytes, stm32f10x_gpio.o(.text), UNUSED)

<P><STRONG><a name="[41c]"></a>GPIO_ReadOutputData</STRONG> (Thumb, 8 bytes, Stack size 0 bytes, stm32f10x_gpio.o(.text), UNUSED)

<P><STRONG><a name="[3c2]"></a>GPIO_SetBits</STRONG> (Thumb, 4 bytes, Stack size 0 bytes, stm32f10x_gpio.o(.text))
<BR><BR>[Called By]<UL><LI><a href="#[3ce]">&gt;&gt;</a>&nbsp;&nbsp;&nbsp;ADS_Read_AD
<LI><a href="#[3c3]">&gt;&gt;</a>&nbsp;&nbsp;&nbsp;TouchSPIx_Init
<LI><a href="#[3c1]">&gt;&gt;</a>&nbsp;&nbsp;&nbsp;Touch_Gpio_Init
</UL>

<P><STRONG><a name="[3cf]"></a>GPIO_ResetBits</STRONG> (Thumb, 4 bytes, Stack size 0 bytes, stm32f10x_gpio.o(.text))
<BR><BR>[Called By]<UL><LI><a href="#[3ce]">&gt;&gt;</a>&nbsp;&nbsp;&nbsp;ADS_Read_AD
</UL>

<P><STRONG><a name="[3b6]"></a>GPIO_WriteBit</STRONG> (Thumb, 10 bytes, Stack size 0 bytes, stm32f10x_gpio.o(.text))
<BR><BR>[Called By]<UL><LI><a href="#[3b5]">&gt;&gt;</a>&nbsp;&nbsp;&nbsp;LCD_CtrlLinesConfig
</UL>

<P><STRONG><a name="[41d]"></a>GPIO_Write</STRONG> (Thumb, 4 bytes, Stack size 0 bytes, stm32f10x_gpio.o(.text), UNUSED)

<P><STRONG><a name="[41e]"></a>GPIO_PinLockConfig</STRONG> (Thumb, 18 bytes, Stack size 0 bytes, stm32f10x_gpio.o(.text), UNUSED)

<P><STRONG><a name="[41f]"></a>GPIO_EventOutputConfig</STRONG> (Thumb, 26 bytes, Stack size 0 bytes, stm32f10x_gpio.o(.text), UNUSED)

<P><STRONG><a name="[420]"></a>GPIO_EventOutputCmd</STRONG> (Thumb, 6 bytes, Stack size 0 bytes, stm32f10x_gpio.o(.text), UNUSED)

<P><STRONG><a name="[421]"></a>GPIO_PinRemapConfig</STRONG> (Thumb, 138 bytes, Stack size 20 bytes, stm32f10x_gpio.o(.text), UNUSED)

<P><STRONG><a name="[3c7]"></a>GPIO_EXTILineConfig</STRONG> (Thumb, 66 bytes, Stack size 12 bytes, stm32f10x_gpio.o(.text), UNUSED)
<BR><BR>[Called By]<UL><LI><a href="#[3c6]">&gt;&gt;</a>&nbsp;&nbsp;&nbsp;TOUCH_EXTI_Configuration
</UL>

<P><STRONG><a name="[422]"></a>GPIO_ETH_MediaInterfaceConfig</STRONG> (Thumb, 6 bytes, Stack size 0 bytes, stm32f10x_gpio.o(.text), UNUSED)

<P><STRONG><a name="[9d]"></a>SPI_I2S_DeInit</STRONG> (Thumb, 76 bytes, Stack size 8 bytes, stm32f10x_spi.o(.text), UNUSED)
<BR><BR>[Calls]<UL><LI><a href="#[9e]">&gt;&gt;</a>&nbsp;&nbsp;&nbsp;RCC_APB1PeriphResetCmd
<LI><a href="#[9b]">&gt;&gt;</a>&nbsp;&nbsp;&nbsp;RCC_APB2PeriphResetCmd
</UL>

<P><STRONG><a name="[3c4]"></a>SPI_Init</STRONG> (Thumb, 60 bytes, Stack size 8 bytes, stm32f10x_spi.o(.text))
<BR><BR>[Stack]<UL><LI>Max Depth = 8<LI>Call Chain = SPI_Init
</UL>
<BR>[Called By]<UL><LI><a href="#[3c3]">&gt;&gt;</a>&nbsp;&nbsp;&nbsp;TouchSPIx_Init
</UL>

<P><STRONG><a name="[9f]"></a>I2S_Init</STRONG> (Thumb, 222 bytes, Stack size 56 bytes, stm32f10x_spi.o(.text), UNUSED)
<BR><BR>[Calls]<UL><LI><a href="#[a0]">&gt;&gt;</a>&nbsp;&nbsp;&nbsp;RCC_GetClocksFreq
</UL>

<P><STRONG><a name="[423]"></a>SPI_StructInit</STRONG> (Thumb, 24 bytes, Stack size 0 bytes, stm32f10x_spi.o(.text), UNUSED)

<P><STRONG><a name="[424]"></a>I2S_StructInit</STRONG> (Thumb, 20 bytes, Stack size 0 bytes, stm32f10x_spi.o(.text), UNUSED)

<P><STRONG><a name="[3c5]"></a>SPI_Cmd</STRONG> (Thumb, 24 bytes, Stack size 0 bytes, stm32f10x_spi.o(.text))
<BR><BR>[Called By]<UL><LI><a href="#[3c3]">&gt;&gt;</a>&nbsp;&nbsp;&nbsp;TouchSPIx_Init
</UL>

<P><STRONG><a name="[425]"></a>I2S_Cmd</STRONG> (Thumb, 24 bytes, Stack size 0 bytes, stm32f10x_spi.o(.text), UNUSED)

<P><STRONG><a name="[426]"></a>SPI_I2S_ITConfig</STRONG> (Thumb, 36 bytes, Stack size 16 bytes, stm32f10x_spi.o(.text), UNUSED)

<P><STRONG><a name="[427]"></a>SPI_I2S_DMACmd</STRONG> (Thumb, 24 bytes, Stack size 8 bytes, stm32f10x_spi.o(.text), UNUSED)

<P><STRONG><a name="[3cc]"></a>SPI_I2S_SendData</STRONG> (Thumb, 4 bytes, Stack size 0 bytes, stm32f10x_spi.o(.text))
<BR><BR>[Called By]<UL><LI><a href="#[3ca]">&gt;&gt;</a>&nbsp;&nbsp;&nbsp;SPI_SendByte
</UL>

<P><STRONG><a name="[3cd]"></a>SPI_I2S_ReceiveData</STRONG> (Thumb, 6 bytes, Stack size 0 bytes, stm32f10x_spi.o(.text))
<BR><BR>[Called By]<UL><LI><a href="#[3ca]">&gt;&gt;</a>&nbsp;&nbsp;&nbsp;SPI_SendByte
</UL>

<P><STRONG><a name="[428]"></a>SPI_NSSInternalSoftwareConfig</STRONG> (Thumb, 30 bytes, Stack size 0 bytes, stm32f10x_spi.o(.text), UNUSED)

<P><STRONG><a name="[429]"></a>SPI_SSOutputCmd</STRONG> (Thumb, 24 bytes, Stack size 0 bytes, stm32f10x_spi.o(.text), UNUSED)

<P><STRONG><a name="[42a]"></a>SPI_DataSizeConfig</STRONG> (Thumb, 18 bytes, Stack size 0 bytes, stm32f10x_spi.o(.text), UNUSED)

<P><STRONG><a name="[42b]"></a>SPI_TransmitCRC</STRONG> (Thumb, 10 bytes, Stack size 0 bytes, stm32f10x_spi.o(.text), UNUSED)

<P><STRONG><a name="[42c]"></a>SPI_CalculateCRC</STRONG> (Thumb, 24 bytes, Stack size 0 bytes, stm32f10x_spi.o(.text), UNUSED)

<P><STRONG><a name="[42d]"></a>SPI_GetCRC</STRONG> (Thumb, 16 bytes, Stack size 0 bytes, stm32f10x_spi.o(.text), UNUSED)

<P><STRONG><a name="[42e]"></a>SPI_GetCRCPolynomial</STRONG> (Thumb, 6 bytes, Stack size 0 bytes, stm32f10x_spi.o(.text), UNUSED)

<P><STRONG><a name="[42f]"></a>SPI_BiDirectionalLineConfig</STRONG> (Thumb, 28 bytes, Stack size 0 bytes, stm32f10x_spi.o(.text), UNUSED)

<P><STRONG><a name="[3cb]"></a>SPI_I2S_GetFlagStatus</STRONG> (Thumb, 18 bytes, Stack size 0 bytes, stm32f10x_spi.o(.text))
<BR><BR>[Called By]<UL><LI><a href="#[3ca]">&gt;&gt;</a>&nbsp;&nbsp;&nbsp;SPI_SendByte
</UL>

<P><STRONG><a name="[430]"></a>SPI_I2S_ClearFlag</STRONG> (Thumb, 6 bytes, Stack size 0 bytes, stm32f10x_spi.o(.text), UNUSED)

<P><STRONG><a name="[431]"></a>SPI_I2S_GetITStatus</STRONG> (Thumb, 52 bytes, Stack size 20 bytes, stm32f10x_spi.o(.text), UNUSED)

<P><STRONG><a name="[432]"></a>SPI_I2S_ClearITPendingBit</STRONG> (Thumb, 20 bytes, Stack size 8 bytes, stm32f10x_spi.o(.text), UNUSED)

<P><STRONG><a name="[433]"></a>FSMC_NORSRAMDeInit</STRONG> (Thumb, 56 bytes, Stack size 0 bytes, stm32f10x_fsmc.o(.text), UNUSED)

<P><STRONG><a name="[434]"></a>FSMC_NANDDeInit</STRONG> (Thumb, 62 bytes, Stack size 0 bytes, stm32f10x_fsmc.o(.text), UNUSED)

<P><STRONG><a name="[435]"></a>FSMC_PCCARDDeInit</STRONG> (Thumb, 40 bytes, Stack size 0 bytes, stm32f10x_fsmc.o(.text), UNUSED)

<P><STRONG><a name="[3b3]"></a>FSMC_NORSRAMInit</STRONG> (Thumb, 224 bytes, Stack size 0 bytes, stm32f10x_fsmc.o(.text))
<BR><BR>[Called By]<UL><LI><a href="#[3b2]">&gt;&gt;</a>&nbsp;&nbsp;&nbsp;LCD_FSMCConfig
</UL>

<P><STRONG><a name="[436]"></a>FSMC_NANDInit</STRONG> (Thumb, 130 bytes, Stack size 12 bytes, stm32f10x_fsmc.o(.text), UNUSED)

<P><STRONG><a name="[437]"></a>FSMC_PCCARDInit</STRONG> (Thumb, 124 bytes, Stack size 0 bytes, stm32f10x_fsmc.o(.text), UNUSED)

<P><STRONG><a name="[438]"></a>FSMC_NORSRAMStructInit</STRONG> (Thumb, 114 bytes, Stack size 0 bytes, stm32f10x_fsmc.o(.text), UNUSED)

<P><STRONG><a name="[439]"></a>FSMC_NANDStructInit</STRONG> (Thumb, 54 bytes, Stack size 0 bytes, stm32f10x_fsmc.o(.text), UNUSED)

<P><STRONG><a name="[43a]"></a>FSMC_PCCARDStructInit</STRONG> (Thumb, 60 bytes, Stack size 0 bytes, stm32f10x_fsmc.o(.text), UNUSED)

<P><STRONG><a name="[3b4]"></a>FSMC_NORSRAMCmd</STRONG> (Thumb, 46 bytes, Stack size 0 bytes, stm32f10x_fsmc.o(.text))
<BR><BR>[Called By]<UL><LI><a href="#[3b2]">&gt;&gt;</a>&nbsp;&nbsp;&nbsp;LCD_FSMCConfig
</UL>

<P><STRONG><a name="[43b]"></a>FSMC_NANDCmd</STRONG> (Thumb, 86 bytes, Stack size 0 bytes, stm32f10x_fsmc.o(.text), UNUSED)

<P><STRONG><a name="[43c]"></a>FSMC_PCCARDCmd</STRONG> (Thumb, 40 bytes, Stack size 0 bytes, stm32f10x_fsmc.o(.text), UNUSED)

<P><STRONG><a name="[43d]"></a>FSMC_NANDECCCmd</STRONG> (Thumb, 118 bytes, Stack size 0 bytes, stm32f10x_fsmc.o(.text), UNUSED)

<P><STRONG><a name="[43e]"></a>FSMC_GetECC</STRONG> (Thumb, 22 bytes, Stack size 0 bytes, stm32f10x_fsmc.o(.text), UNUSED)

<P><STRONG><a name="[43f]"></a>FSMC_ITConfig</STRONG> (Thumb, 128 bytes, Stack size 8 bytes, stm32f10x_fsmc.o(.text), UNUSED)

<P><STRONG><a name="[440]"></a>FSMC_GetFlagStatus</STRONG> (Thumb, 48 bytes, Stack size 8 bytes, stm32f10x_fsmc.o(.text), UNUSED)

<P><STRONG><a name="[441]"></a>FSMC_ClearFlag</STRONG> (Thumb, 62 bytes, Stack size 0 bytes, stm32f10x_fsmc.o(.text), UNUSED)

<P><STRONG><a name="[442]"></a>FSMC_GetITStatus</STRONG> (Thumb, 60 bytes, Stack size 16 bytes, stm32f10x_fsmc.o(.text), UNUSED)

<P><STRONG><a name="[443]"></a>FSMC_ClearITPendingBit</STRONG> (Thumb, 64 bytes, Stack size 0 bytes, stm32f10x_fsmc.o(.text), UNUSED)

<P><STRONG><a name="[444]"></a>EXTI_DeInit</STRONG> (Thumb, 30 bytes, Stack size 0 bytes, stm32f10x_exti.o(.text), UNUSED)

<P><STRONG><a name="[3c8]"></a>EXTI_Init</STRONG> (Thumb, 160 bytes, Stack size 0 bytes, stm32f10x_exti.o(.text), UNUSED)
<BR><BR>[Called By]<UL><LI><a href="#[3c6]">&gt;&gt;</a>&nbsp;&nbsp;&nbsp;TOUCH_EXTI_Configuration
</UL>

<P><STRONG><a name="[445]"></a>EXTI_StructInit</STRONG> (Thumb, 16 bytes, Stack size 0 bytes, stm32f10x_exti.o(.text), UNUSED)

<P><STRONG><a name="[3c9]"></a>EXTI_GenerateSWInterrupt</STRONG> (Thumb, 16 bytes, Stack size 0 bytes, stm32f10x_exti.o(.text), UNUSED)
<BR><BR>[Called By]<UL><LI><a href="#[3c6]">&gt;&gt;</a>&nbsp;&nbsp;&nbsp;TOUCH_EXTI_Configuration
</UL>

<P><STRONG><a name="[446]"></a>EXTI_GetFlagStatus</STRONG> (Thumb, 20 bytes, Stack size 0 bytes, stm32f10x_exti.o(.text), UNUSED)

<P><STRONG><a name="[447]"></a>EXTI_ClearFlag</STRONG> (Thumb, 6 bytes, Stack size 0 bytes, stm32f10x_exti.o(.text), UNUSED)

<P><STRONG><a name="[3e4]"></a>EXTI_GetITStatus</STRONG> (Thumb, 34 bytes, Stack size 0 bytes, stm32f10x_exti.o(.text), UNUSED)
<BR><BR>[Called By]<UL><LI><a href="#[3e3]">&gt;&gt;</a>&nbsp;&nbsp;&nbsp;Touch_IRQ
</UL>

<P><STRONG><a name="[3e5]"></a>EXTI_ClearITPendingBit</STRONG> (Thumb, 6 bytes, Stack size 0 bytes, stm32f10x_exti.o(.text), UNUSED)
<BR><BR>[Called By]<UL><LI><a href="#[3e3]">&gt;&gt;</a>&nbsp;&nbsp;&nbsp;Touch_IRQ
</UL>

<P><STRONG><a name="[a1]"></a>DAC_DeInit</STRONG> (Thumb, 22 bytes, Stack size 8 bytes, stm32f10x_dac.o(.text), UNUSED)
<BR><BR>[Calls]<UL><LI><a href="#[9e]">&gt;&gt;</a>&nbsp;&nbsp;&nbsp;RCC_APB1PeriphResetCmd
</UL>

<P><STRONG><a name="[b7]"></a>DAC_Init</STRONG> (Thumb, 58 bytes, Stack size 12 bytes, stm32f10x_dac.o(.text))
<BR><BR>[Stack]<UL><LI>Max Depth = 12<LI>Call Chain = DAC_Init
</UL>
<BR>[Called By]<UL><LI><a href="#[b3]">&gt;&gt;</a>&nbsp;&nbsp;&nbsp;DAC_Config
</UL>

<P><STRONG><a name="[448]"></a>DAC_StructInit</STRONG> (Thumb, 12 bytes, Stack size 0 bytes, stm32f10x_dac.o(.text), UNUSED)

<P><STRONG><a name="[b8]"></a>DAC_Cmd</STRONG> (Thumb, 50 bytes, Stack size 0 bytes, stm32f10x_dac.o(.text))
<BR><BR>[Called By]<UL><LI><a href="#[b3]">&gt;&gt;</a>&nbsp;&nbsp;&nbsp;DAC_Config
</UL>

<P><STRONG><a name="[b9]"></a>DAC_DMACmd</STRONG> (Thumb, 50 bytes, Stack size 0 bytes, stm32f10x_dac.o(.text))
<BR><BR>[Called By]<UL><LI><a href="#[b3]">&gt;&gt;</a>&nbsp;&nbsp;&nbsp;DAC_Config
</UL>

<P><STRONG><a name="[449]"></a>DAC_SoftwareTriggerCmd</STRONG> (Thumb, 60 bytes, Stack size 8 bytes, stm32f10x_dac.o(.text), UNUSED)

<P><STRONG><a name="[44a]"></a>DAC_DualSoftwareTriggerCmd</STRONG> (Thumb, 34 bytes, Stack size 0 bytes, stm32f10x_dac.o(.text), UNUSED)

<P><STRONG><a name="[44b]"></a>DAC_WaveGenerationCmd</STRONG> (Thumb, 44 bytes, Stack size 8 bytes, stm32f10x_dac.o(.text), UNUSED)

<P><STRONG><a name="[44c]"></a>DAC_SetChannel1Data</STRONG> (Thumb, 14 bytes, Stack size 0 bytes, stm32f10x_dac.o(.text), UNUSED)

<P><STRONG><a name="[44d]"></a>DAC_SetChannel2Data</STRONG> (Thumb, 14 bytes, Stack size 0 bytes, stm32f10x_dac.o(.text), UNUSED)

<P><STRONG><a name="[44e]"></a>DAC_SetDualChannelData</STRONG> (Thumb, 32 bytes, Stack size 12 bytes, stm32f10x_dac.o(.text), UNUSED)

<P><STRONG><a name="[44f]"></a>DAC_GetDataOutputValue</STRONG> (Thumb, 20 bytes, Stack size 0 bytes, stm32f10x_dac.o(.text), UNUSED)

<P><STRONG><a name="[450]"></a>DMA_DeInit</STRONG> (Thumb, 320 bytes, Stack size 0 bytes, stm32f10x_dma.o(.text), UNUSED)

<P><STRONG><a name="[c0]"></a>DMA_Init</STRONG> (Thumb, 60 bytes, Stack size 8 bytes, stm32f10x_dma.o(.text))
<BR><BR>[Stack]<UL><LI>Max Depth = 8<LI>Call Chain = DMA_Init
</UL>
<BR>[Called By]<UL><LI><a href="#[be]">&gt;&gt;</a>&nbsp;&nbsp;&nbsp;DAC_DMA_Config
</UL>

<P><STRONG><a name="[451]"></a>DMA_StructInit</STRONG> (Thumb, 26 bytes, Stack size 0 bytes, stm32f10x_dma.o(.text), UNUSED)

<P><STRONG><a name="[c1]"></a>DMA_Cmd</STRONG> (Thumb, 24 bytes, Stack size 0 bytes, stm32f10x_dma.o(.text))
<BR><BR>[Called By]<UL><LI><a href="#[be]">&gt;&gt;</a>&nbsp;&nbsp;&nbsp;DAC_DMA_Config
</UL>

<P><STRONG><a name="[452]"></a>DMA_ITConfig</STRONG> (Thumb, 18 bytes, Stack size 0 bytes, stm32f10x_dma.o(.text), UNUSED)

<P><STRONG><a name="[453]"></a>DMA_SetCurrDataCounter</STRONG> (Thumb, 4 bytes, Stack size 0 bytes, stm32f10x_dma.o(.text), UNUSED)

<P><STRONG><a name="[454]"></a>DMA_GetCurrDataCounter</STRONG> (Thumb, 8 bytes, Stack size 0 bytes, stm32f10x_dma.o(.text), UNUSED)

<P><STRONG><a name="[455]"></a>DMA_GetFlagStatus</STRONG> (Thumb, 34 bytes, Stack size 0 bytes, stm32f10x_dma.o(.text), UNUSED)

<P><STRONG><a name="[456]"></a>DMA_ClearFlag</STRONG> (Thumb, 18 bytes, Stack size 0 bytes, stm32f10x_dma.o(.text), UNUSED)

<P><STRONG><a name="[457]"></a>DMA_GetITStatus</STRONG> (Thumb, 34 bytes, Stack size 0 bytes, stm32f10x_dma.o(.text), UNUSED)

<P><STRONG><a name="[458]"></a>DMA_ClearITPendingBit</STRONG> (Thumb, 18 bytes, Stack size 0 bytes, stm32f10x_dma.o(.text), UNUSED)

<P><STRONG><a name="[a2]"></a>TIM_DeInit</STRONG> (Thumb, 424 bytes, Stack size 8 bytes, stm32f10x_tim.o(.text), UNUSED)
<BR><BR>[Calls]<UL><LI><a href="#[9e]">&gt;&gt;</a>&nbsp;&nbsp;&nbsp;RCC_APB1PeriphResetCmd
<LI><a href="#[9b]">&gt;&gt;</a>&nbsp;&nbsp;&nbsp;RCC_APB2PeriphResetCmd
</UL>

<P><STRONG><a name="[bb]"></a>TIM_TimeBaseInit</STRONG> (Thumb, 122 bytes, Stack size 0 bytes, stm32f10x_tim.o(.text))
<BR><BR>[Called By]<UL><LI><a href="#[ba]">&gt;&gt;</a>&nbsp;&nbsp;&nbsp;DAC_TIM_Config
</UL>

<P><STRONG><a name="[459]"></a>TIM_OC1Init</STRONG> (Thumb, 132 bytes, Stack size 16 bytes, stm32f10x_tim.o(.text), UNUSED)

<P><STRONG><a name="[45a]"></a>TIM_OC2Init</STRONG> (Thumb, 146 bytes, Stack size 16 bytes, stm32f10x_tim.o(.text), UNUSED)

<P><STRONG><a name="[45b]"></a>TIM_OC3Init</STRONG> (Thumb, 142 bytes, Stack size 16 bytes, stm32f10x_tim.o(.text), UNUSED)

<P><STRONG><a name="[45c]"></a>TIM_OC4Init</STRONG> (Thumb, 172 bytes, Stack size 16 bytes, stm32f10x_tim.o(.text), UNUSED)

<P><STRONG><a name="[ab]"></a>TIM_SetIC4Prescaler</STRONG> (Thumb, 22 bytes, Stack size 0 bytes, stm32f10x_tim.o(.text), UNUSED)
<BR><BR>[Called By]<UL><LI><a href="#[a3]">&gt;&gt;</a>&nbsp;&nbsp;&nbsp;TIM_ICInit
</UL>

<P><STRONG><a name="[a9]"></a>TIM_SetIC3Prescaler</STRONG> (Thumb, 18 bytes, Stack size 0 bytes, stm32f10x_tim.o(.text), UNUSED)
<BR><BR>[Called By]<UL><LI><a href="#[a3]">&gt;&gt;</a>&nbsp;&nbsp;&nbsp;TIM_ICInit
</UL>

<P><STRONG><a name="[a7]"></a>TIM_SetIC2Prescaler</STRONG> (Thumb, 22 bytes, Stack size 0 bytes, stm32f10x_tim.o(.text), UNUSED)
<BR><BR>[Called By]<UL><LI><a href="#[ac]">&gt;&gt;</a>&nbsp;&nbsp;&nbsp;TIM_PWMIConfig
<LI><a href="#[a3]">&gt;&gt;</a>&nbsp;&nbsp;&nbsp;TIM_ICInit
</UL>

<P><STRONG><a name="[a5]"></a>TIM_SetIC1Prescaler</STRONG> (Thumb, 18 bytes, Stack size 0 bytes, stm32f10x_tim.o(.text), UNUSED)
<BR><BR>[Called By]<UL><LI><a href="#[ac]">&gt;&gt;</a>&nbsp;&nbsp;&nbsp;TIM_PWMIConfig
<LI><a href="#[a3]">&gt;&gt;</a>&nbsp;&nbsp;&nbsp;TIM_ICInit
</UL>

<P><STRONG><a name="[a3]"></a>TIM_ICInit</STRONG> (Thumb, 150 bytes, Stack size 16 bytes, stm32f10x_tim.o(.text), UNUSED)
<BR><BR>[Calls]<UL><LI><a href="#[a5]">&gt;&gt;</a>&nbsp;&nbsp;&nbsp;TIM_SetIC1Prescaler
<LI><a href="#[a7]">&gt;&gt;</a>&nbsp;&nbsp;&nbsp;TIM_SetIC2Prescaler
<LI><a href="#[a9]">&gt;&gt;</a>&nbsp;&nbsp;&nbsp;TIM_SetIC3Prescaler
<LI><a href="#[ab]">&gt;&gt;</a>&nbsp;&nbsp;&nbsp;TIM_SetIC4Prescaler
<LI><a href="#[a4]">&gt;&gt;</a>&nbsp;&nbsp;&nbsp;TI1_Config
<LI><a href="#[a6]">&gt;&gt;</a>&nbsp;&nbsp;&nbsp;TI2_Config
<LI><a href="#[a8]">&gt;&gt;</a>&nbsp;&nbsp;&nbsp;TI3_Config
<LI><a href="#[aa]">&gt;&gt;</a>&nbsp;&nbsp;&nbsp;TI4_Config
</UL>

<P><STRONG><a name="[ac]"></a>TIM_PWMIConfig</STRONG> (Thumb, 124 bytes, Stack size 24 bytes, stm32f10x_tim.o(.text), UNUSED)
<BR><BR>[Calls]<UL><LI><a href="#[a5]">&gt;&gt;</a>&nbsp;&nbsp;&nbsp;TIM_SetIC1Prescaler
<LI><a href="#[a7]">&gt;&gt;</a>&nbsp;&nbsp;&nbsp;TIM_SetIC2Prescaler
<LI><a href="#[a4]">&gt;&gt;</a>&nbsp;&nbsp;&nbsp;TI1_Config
<LI><a href="#[a6]">&gt;&gt;</a>&nbsp;&nbsp;&nbsp;TI2_Config
</UL>

<P><STRONG><a name="[45d]"></a>TIM_BDTRConfig</STRONG> (Thumb, 32 bytes, Stack size 0 bytes, stm32f10x_tim.o(.text), UNUSED)

<P><STRONG><a name="[45e]"></a>TIM_TimeBaseStructInit</STRONG> (Thumb, 18 bytes, Stack size 0 bytes, stm32f10x_tim.o(.text), UNUSED)

<P><STRONG><a name="[45f]"></a>TIM_OCStructInit</STRONG> (Thumb, 20 bytes, Stack size 0 bytes, stm32f10x_tim.o(.text), UNUSED)

<P><STRONG><a name="[460]"></a>TIM_ICStructInit</STRONG> (Thumb, 18 bytes, Stack size 0 bytes, stm32f10x_tim.o(.text), UNUSED)

<P><STRONG><a name="[461]"></a>TIM_BDTRStructInit</STRONG> (Thumb, 18 bytes, Stack size 0 bytes, stm32f10x_tim.o(.text), UNUSED)

<P><STRONG><a name="[bd]"></a>TIM_Cmd</STRONG> (Thumb, 24 bytes, Stack size 0 bytes, stm32f10x_tim.o(.text))
<BR><BR>[Called By]<UL><LI><a href="#[ba]">&gt;&gt;</a>&nbsp;&nbsp;&nbsp;DAC_TIM_Config
</UL>

<P><STRONG><a name="[462]"></a>TIM_CtrlPWMOutputs</STRONG> (Thumb, 52 bytes, Stack size 0 bytes, stm32f10x_tim.o(.text), UNUSED)

<P><STRONG><a name="[463]"></a>TIM_ITConfig</STRONG> (Thumb, 24 bytes, Stack size 8 bytes, stm32f10x_tim.o(.text), UNUSED)

<P><STRONG><a name="[464]"></a>TIM_GenerateEvent</STRONG> (Thumb, 4 bytes, Stack size 0 bytes, stm32f10x_tim.o(.text), UNUSED)

<P><STRONG><a name="[465]"></a>TIM_DMAConfig</STRONG> (Thumb, 10 bytes, Stack size 0 bytes, stm32f10x_tim.o(.text), UNUSED)

<P><STRONG><a name="[466]"></a>TIM_DMACmd</STRONG> (Thumb, 24 bytes, Stack size 8 bytes, stm32f10x_tim.o(.text), UNUSED)

<P><STRONG><a name="[467]"></a>TIM_InternalClockConfig</STRONG> (Thumb, 12 bytes, Stack size 0 bytes, stm32f10x_tim.o(.text), UNUSED)

<P><STRONG><a name="[ae]"></a>TIM_SelectInputTrigger</STRONG> (Thumb, 18 bytes, Stack size 0 bytes, stm32f10x_tim.o(.text), UNUSED)
<BR><BR>[Called By]<UL><LI><a href="#[af]">&gt;&gt;</a>&nbsp;&nbsp;&nbsp;TIM_TIxExternalClockConfig
<LI><a href="#[ad]">&gt;&gt;</a>&nbsp;&nbsp;&nbsp;TIM_ITRxExternalClockConfig
</UL>

<P><STRONG><a name="[ad]"></a>TIM_ITRxExternalClockConfig</STRONG> (Thumb, 24 bytes, Stack size 12 bytes, stm32f10x_tim.o(.text), UNUSED)
<BR><BR>[Calls]<UL><LI><a href="#[ae]">&gt;&gt;</a>&nbsp;&nbsp;&nbsp;TIM_SelectInputTrigger
</UL>

<P><STRONG><a name="[af]"></a>TIM_TIxExternalClockConfig</STRONG> (Thumb, 62 bytes, Stack size 24 bytes, stm32f10x_tim.o(.text), UNUSED)
<BR><BR>[Calls]<UL><LI><a href="#[ae]">&gt;&gt;</a>&nbsp;&nbsp;&nbsp;TIM_SelectInputTrigger
<LI><a href="#[a4]">&gt;&gt;</a>&nbsp;&nbsp;&nbsp;TI1_Config
<LI><a href="#[a6]">&gt;&gt;</a>&nbsp;&nbsp;&nbsp;TI2_Config
</UL>

<P><STRONG><a name="[b1]"></a>TIM_ETRConfig</STRONG> (Thumb, 24 bytes, Stack size 12 bytes, stm32f10x_tim.o(.text), UNUSED)
<BR><BR>[Called By]<UL><LI><a href="#[b2]">&gt;&gt;</a>&nbsp;&nbsp;&nbsp;TIM_ETRClockMode2Config
<LI><a href="#[b0]">&gt;&gt;</a>&nbsp;&nbsp;&nbsp;TIM_ETRClockMode1Config
</UL>

<P><STRONG><a name="[b0]"></a>TIM_ETRClockMode1Config</STRONG> (Thumb, 54 bytes, Stack size 24 bytes, stm32f10x_tim.o(.text), UNUSED)
<BR><BR>[Calls]<UL><LI><a href="#[b1]">&gt;&gt;</a>&nbsp;&nbsp;&nbsp;TIM_ETRConfig
</UL>

<P><STRONG><a name="[b2]"></a>TIM_ETRClockMode2Config</STRONG> (Thumb, 32 bytes, Stack size 20 bytes, stm32f10x_tim.o(.text), UNUSED)
<BR><BR>[Calls]<UL><LI><a href="#[b1]">&gt;&gt;</a>&nbsp;&nbsp;&nbsp;TIM_ETRConfig
</UL>

<P><STRONG><a name="[468]"></a>TIM_PrescalerConfig</STRONG> (Thumb, 6 bytes, Stack size 0 bytes, stm32f10x_tim.o(.text), UNUSED)

<P><STRONG><a name="[469]"></a>TIM_CounterModeConfig</STRONG> (Thumb, 18 bytes, Stack size 0 bytes, stm32f10x_tim.o(.text), UNUSED)

<P><STRONG><a name="[46a]"></a>TIM_EncoderInterfaceConfig</STRONG> (Thumb, 62 bytes, Stack size 20 bytes, stm32f10x_tim.o(.text), UNUSED)

<P><STRONG><a name="[46b]"></a>TIM_ForcedOC1Config</STRONG> (Thumb, 18 bytes, Stack size 0 bytes, stm32f10x_tim.o(.text), UNUSED)

<P><STRONG><a name="[46c]"></a>TIM_ForcedOC2Config</STRONG> (Thumb, 22 bytes, Stack size 0 bytes, stm32f10x_tim.o(.text), UNUSED)

<P><STRONG><a name="[46d]"></a>TIM_ForcedOC3Config</STRONG> (Thumb, 18 bytes, Stack size 0 bytes, stm32f10x_tim.o(.text), UNUSED)

<P><STRONG><a name="[46e]"></a>TIM_ForcedOC4Config</STRONG> (Thumb, 22 bytes, Stack size 0 bytes, stm32f10x_tim.o(.text), UNUSED)

<P><STRONG><a name="[46f]"></a>TIM_ARRPreloadConfig</STRONG> (Thumb, 24 bytes, Stack size 0 bytes, stm32f10x_tim.o(.text), UNUSED)

<P><STRONG><a name="[470]"></a>TIM_SelectCOM</STRONG> (Thumb, 24 bytes, Stack size 0 bytes, stm32f10x_tim.o(.text), UNUSED)

<P><STRONG><a name="[471]"></a>TIM_SelectCCDMA</STRONG> (Thumb, 24 bytes, Stack size 0 bytes, stm32f10x_tim.o(.text), UNUSED)

<P><STRONG><a name="[472]"></a>TIM_CCPreloadControl</STRONG> (Thumb, 24 bytes, Stack size 0 bytes, stm32f10x_tim.o(.text), UNUSED)

<P><STRONG><a name="[473]"></a>TIM_OC1PreloadConfig</STRONG> (Thumb, 18 bytes, Stack size 0 bytes, stm32f10x_tim.o(.text), UNUSED)

<P><STRONG><a name="[474]"></a>TIM_OC2PreloadConfig</STRONG> (Thumb, 22 bytes, Stack size 0 bytes, stm32f10x_tim.o(.text), UNUSED)

<P><STRONG><a name="[475]"></a>TIM_OC3PreloadConfig</STRONG> (Thumb, 18 bytes, Stack size 0 bytes, stm32f10x_tim.o(.text), UNUSED)

<P><STRONG><a name="[476]"></a>TIM_OC4PreloadConfig</STRONG> (Thumb, 22 bytes, Stack size 0 bytes, stm32f10x_tim.o(.text), UNUSED)

<P><STRONG><a name="[477]"></a>TIM_OC1FastConfig</STRONG> (Thumb, 18 bytes, Stack size 0 bytes, stm32f10x_tim.o(.text), UNUSED)

<P><STRONG><a name="[478]"></a>TIM_OC2FastConfig</STRONG> (Thumb, 22 bytes, Stack size 0 bytes, stm32f10x_tim.o(.text), UNUSED)

<P><STRONG><a name="[479]"></a>TIM_OC3FastConfig</STRONG> (Thumb, 18 bytes, Stack size 0 bytes, stm32f10x_tim.o(.text), UNUSED)

<P><STRONG><a name="[47a]"></a>TIM_OC4FastConfig</STRONG> (Thumb, 22 bytes, Stack size 0 bytes, stm32f10x_tim.o(.text), UNUSED)

<P><STRONG><a name="[47b]"></a>TIM_ClearOC1Ref</STRONG> (Thumb, 18 bytes, Stack size 0 bytes, stm32f10x_tim.o(.text), UNUSED)

<P><STRONG><a name="[47c]"></a>TIM_ClearOC2Ref</STRONG> (Thumb, 20 bytes, Stack size 0 bytes, stm32f10x_tim.o(.text), UNUSED)

<P><STRONG><a name="[47d]"></a>TIM_ClearOC3Ref</STRONG> (Thumb, 18 bytes, Stack size 0 bytes, stm32f10x_tim.o(.text), UNUSED)

<P><STRONG><a name="[47e]"></a>TIM_ClearOC4Ref</STRONG> (Thumb, 20 bytes, Stack size 0 bytes, stm32f10x_tim.o(.text), UNUSED)

<P><STRONG><a name="[47f]"></a>TIM_OC1PolarityConfig</STRONG> (Thumb, 18 bytes, Stack size 0 bytes, stm32f10x_tim.o(.text), UNUSED)

<P><STRONG><a name="[480]"></a>TIM_OC1NPolarityConfig</STRONG> (Thumb, 18 bytes, Stack size 0 bytes, stm32f10x_tim.o(.text), UNUSED)

<P><STRONG><a name="[481]"></a>TIM_OC2PolarityConfig</STRONG> (Thumb, 22 bytes, Stack size 0 bytes, stm32f10x_tim.o(.text), UNUSED)

<P><STRONG><a name="[482]"></a>TIM_OC2NPolarityConfig</STRONG> (Thumb, 22 bytes, Stack size 0 bytes, stm32f10x_tim.o(.text), UNUSED)

<P><STRONG><a name="[483]"></a>TIM_OC3PolarityConfig</STRONG> (Thumb, 22 bytes, Stack size 0 bytes, stm32f10x_tim.o(.text), UNUSED)

<P><STRONG><a name="[484]"></a>TIM_OC3NPolarityConfig</STRONG> (Thumb, 22 bytes, Stack size 0 bytes, stm32f10x_tim.o(.text), UNUSED)

<P><STRONG><a name="[485]"></a>TIM_OC4PolarityConfig</STRONG> (Thumb, 22 bytes, Stack size 0 bytes, stm32f10x_tim.o(.text), UNUSED)

<P><STRONG><a name="[486]"></a>TIM_CCxCmd</STRONG> (Thumb, 34 bytes, Stack size 12 bytes, stm32f10x_tim.o(.text), UNUSED)

<P><STRONG><a name="[487]"></a>TIM_CCxNCmd</STRONG> (Thumb, 34 bytes, Stack size 12 bytes, stm32f10x_tim.o(.text), UNUSED)

<P><STRONG><a name="[488]"></a>TIM_SelectOCxM</STRONG> (Thumb, 82 bytes, Stack size 16 bytes, stm32f10x_tim.o(.text), UNUSED)

<P><STRONG><a name="[489]"></a>TIM_UpdateDisableConfig</STRONG> (Thumb, 24 bytes, Stack size 0 bytes, stm32f10x_tim.o(.text), UNUSED)

<P><STRONG><a name="[48a]"></a>TIM_UpdateRequestConfig</STRONG> (Thumb, 24 bytes, Stack size 0 bytes, stm32f10x_tim.o(.text), UNUSED)

<P><STRONG><a name="[48b]"></a>TIM_SelectHallSensor</STRONG> (Thumb, 24 bytes, Stack size 0 bytes, stm32f10x_tim.o(.text), UNUSED)

<P><STRONG><a name="[48c]"></a>TIM_SelectOnePulseMode</STRONG> (Thumb, 18 bytes, Stack size 0 bytes, stm32f10x_tim.o(.text), UNUSED)

<P><STRONG><a name="[bc]"></a>TIM_SelectOutputTrigger</STRONG> (Thumb, 18 bytes, Stack size 0 bytes, stm32f10x_tim.o(.text))
<BR><BR>[Called By]<UL><LI><a href="#[ba]">&gt;&gt;</a>&nbsp;&nbsp;&nbsp;DAC_TIM_Config
</UL>

<P><STRONG><a name="[48d]"></a>TIM_SelectSlaveMode</STRONG> (Thumb, 18 bytes, Stack size 0 bytes, stm32f10x_tim.o(.text), UNUSED)

<P><STRONG><a name="[48e]"></a>TIM_SelectMasterSlaveMode</STRONG> (Thumb, 18 bytes, Stack size 0 bytes, stm32f10x_tim.o(.text), UNUSED)

<P><STRONG><a name="[48f]"></a>TIM_SetCounter</STRONG> (Thumb, 4 bytes, Stack size 0 bytes, stm32f10x_tim.o(.text), UNUSED)

<P><STRONG><a name="[490]"></a>TIM_SetAutoreload</STRONG> (Thumb, 4 bytes, Stack size 0 bytes, stm32f10x_tim.o(.text), UNUSED)

<P><STRONG><a name="[491]"></a>TIM_SetCompare1</STRONG> (Thumb, 4 bytes, Stack size 0 bytes, stm32f10x_tim.o(.text), UNUSED)

<P><STRONG><a name="[492]"></a>TIM_SetCompare2</STRONG> (Thumb, 4 bytes, Stack size 0 bytes, stm32f10x_tim.o(.text), UNUSED)

<P><STRONG><a name="[493]"></a>TIM_SetCompare3</STRONG> (Thumb, 4 bytes, Stack size 0 bytes, stm32f10x_tim.o(.text), UNUSED)

<P><STRONG><a name="[494]"></a>TIM_SetCompare4</STRONG> (Thumb, 6 bytes, Stack size 0 bytes, stm32f10x_tim.o(.text), UNUSED)

<P><STRONG><a name="[495]"></a>TIM_SetClockDivision</STRONG> (Thumb, 18 bytes, Stack size 0 bytes, stm32f10x_tim.o(.text), UNUSED)

<P><STRONG><a name="[496]"></a>TIM_GetCapture1</STRONG> (Thumb, 6 bytes, Stack size 0 bytes, stm32f10x_tim.o(.text), UNUSED)

<P><STRONG><a name="[497]"></a>TIM_GetCapture2</STRONG> (Thumb, 6 bytes, Stack size 0 bytes, stm32f10x_tim.o(.text), UNUSED)

<P><STRONG><a name="[498]"></a>TIM_GetCapture3</STRONG> (Thumb, 6 bytes, Stack size 0 bytes, stm32f10x_tim.o(.text), UNUSED)

<P><STRONG><a name="[499]"></a>TIM_GetCapture4</STRONG> (Thumb, 8 bytes, Stack size 0 bytes, stm32f10x_tim.o(.text), UNUSED)

<P><STRONG><a name="[49a]"></a>TIM_GetCounter</STRONG> (Thumb, 6 bytes, Stack size 0 bytes, stm32f10x_tim.o(.text), UNUSED)

<P><STRONG><a name="[49b]"></a>TIM_GetPrescaler</STRONG> (Thumb, 6 bytes, Stack size 0 bytes, stm32f10x_tim.o(.text), UNUSED)

<P><STRONG><a name="[49c]"></a>TIM_GetFlagStatus</STRONG> (Thumb, 18 bytes, Stack size 0 bytes, stm32f10x_tim.o(.text), UNUSED)

<P><STRONG><a name="[49d]"></a>TIM_ClearFlag</STRONG> (Thumb, 6 bytes, Stack size 0 bytes, stm32f10x_tim.o(.text), UNUSED)

<P><STRONG><a name="[49e]"></a>TIM_GetITStatus</STRONG> (Thumb, 34 bytes, Stack size 12 bytes, stm32f10x_tim.o(.text), UNUSED)

<P><STRONG><a name="[49f]"></a>TIM_ClearITPendingBit</STRONG> (Thumb, 6 bytes, Stack size 0 bytes, stm32f10x_tim.o(.text), UNUSED)

<P><STRONG><a name="[8e]"></a>systick_init</STRONG> (Thumb, 90 bytes, Stack size 24 bytes, systick.o(.text))
<BR><BR>[Stack]<UL><LI>Max Depth = 36<LI>Call Chain = systick_init &rArr; RCC_GetClocksFreq
</UL>
<BR>[Calls]<UL><LI><a href="#[a0]">&gt;&gt;</a>&nbsp;&nbsp;&nbsp;RCC_GetClocksFreq
</UL>
<BR>[Called By]<UL><LI><a href="#[4b]">&gt;&gt;</a>&nbsp;&nbsp;&nbsp;startup_task
</UL>

<P><STRONG><a name="[91]"></a>DAC_Mode_Init</STRONG> (Thumb, 44 bytes, Stack size 8 bytes, dac_sine.o(.text))
<BR><BR>[Stack]<UL><LI>Max Depth = 64<LI>Call Chain = DAC_Mode_Init &rArr; DAC_DMA_Config &rArr; DMA_Init
</UL>
<BR>[Calls]<UL><LI><a href="#[be]">&gt;&gt;</a>&nbsp;&nbsp;&nbsp;DAC_DMA_Config
<LI><a href="#[ba]">&gt;&gt;</a>&nbsp;&nbsp;&nbsp;DAC_TIM_Config
<LI><a href="#[b3]">&gt;&gt;</a>&nbsp;&nbsp;&nbsp;DAC_Config
</UL>
<BR>[Called By]<UL><LI><a href="#[46]">&gt;&gt;</a>&nbsp;&nbsp;&nbsp;main
</UL>

<P><STRONG><a name="[ce]"></a>OSInitHookBegin</STRONG> (Thumb, 8 bytes, Stack size 0 bytes, os_cpu_c.o(.text))
<BR><BR>[Called By]<UL><LI><a href="#[92]">&gt;&gt;</a>&nbsp;&nbsp;&nbsp;OSInit
</UL>

<P><STRONG><a name="[d4]"></a>OSInitHookEnd</STRONG> (Thumb, 2 bytes, Stack size 0 bytes, os_cpu_c.o(.text))
<BR><BR>[Called By]<UL><LI><a href="#[92]">&gt;&gt;</a>&nbsp;&nbsp;&nbsp;OSInit
</UL>

<P><STRONG><a name="[de]"></a>OSTaskCreateHook</STRONG> (Thumb, 2 bytes, Stack size 0 bytes, os_cpu_c.o(.text))
<BR><BR>[Called By]<UL><LI><a href="#[dc]">&gt;&gt;</a>&nbsp;&nbsp;&nbsp;OS_TCBInit
</UL>

<P><STRONG><a name="[103]"></a>OSTaskDelHook</STRONG> (Thumb, 2 bytes, Stack size 0 bytes, os_cpu_c.o(.text))
<BR><BR>[Called By]<UL><LI><a href="#[90]">&gt;&gt;</a>&nbsp;&nbsp;&nbsp;OSTaskDel
</UL>

<P><STRONG><a name="[c7]"></a>OSTaskIdleHook</STRONG> (Thumb, 2 bytes, Stack size 0 bytes, os_cpu_c.o(.text))
<BR><BR>[Called By]<UL><LI><a href="#[c6]">&gt;&gt;</a>&nbsp;&nbsp;&nbsp;OS_TaskIdle
</UL>

<P><STRONG><a name="[4a0]"></a>OSTaskStatHook</STRONG> (Thumb, 2 bytes, Stack size 0 bytes, os_cpu_c.o(.text), UNUSED)

<P><STRONG><a name="[101]"></a>OSTaskStkInit</STRONG> (Thumb, 154 bytes, Stack size 16 bytes, os_cpu_c.o(.text))
<BR><BR>[Stack]<UL><LI>Max Depth = 16<LI>Call Chain = OSTaskStkInit
</UL>
<BR>[Called By]<UL><LI><a href="#[8f]">&gt;&gt;</a>&nbsp;&nbsp;&nbsp;OSTaskCreate
<LI><a href="#[c9]">&gt;&gt;</a>&nbsp;&nbsp;&nbsp;OSTaskCreateExt
</UL>

<P><STRONG><a name="[4c]"></a>OSTaskSwHook</STRONG> (Thumb, 2 bytes, Stack size 0 bytes, os_cpu_c.o(.text))
<BR>[Address Reference Count : 1]<UL><LI> os_cpu_a.o(.text)
</UL>
<P><STRONG><a name="[dd]"></a>OSTCBInitHook</STRONG> (Thumb, 2 bytes, Stack size 0 bytes, os_cpu_c.o(.text))
<BR><BR>[Called By]<UL><LI><a href="#[dc]">&gt;&gt;</a>&nbsp;&nbsp;&nbsp;OS_TCBInit
</UL>

<P><STRONG><a name="[94]"></a>OS_CPU_SR_Save</STRONG> (Thumb, 0 bytes, Stack size unknown bytes, os_cpu_a.o(.text))
<BR><BR>[Called By]<UL><LI><a href="#[96]">&gt;&gt;</a>&nbsp;&nbsp;&nbsp;OSTimeTick
<LI><a href="#[97]">&gt;&gt;</a>&nbsp;&nbsp;&nbsp;OSIntExit
<LI><a href="#[9]">&gt;&gt;</a>&nbsp;&nbsp;&nbsp;SysTick_Handler
<LI><a href="#[85]">&gt;&gt;</a>&nbsp;&nbsp;&nbsp;OSTimeDly
<LI><a href="#[90]">&gt;&gt;</a>&nbsp;&nbsp;&nbsp;OSTaskDel
<LI><a href="#[8f]">&gt;&gt;</a>&nbsp;&nbsp;&nbsp;OSTaskCreate
<LI><a href="#[109]">&gt;&gt;</a>&nbsp;&nbsp;&nbsp;OSTimeSet
<LI><a href="#[108]">&gt;&gt;</a>&nbsp;&nbsp;&nbsp;OSTimeGet
<LI><a href="#[107]">&gt;&gt;</a>&nbsp;&nbsp;&nbsp;OSTaskSuspend
<LI><a href="#[106]">&gt;&gt;</a>&nbsp;&nbsp;&nbsp;OSTaskResume
<LI><a href="#[105]">&gt;&gt;</a>&nbsp;&nbsp;&nbsp;OSTaskNameGet
<LI><a href="#[104]">&gt;&gt;</a>&nbsp;&nbsp;&nbsp;OSTaskDelReq
<LI><a href="#[100]">&gt;&gt;</a>&nbsp;&nbsp;&nbsp;OSSemSet
<LI><a href="#[ff]">&gt;&gt;</a>&nbsp;&nbsp;&nbsp;OSSemQuery
<LI><a href="#[fe]">&gt;&gt;</a>&nbsp;&nbsp;&nbsp;OSSemPost
<LI><a href="#[fd]">&gt;&gt;</a>&nbsp;&nbsp;&nbsp;OSSemPendAbort
<LI><a href="#[fc]">&gt;&gt;</a>&nbsp;&nbsp;&nbsp;OSSemPend
<LI><a href="#[fb]">&gt;&gt;</a>&nbsp;&nbsp;&nbsp;OSSemDel
<LI><a href="#[fa]">&gt;&gt;</a>&nbsp;&nbsp;&nbsp;OSSemCreate
<LI><a href="#[f9]">&gt;&gt;</a>&nbsp;&nbsp;&nbsp;OSSemAccept
<LI><a href="#[f8]">&gt;&gt;</a>&nbsp;&nbsp;&nbsp;OSQQuery
<LI><a href="#[f7]">&gt;&gt;</a>&nbsp;&nbsp;&nbsp;OSQPostOpt
<LI><a href="#[f6]">&gt;&gt;</a>&nbsp;&nbsp;&nbsp;OSQPostFront
<LI><a href="#[f5]">&gt;&gt;</a>&nbsp;&nbsp;&nbsp;OSQPost
<LI><a href="#[f4]">&gt;&gt;</a>&nbsp;&nbsp;&nbsp;OSQPendAbort
<LI><a href="#[f3]">&gt;&gt;</a>&nbsp;&nbsp;&nbsp;OSQPend
<LI><a href="#[f2]">&gt;&gt;</a>&nbsp;&nbsp;&nbsp;OSQFlush
<LI><a href="#[f1]">&gt;&gt;</a>&nbsp;&nbsp;&nbsp;OSQDel
<LI><a href="#[f0]">&gt;&gt;</a>&nbsp;&nbsp;&nbsp;OSQCreate
<LI><a href="#[ef]">&gt;&gt;</a>&nbsp;&nbsp;&nbsp;OSQAccept
<LI><a href="#[ee]">&gt;&gt;</a>&nbsp;&nbsp;&nbsp;OSMemQuery
<LI><a href="#[ed]">&gt;&gt;</a>&nbsp;&nbsp;&nbsp;OSMemPut
<LI><a href="#[ec]">&gt;&gt;</a>&nbsp;&nbsp;&nbsp;OSMemNameSet
<LI><a href="#[eb]">&gt;&gt;</a>&nbsp;&nbsp;&nbsp;OSMemNameGet
<LI><a href="#[ea]">&gt;&gt;</a>&nbsp;&nbsp;&nbsp;OSMemGet
<LI><a href="#[e9]">&gt;&gt;</a>&nbsp;&nbsp;&nbsp;OSMemCreate
<LI><a href="#[e8]">&gt;&gt;</a>&nbsp;&nbsp;&nbsp;OSMboxQuery
<LI><a href="#[e7]">&gt;&gt;</a>&nbsp;&nbsp;&nbsp;OSMboxPostOpt
<LI><a href="#[e6]">&gt;&gt;</a>&nbsp;&nbsp;&nbsp;OSMboxPost
<LI><a href="#[e5]">&gt;&gt;</a>&nbsp;&nbsp;&nbsp;OSMboxPendAbort
<LI><a href="#[e3]">&gt;&gt;</a>&nbsp;&nbsp;&nbsp;OSMboxPend
<LI><a href="#[e2]">&gt;&gt;</a>&nbsp;&nbsp;&nbsp;OSMboxDel
<LI><a href="#[e0]">&gt;&gt;</a>&nbsp;&nbsp;&nbsp;OSMboxCreate
<LI><a href="#[df]">&gt;&gt;</a>&nbsp;&nbsp;&nbsp;OSMboxAccept
<LI><a href="#[ca]">&gt;&gt;</a>&nbsp;&nbsp;&nbsp;OSTaskNameSet
<LI><a href="#[c9]">&gt;&gt;</a>&nbsp;&nbsp;&nbsp;OSTaskCreateExt
<LI><a href="#[dc]">&gt;&gt;</a>&nbsp;&nbsp;&nbsp;OS_TCBInit
<LI><a href="#[da]">&gt;&gt;</a>&nbsp;&nbsp;&nbsp;OS_Sched
<LI><a href="#[c6]">&gt;&gt;</a>&nbsp;&nbsp;&nbsp;OS_TaskIdle
<LI><a href="#[c4]">&gt;&gt;</a>&nbsp;&nbsp;&nbsp;OSEventNameSet
<LI><a href="#[c2]">&gt;&gt;</a>&nbsp;&nbsp;&nbsp;OSEventNameGet
</UL>

<P><STRONG><a name="[95]"></a>OS_CPU_SR_Restore</STRONG> (Thumb, 0 bytes, Stack size unknown bytes, os_cpu_a.o(.text))
<BR><BR>[Called By]<UL><LI><a href="#[96]">&gt;&gt;</a>&nbsp;&nbsp;&nbsp;OSTimeTick
<LI><a href="#[97]">&gt;&gt;</a>&nbsp;&nbsp;&nbsp;OSIntExit
<LI><a href="#[9]">&gt;&gt;</a>&nbsp;&nbsp;&nbsp;SysTick_Handler
<LI><a href="#[85]">&gt;&gt;</a>&nbsp;&nbsp;&nbsp;OSTimeDly
<LI><a href="#[90]">&gt;&gt;</a>&nbsp;&nbsp;&nbsp;OSTaskDel
<LI><a href="#[8f]">&gt;&gt;</a>&nbsp;&nbsp;&nbsp;OSTaskCreate
<LI><a href="#[109]">&gt;&gt;</a>&nbsp;&nbsp;&nbsp;OSTimeSet
<LI><a href="#[108]">&gt;&gt;</a>&nbsp;&nbsp;&nbsp;OSTimeGet
<LI><a href="#[107]">&gt;&gt;</a>&nbsp;&nbsp;&nbsp;OSTaskSuspend
<LI><a href="#[106]">&gt;&gt;</a>&nbsp;&nbsp;&nbsp;OSTaskResume
<LI><a href="#[105]">&gt;&gt;</a>&nbsp;&nbsp;&nbsp;OSTaskNameGet
<LI><a href="#[104]">&gt;&gt;</a>&nbsp;&nbsp;&nbsp;OSTaskDelReq
<LI><a href="#[100]">&gt;&gt;</a>&nbsp;&nbsp;&nbsp;OSSemSet
<LI><a href="#[ff]">&gt;&gt;</a>&nbsp;&nbsp;&nbsp;OSSemQuery
<LI><a href="#[fe]">&gt;&gt;</a>&nbsp;&nbsp;&nbsp;OSSemPost
<LI><a href="#[fd]">&gt;&gt;</a>&nbsp;&nbsp;&nbsp;OSSemPendAbort
<LI><a href="#[fc]">&gt;&gt;</a>&nbsp;&nbsp;&nbsp;OSSemPend
<LI><a href="#[fb]">&gt;&gt;</a>&nbsp;&nbsp;&nbsp;OSSemDel
<LI><a href="#[fa]">&gt;&gt;</a>&nbsp;&nbsp;&nbsp;OSSemCreate
<LI><a href="#[f9]">&gt;&gt;</a>&nbsp;&nbsp;&nbsp;OSSemAccept
<LI><a href="#[f8]">&gt;&gt;</a>&nbsp;&nbsp;&nbsp;OSQQuery
<LI><a href="#[f7]">&gt;&gt;</a>&nbsp;&nbsp;&nbsp;OSQPostOpt
<LI><a href="#[f6]">&gt;&gt;</a>&nbsp;&nbsp;&nbsp;OSQPostFront
<LI><a href="#[f5]">&gt;&gt;</a>&nbsp;&nbsp;&nbsp;OSQPost
<LI><a href="#[f4]">&gt;&gt;</a>&nbsp;&nbsp;&nbsp;OSQPendAbort
<LI><a href="#[f3]">&gt;&gt;</a>&nbsp;&nbsp;&nbsp;OSQPend
<LI><a href="#[f2]">&gt;&gt;</a>&nbsp;&nbsp;&nbsp;OSQFlush
<LI><a href="#[f1]">&gt;&gt;</a>&nbsp;&nbsp;&nbsp;OSQDel
<LI><a href="#[f0]">&gt;&gt;</a>&nbsp;&nbsp;&nbsp;OSQCreate
<LI><a href="#[ef]">&gt;&gt;</a>&nbsp;&nbsp;&nbsp;OSQAccept
<LI><a href="#[ee]">&gt;&gt;</a>&nbsp;&nbsp;&nbsp;OSMemQuery
<LI><a href="#[ed]">&gt;&gt;</a>&nbsp;&nbsp;&nbsp;OSMemPut
<LI><a href="#[ec]">&gt;&gt;</a>&nbsp;&nbsp;&nbsp;OSMemNameSet
<LI><a href="#[eb]">&gt;&gt;</a>&nbsp;&nbsp;&nbsp;OSMemNameGet
<LI><a href="#[ea]">&gt;&gt;</a>&nbsp;&nbsp;&nbsp;OSMemGet
<LI><a href="#[e9]">&gt;&gt;</a>&nbsp;&nbsp;&nbsp;OSMemCreate
<LI><a href="#[e8]">&gt;&gt;</a>&nbsp;&nbsp;&nbsp;OSMboxQuery
<LI><a href="#[e7]">&gt;&gt;</a>&nbsp;&nbsp;&nbsp;OSMboxPostOpt
<LI><a href="#[e6]">&gt;&gt;</a>&nbsp;&nbsp;&nbsp;OSMboxPost
<LI><a href="#[e5]">&gt;&gt;</a>&nbsp;&nbsp;&nbsp;OSMboxPendAbort
<LI><a href="#[e3]">&gt;&gt;</a>&nbsp;&nbsp;&nbsp;OSMboxPend
<LI><a href="#[e2]">&gt;&gt;</a>&nbsp;&nbsp;&nbsp;OSMboxDel
<LI><a href="#[e0]">&gt;&gt;</a>&nbsp;&nbsp;&nbsp;OSMboxCreate
<LI><a href="#[df]">&gt;&gt;</a>&nbsp;&nbsp;&nbsp;OSMboxAccept
<LI><a href="#[ca]">&gt;&gt;</a>&nbsp;&nbsp;&nbsp;OSTaskNameSet
<LI><a href="#[c9]">&gt;&gt;</a>&nbsp;&nbsp;&nbsp;OSTaskCreateExt
<LI><a href="#[dc]">&gt;&gt;</a>&nbsp;&nbsp;&nbsp;OS_TCBInit
<LI><a href="#[da]">&gt;&gt;</a>&nbsp;&nbsp;&nbsp;OS_Sched
<LI><a href="#[c6]">&gt;&gt;</a>&nbsp;&nbsp;&nbsp;OS_TaskIdle
[...]
<LI><a href="#[334]">&gt;&gt;</a>&nbsp;&nbsp;&nbsp;WM__Client2Screen
</UL>
<BR>[Called By]<UL><LI><a href="#[34c]">&gt;&gt;</a>&nbsp;&nbsp;&nbsp;WM__ActivateClipRect
</UL>

<P><STRONG><a name="[357]"></a>_DeleteAllChildren</STRONG> (Thumb, 34 bytes, Stack size 16 bytes, wm.o(.text))
<BR><BR>[Stack]<UL><LI>Max Depth = 16 + In Cycle
<LI>Call Chain = _DeleteAllChildren &rArr;  WM_DeleteWindow (Cycle)
</UL>
<BR>[Calls]<UL><LI><a href="#[122]">&gt;&gt;</a>&nbsp;&nbsp;&nbsp;GUI_ALLOC_h2p
<LI><a href="#[22b]">&gt;&gt;</a>&nbsp;&nbsp;&nbsp;WM_DeleteWindow
</UL>
<BR>[Called By]<UL><LI><a href="#[22b]">&gt;&gt;</a>&nbsp;&nbsp;&nbsp;WM_DeleteWindow
</UL>

<P><STRONG><a name="[359]"></a>_AddToLinList</STRONG> (Thumb, 44 bytes, Stack size 16 bytes, wm.o(.text))
<BR><BR>[Stack]<UL><LI>Max Depth = 16<LI>Call Chain = _AddToLinList
</UL>
<BR>[Calls]<UL><LI><a href="#[122]">&gt;&gt;</a>&nbsp;&nbsp;&nbsp;GUI_ALLOC_h2p
</UL>
<BR>[Called By]<UL><LI><a href="#[211]">&gt;&gt;</a>&nbsp;&nbsp;&nbsp;WM_CreateWindowAsChild
</UL>

<P><STRONG><a name="[35a]"></a>_Findy1</STRONG> (Thumb, 176 bytes, Stack size 40 bytes, wm.o(.text))
<BR><BR>[Stack]<UL><LI>Max Depth = 48 + In Cycle
<LI>Call Chain = _Findy1 &rArr;  _Findy1 (Cycle)
</UL>
<BR>[Calls]<UL><LI><a href="#[122]">&gt;&gt;</a>&nbsp;&nbsp;&nbsp;GUI_ALLOC_h2p
<LI><a href="#[149]">&gt;&gt;</a>&nbsp;&nbsp;&nbsp;GUI__IntersectRects
<LI><a href="#[1c5]">&gt;&gt;</a>&nbsp;&nbsp;&nbsp;GUI_RectsIntersect
<LI><a href="#[35a]">&gt;&gt;</a>&nbsp;&nbsp;&nbsp;_Findy1
</UL>
<BR>[Called By]<UL><LI><a href="#[35f]">&gt;&gt;</a>&nbsp;&nbsp;&nbsp;_FindNext_IVR
<LI><a href="#[35a]">&gt;&gt;</a>&nbsp;&nbsp;&nbsp;_Findy1
</UL>

<P><STRONG><a name="[35b]"></a>_Findx0</STRONG> (Thumb, 146 bytes, Stack size 48 bytes, wm.o(.text))
<BR><BR>[Stack]<UL><LI>Max Depth = 56 + In Cycle
<LI>Call Chain = _Findx0 &rArr;  _Findx0 (Cycle)
</UL>
<BR>[Calls]<UL><LI><a href="#[122]">&gt;&gt;</a>&nbsp;&nbsp;&nbsp;GUI_ALLOC_h2p
<LI><a href="#[149]">&gt;&gt;</a>&nbsp;&nbsp;&nbsp;GUI__IntersectRects
<LI><a href="#[1c5]">&gt;&gt;</a>&nbsp;&nbsp;&nbsp;GUI_RectsIntersect
<LI><a href="#[35b]">&gt;&gt;</a>&nbsp;&nbsp;&nbsp;_Findx0
</UL>
<BR>[Called By]<UL><LI><a href="#[35f]">&gt;&gt;</a>&nbsp;&nbsp;&nbsp;_FindNext_IVR
<LI><a href="#[35b]">&gt;&gt;</a>&nbsp;&nbsp;&nbsp;_Findx0
</UL>

<P><STRONG><a name="[35c]"></a>_Findx1</STRONG> (Thumb, 130 bytes, Stack size 40 bytes, wm.o(.text))
<BR><BR>[Stack]<UL><LI>Max Depth = 48 + In Cycle
<LI>Call Chain = _Findx1 &rArr;  _Findx1 (Cycle)
</UL>
<BR>[Calls]<UL><LI><a href="#[122]">&gt;&gt;</a>&nbsp;&nbsp;&nbsp;GUI_ALLOC_h2p
<LI><a href="#[149]">&gt;&gt;</a>&nbsp;&nbsp;&nbsp;GUI__IntersectRects
<LI><a href="#[1c5]">&gt;&gt;</a>&nbsp;&nbsp;&nbsp;GUI_RectsIntersect
<LI><a href="#[35c]">&gt;&gt;</a>&nbsp;&nbsp;&nbsp;_Findx1
</UL>
<BR>[Called By]<UL><LI><a href="#[35f]">&gt;&gt;</a>&nbsp;&nbsp;&nbsp;_FindNext_IVR
<LI><a href="#[35c]">&gt;&gt;</a>&nbsp;&nbsp;&nbsp;_Findx1
</UL>

<P><STRONG><a name="[360]"></a>WM__GetInvalidRectAbs</STRONG> (Thumb, 10 bytes, Stack size 0 bytes, wm.o(.text))
<BR><BR>[Called By]<UL><LI><a href="#[13a]">&gt;&gt;</a>&nbsp;&nbsp;&nbsp;WM__InitIVRSearch
</UL>

<P><STRONG><a name="[35f]"></a>_FindNext_IVR</STRONG> (Thumb, 372 bytes, Stack size 24 bytes, wm.o(.text))
<BR><BR>[Stack]<UL><LI>Max Depth = 80<LI>Call Chain = _FindNext_IVR &rArr; _Findx0 &rArr;  _Findx0 (Cycle)
</UL>
<BR>[Calls]<UL><LI><a href="#[122]">&gt;&gt;</a>&nbsp;&nbsp;&nbsp;GUI_ALLOC_h2p
<LI><a href="#[35c]">&gt;&gt;</a>&nbsp;&nbsp;&nbsp;_Findx1
<LI><a href="#[35b]">&gt;&gt;</a>&nbsp;&nbsp;&nbsp;_Findx0
<LI><a href="#[35a]">&gt;&gt;</a>&nbsp;&nbsp;&nbsp;_Findy1
</UL>
<BR>[Called By]<UL><LI><a href="#[13c]">&gt;&gt;</a>&nbsp;&nbsp;&nbsp;WM__GetNextIVR
</UL>

<P><STRONG><a name="[362]"></a>_Paint1</STRONG> (Thumb, 122 bytes, Stack size 32 bytes, wm.o(.text))
<BR><BR>[Stack]<UL><LI>Max Depth = 152 + Unknown Stack Size
<LI>Call Chain = _Paint1 &rArr; WM__InitIVRSearch &rArr; WM__GetNextIVR &rArr; _FindNext_IVR &rArr; _Findx0 &rArr;  _Findx0 (Cycle)
</UL>
<BR>[Calls]<UL><LI><a href="#[13a]">&gt;&gt;</a>&nbsp;&nbsp;&nbsp;WM__InitIVRSearch
<LI><a href="#[13c]">&gt;&gt;</a>&nbsp;&nbsp;&nbsp;WM__GetNextIVR
<LI><a href="#[223]">&gt;&gt;</a>&nbsp;&nbsp;&nbsp;WM_SendMessage
<LI><a href="#[361]">&gt;&gt;</a>&nbsp;&nbsp;&nbsp;WM_SetDefault
</UL>
<BR>[Called By]<UL><LI><a href="#[366]">&gt;&gt;</a>&nbsp;&nbsp;&nbsp;WM__PaintWinAndOverlays
<LI><a href="#[363]">&gt;&gt;</a>&nbsp;&nbsp;&nbsp;_Paint1Trans
</UL>

<P><STRONG><a name="[363]"></a>_Paint1Trans</STRONG> (Thumb, 140 bytes, Stack size 24 bytes, wm.o(.text))
<BR><BR>[Stack]<UL><LI>Max Depth = 176 + Unknown Stack Size
<LI>Call Chain = _Paint1Trans &rArr; _Paint1 &rArr; WM__InitIVRSearch &rArr; WM__GetNextIVR &rArr; _FindNext_IVR &rArr; _Findx0 &rArr;  _Findx0 (Cycle)
</UL>
<BR>[Calls]<UL><LI><a href="#[122]">&gt;&gt;</a>&nbsp;&nbsp;&nbsp;GUI_ALLOC_h2p
<LI><a href="#[149]">&gt;&gt;</a>&nbsp;&nbsp;&nbsp;GUI__IntersectRects
<LI><a href="#[1c5]">&gt;&gt;</a>&nbsp;&nbsp;&nbsp;GUI_RectsIntersect
<LI><a href="#[362]">&gt;&gt;</a>&nbsp;&nbsp;&nbsp;_Paint1
</UL>
<BR>[Called By]<UL><LI><a href="#[365]">&gt;&gt;</a>&nbsp;&nbsp;&nbsp;_PaintTransTopSiblings
<LI><a href="#[364]">&gt;&gt;</a>&nbsp;&nbsp;&nbsp;_PaintTransChildren
</UL>

<P><STRONG><a name="[364]"></a>_PaintTransChildren</STRONG> (Thumb, 92 bytes, Stack size 24 bytes, wm.o(.text))
<BR><BR>[Stack]<UL><LI>Max Depth = 200 + Unknown Stack Size
 + In Cycle
<LI>Call Chain = _PaintTransChildren &rArr;  _PaintTransChildren (Cycle)
</UL>
<BR>[Calls]<UL><LI><a href="#[122]">&gt;&gt;</a>&nbsp;&nbsp;&nbsp;GUI_ALLOC_h2p
<LI><a href="#[1c5]">&gt;&gt;</a>&nbsp;&nbsp;&nbsp;GUI_RectsIntersect
<LI><a href="#[364]">&gt;&gt;</a>&nbsp;&nbsp;&nbsp;_PaintTransChildren
<LI><a href="#[363]">&gt;&gt;</a>&nbsp;&nbsp;&nbsp;_Paint1Trans
</UL>
<BR>[Called By]<UL><LI><a href="#[366]">&gt;&gt;</a>&nbsp;&nbsp;&nbsp;WM__PaintWinAndOverlays
<LI><a href="#[365]">&gt;&gt;</a>&nbsp;&nbsp;&nbsp;_PaintTransTopSiblings
<LI><a href="#[364]">&gt;&gt;</a>&nbsp;&nbsp;&nbsp;_PaintTransChildren
</UL>

<P><STRONG><a name="[365]"></a>_PaintTransTopSiblings</STRONG> (Thumb, 84 bytes, Stack size 24 bytes, wm.o(.text))
<BR><BR>[Stack]<UL><LI>Max Depth = 224 + Unknown Stack Size
<LI>Call Chain = _PaintTransTopSiblings &rArr; _PaintTransChildren &rArr;  _PaintTransChildren (Cycle)
</UL>
<BR>[Calls]<UL><LI><a href="#[122]">&gt;&gt;</a>&nbsp;&nbsp;&nbsp;GUI_ALLOC_h2p
<LI><a href="#[364]">&gt;&gt;</a>&nbsp;&nbsp;&nbsp;_PaintTransChildren
<LI><a href="#[363]">&gt;&gt;</a>&nbsp;&nbsp;&nbsp;_Paint1Trans
</UL>
<BR>[Called By]<UL><LI><a href="#[366]">&gt;&gt;</a>&nbsp;&nbsp;&nbsp;WM__PaintWinAndOverlays
</UL>

<P><STRONG><a name="[367]"></a>_Paint</STRONG> (Thumb, 92 bytes, Stack size 24 bytes, wm.o(.text))
<BR><BR>[Stack]<UL><LI>Max Depth = 264 + Unknown Stack Size
<LI>Call Chain = _Paint &rArr; WM__PaintWinAndOverlays &rArr; _PaintTransTopSiblings &rArr; _PaintTransChildren &rArr;  _PaintTransChildren (Cycle)
</UL>
<BR>[Calls]<UL><LI><a href="#[351]">&gt;&gt;</a>&nbsp;&nbsp;&nbsp;WM_SelectWindow
<LI><a href="#[366]">&gt;&gt;</a>&nbsp;&nbsp;&nbsp;WM__PaintWinAndOverlays
<LI><a href="#[34a]">&gt;&gt;</a>&nbsp;&nbsp;&nbsp;WM__ClipAtParentBorders
</UL>
<BR>[Called By]<UL><LI><a href="#[368]">&gt;&gt;</a>&nbsp;&nbsp;&nbsp;_DrawNext
</UL>

<P><STRONG><a name="[368]"></a>_DrawNext</STRONG> (Thumb, 82 bytes, Stack size 88 bytes, wm.o(.text))
<BR><BR>[Stack]<UL><LI>Max Depth = 352 + Unknown Stack Size
<LI>Call Chain = _DrawNext &rArr; _Paint &rArr; WM__PaintWinAndOverlays &rArr; _PaintTransTopSiblings &rArr; _PaintTransChildren &rArr;  _PaintTransChildren (Cycle)
</UL>
<BR>[Calls]<UL><LI><a href="#[122]">&gt;&gt;</a>&nbsp;&nbsp;&nbsp;GUI_ALLOC_h2p
<LI><a href="#[181]">&gt;&gt;</a>&nbsp;&nbsp;&nbsp;GUI_RestoreContext
<LI><a href="#[17f]">&gt;&gt;</a>&nbsp;&nbsp;&nbsp;GUI_SaveContext_W
<LI><a href="#[367]">&gt;&gt;</a>&nbsp;&nbsp;&nbsp;_Paint
</UL>
<BR>[Called By]<UL><LI><a href="#[369]">&gt;&gt;</a>&nbsp;&nbsp;&nbsp;WM_Exec1
</UL>

<P><STRONG><a name="[59]"></a>cbBackWin</STRONG> (Thumb, 76 bytes, Stack size 16 bytes, wm.o(.text))
<BR><BR>[Stack]<UL><LI>Max Depth = 196 + Unknown Stack Size
<LI>Call Chain = cbBackWin &rArr; WM_DefaultProc &rArr; WM_InvalidateWindow &rArr; WM_InvalidateRect &rArr; WM__InvalidateAreaBelow &rArr; WM_InvalidateArea &rArr; GUI_Unlock &rArr; GUI_X_Unlock &rArr; OSSemPost &rArr; OS_EventTaskRdy &rArr; OS_EventTaskRemove
</UL>
<BR>[Calls]<UL><LI><a href="#[88]">&gt;&gt;</a>&nbsp;&nbsp;&nbsp;GUI_SetBkColor
<LI><a href="#[8a]">&gt;&gt;</a>&nbsp;&nbsp;&nbsp;GUI_Clear
<LI><a href="#[175]">&gt;&gt;</a>&nbsp;&nbsp;&nbsp;GUI_StoreKey
<LI><a href="#[20f]">&gt;&gt;</a>&nbsp;&nbsp;&nbsp;WM_DefaultProc
</UL>
<BR>[Address Reference Count : 1]<UL><LI> wm.o(.text)
</UL>
<P><STRONG><a name="[5a]"></a>_cbInvalidateOne</STRONG> (Thumb, 16 bytes, Stack size 16 bytes, wm_bringtotop.o(.text))
<BR><BR>[Stack]<UL><LI>Max Depth = 172 + Unknown Stack Size
<LI>Call Chain = _cbInvalidateOne &rArr; WM_InvalidateWindow &rArr; WM_InvalidateRect &rArr; WM__InvalidateAreaBelow &rArr; WM_InvalidateArea &rArr; GUI_Unlock &rArr; GUI_X_Unlock &rArr; OSSemPost &rArr; OS_EventTaskRdy &rArr; OS_EventTaskRemove
</UL>
<BR>[Calls]<UL><LI><a href="#[214]">&gt;&gt;</a>&nbsp;&nbsp;&nbsp;WM_InvalidateWindow
</UL>
<BR>[Address Reference Count : 1]<UL><LI> wm_bringtotop.o(.text)
</UL>
<P><STRONG><a name="[377]"></a>_InvalidateWindowAndDescs</STRONG> (Thumb, 22 bytes, Stack size 8 bytes, wm_bringtotop.o(.text))
<BR><BR>[Stack]<UL><LI>Max Depth = 164 + Unknown Stack Size
<LI>Call Chain = _InvalidateWindowAndDescs &rArr; WM_InvalidateWindow &rArr; WM_InvalidateRect &rArr; WM__InvalidateAreaBelow &rArr; WM_InvalidateArea &rArr; GUI_Unlock &rArr; GUI_X_Unlock &rArr; OSSemPost &rArr; OS_EventTaskRdy &rArr; OS_EventTaskRemove
</UL>
<BR>[Calls]<UL><LI><a href="#[214]">&gt;&gt;</a>&nbsp;&nbsp;&nbsp;WM_InvalidateWindow
<LI><a href="#[36f]">&gt;&gt;</a>&nbsp;&nbsp;&nbsp;WM_ForEachDesc
</UL>
<BR>[Called By]<UL><LI><a href="#[378]">&gt;&gt;</a>&nbsp;&nbsp;&nbsp;_BringToTop
</UL>

<P><STRONG><a name="[378]"></a>_BringToTop</STRONG> (Thumb, 80 bytes, Stack size 24 bytes, wm_bringtotop.o(.text))
<BR><BR>[Stack]<UL><LI>Max Depth = 188 + Unknown Stack Size
<LI>Call Chain = _BringToTop &rArr; _InvalidateWindowAndDescs &rArr; WM_InvalidateWindow &rArr; WM_InvalidateRect &rArr; WM__InvalidateAreaBelow &rArr; WM_InvalidateArea &rArr; GUI_Unlock &rArr; GUI_X_Unlock &rArr; OSSemPost &rArr; OS_EventTaskRdy &rArr; OS_EventTaskRemove
</UL>
<BR>[Calls]<UL><LI><a href="#[122]">&gt;&gt;</a>&nbsp;&nbsp;&nbsp;GUI_ALLOC_h2p
<LI><a href="#[377]">&gt;&gt;</a>&nbsp;&nbsp;&nbsp;_InvalidateWindowAndDescs
<LI><a href="#[34e]">&gt;&gt;</a>&nbsp;&nbsp;&nbsp;WM__RemoveWindowFromList
<LI><a href="#[34d]">&gt;&gt;</a>&nbsp;&nbsp;&nbsp;WM__InsertWindowIntoList
</UL>
<BR>[Called By]<UL><LI><a href="#[260]">&gt;&gt;</a>&nbsp;&nbsp;&nbsp;WM_BringToTop
</UL>

<P><STRONG><a name="[379]"></a>_GetDialogItem</STRONG> (Thumb, 74 bytes, Stack size 24 bytes, wm_getdialogitem.o(.text))
<BR><BR>[Stack]<UL><LI>Max Depth = 140 + Unknown Stack Size
 + In Cycle
<LI>Call Chain = _GetDialogItem &rArr;  _GetDialogItem (Cycle)
</UL>
<BR>[Calls]<UL><LI><a href="#[122]">&gt;&gt;</a>&nbsp;&nbsp;&nbsp;GUI_ALLOC_h2p
<LI><a href="#[37a]">&gt;&gt;</a>&nbsp;&nbsp;&nbsp;WM_GetId
<LI><a href="#[379]">&gt;&gt;</a>&nbsp;&nbsp;&nbsp;_GetDialogItem
</UL>
<BR>[Called By]<UL><LI><a href="#[2a3]">&gt;&gt;</a>&nbsp;&nbsp;&nbsp;WM_GetDialogItem
<LI><a href="#[379]">&gt;&gt;</a>&nbsp;&nbsp;&nbsp;_GetDialogItem
</UL>

<P><STRONG><a name="[37e]"></a>_GetDefaultWin</STRONG> (Thumb, 16 bytes, Stack size 8 bytes, wm_getwindowsize.o(.text))
<BR><BR>[Stack]<UL><LI>Max Depth = 8<LI>Call Chain = _GetDefaultWin
</UL>
<BR>[Calls]<UL><LI><a href="#[268]">&gt;&gt;</a>&nbsp;&nbsp;&nbsp;WM_GetActiveWindow
</UL>
<BR>[Called By]<UL><LI><a href="#[266]">&gt;&gt;</a>&nbsp;&nbsp;&nbsp;WM_GetWindowSizeY
<LI><a href="#[269]">&gt;&gt;</a>&nbsp;&nbsp;&nbsp;WM_GetWindowSizeX
</UL>

<P><STRONG><a name="[381]"></a>_MoveDescendents</STRONG> (Thumb, 74 bytes, Stack size 24 bytes, wm_move.o(.text))
<BR><BR>[Stack]<UL><LI>Max Depth = 140 + Unknown Stack Size
 + In Cycle
<LI>Call Chain = _MoveDescendents &rArr;  _MoveDescendents (Cycle)
</UL>
<BR>[Calls]<UL><LI><a href="#[122]">&gt;&gt;</a>&nbsp;&nbsp;&nbsp;GUI_ALLOC_h2p
<LI><a href="#[205]">&gt;&gt;</a>&nbsp;&nbsp;&nbsp;GUI_MoveRect
<LI><a href="#[353]">&gt;&gt;</a>&nbsp;&nbsp;&nbsp;WM__SendMsgNoData
<LI><a href="#[381]">&gt;&gt;</a>&nbsp;&nbsp;&nbsp;_MoveDescendents
</UL>
<BR>[Called By]<UL><LI><a href="#[382]">&gt;&gt;</a>&nbsp;&nbsp;&nbsp;WM__MoveWindow
<LI><a href="#[381]">&gt;&gt;</a>&nbsp;&nbsp;&nbsp;_MoveDescendents
</UL>

<P><STRONG><a name="[385]"></a>_Screen2hWin</STRONG> (Thumb, 86 bytes, Stack size 40 bytes, wm_screen2win.o(.text))
<BR><BR>[Stack]<UL><LI>Max Depth = 40 + In Cycle
<LI>Call Chain = _Screen2hWin &rArr;  _Screen2hWin (Cycle)
</UL>
<BR>[Calls]<UL><LI><a href="#[122]">&gt;&gt;</a>&nbsp;&nbsp;&nbsp;GUI_ALLOC_h2p
<LI><a href="#[386]">&gt;&gt;</a>&nbsp;&nbsp;&nbsp;WM__IsInWindow
<LI><a href="#[385]">&gt;&gt;</a>&nbsp;&nbsp;&nbsp;_Screen2hWin
</UL>
<BR>[Called By]<UL><LI><a href="#[388]">&gt;&gt;</a>&nbsp;&nbsp;&nbsp;WM_Screen2hWinEx
<LI><a href="#[387]">&gt;&gt;</a>&nbsp;&nbsp;&nbsp;WM_Screen2hWin
<LI><a href="#[385]">&gt;&gt;</a>&nbsp;&nbsp;&nbsp;_Screen2hWin
</UL>

<P><STRONG><a name="[389]"></a>WM__ReleaseCapture</STRONG> (Thumb, 34 bytes, Stack size 16 bytes, wm_setcapture.o(.text))
<BR><BR>[Stack]<UL><LI>Max Depth = 108 + Unknown Stack Size
<LI>Call Chain = WM__ReleaseCapture &rArr; WM_SendMessage &rArr; GUI_Unlock &rArr; GUI_X_Unlock &rArr; OSSemPost &rArr; OS_EventTaskRdy &rArr; OS_EventTaskRemove
</UL>
<BR>[Calls]<UL><LI><a href="#[223]">&gt;&gt;</a>&nbsp;&nbsp;&nbsp;WM_SendMessage
</UL>
<BR>[Called By]<UL><LI><a href="#[31c]">&gt;&gt;</a>&nbsp;&nbsp;&nbsp;WM_SetCapture
<LI><a href="#[38a]">&gt;&gt;</a>&nbsp;&nbsp;&nbsp;WM_ReleaseCapture
</UL>

<P><STRONG><a name="[38f]"></a>_GetNextChild</STRONG> (Thumb, 52 bytes, Stack size 24 bytes, wm_setfocusonnextchild.o(.text))
<BR><BR>[Stack]<UL><LI>Max Depth = 24<LI>Call Chain = _GetNextChild
</UL>
<BR>[Calls]<UL><LI><a href="#[122]">&gt;&gt;</a>&nbsp;&nbsp;&nbsp;GUI_ALLOC_h2p
</UL>
<BR>[Called By]<UL><LI><a href="#[390]">&gt;&gt;</a>&nbsp;&nbsp;&nbsp;_SetFocusOnNextChild
</UL>

<P><STRONG><a name="[390]"></a>_SetFocusOnNextChild</STRONG> (Thumb, 72 bytes, Stack size 16 bytes, wm_setfocusonnextchild.o(.text))
<BR><BR>[Stack]<UL><LI>Max Depth = 140 + Unknown Stack Size
<LI>Call Chain = _SetFocusOnNextChild &rArr; WM_SetFocus &rArr; WM_SendMessage &rArr; GUI_Unlock &rArr; GUI_X_Unlock &rArr; OSSemPost &rArr; OS_EventTaskRdy &rArr; OS_EventTaskRemove
</UL>
<BR>[Calls]<UL><LI><a href="#[24f]">&gt;&gt;</a>&nbsp;&nbsp;&nbsp;WM_SetFocus
<LI><a href="#[380]">&gt;&gt;</a>&nbsp;&nbsp;&nbsp;WM_IsFocussable
<LI><a href="#[371]">&gt;&gt;</a>&nbsp;&nbsp;&nbsp;WM__GetFocussedChild
<LI><a href="#[38f]">&gt;&gt;</a>&nbsp;&nbsp;&nbsp;_GetNextChild
</UL>
<BR>[Called By]<UL><LI><a href="#[228]">&gt;&gt;</a>&nbsp;&nbsp;&nbsp;WM_SetFocusOnNextChild
</UL>

<P><STRONG><a name="[391]"></a>_SetScrollbar</STRONG> (Thumb, 62 bytes, Stack size 24 bytes, wm_setscrollbar.o(.text))
<BR><BR>[Stack]<UL><LI>Max Depth = 348 + Unknown Stack Size
<LI>Call Chain = _SetScrollbar &rArr; SCROLLBAR_CreateAttached &rArr; SCROLLBAR_CreateEx &rArr; WM_CreateWindowAsChild &rArr; WM_InvalidateWindow &rArr; WM_InvalidateRect &rArr; WM__InvalidateAreaBelow &rArr; WM_InvalidateArea &rArr; GUI_Unlock &rArr; GUI_X_Unlock &rArr; OSSemPost &rArr; OS_EventTaskRdy &rArr; OS_EventTaskRemove
</UL>
<BR>[Calls]<UL><LI><a href="#[22b]">&gt;&gt;</a>&nbsp;&nbsp;&nbsp;WM_DeleteWindow
<LI><a href="#[37f]">&gt;&gt;</a>&nbsp;&nbsp;&nbsp;WM_HideWindow
<LI><a href="#[2a3]">&gt;&gt;</a>&nbsp;&nbsp;&nbsp;WM_GetDialogItem
<LI><a href="#[32a]">&gt;&gt;</a>&nbsp;&nbsp;&nbsp;SCROLLBAR_CreateAttached
</UL>
<BR>[Called By]<UL><LI><a href="#[393]">&gt;&gt;</a>&nbsp;&nbsp;&nbsp;WM__SetScrollbarH
<LI><a href="#[392]">&gt;&gt;</a>&nbsp;&nbsp;&nbsp;WM__SetScrollbarV
</UL>

<P><STRONG><a name="[399]"></a>_Screen2Win</STRONG> (Thumb, 28 bytes, Stack size 8 bytes, wmtouch.o(.text))
<BR><BR>[Stack]<UL><LI>Max Depth = 100 + Unknown Stack Size
<LI>Call Chain = _Screen2Win &rArr; WM_Screen2hWin &rArr; GUI_Unlock &rArr; GUI_X_Unlock &rArr; OSSemPost &rArr; OS_EventTaskRdy &rArr; OS_EventTaskRemove
</UL>
<BR>[Calls]<UL><LI><a href="#[387]">&gt;&gt;</a>&nbsp;&nbsp;&nbsp;WM_Screen2hWin
</UL>
<BR>[Called By]<UL><LI><a href="#[4e]">&gt;&gt;</a>&nbsp;&nbsp;&nbsp;WM_HandlePID
</UL>

<P><STRONG><a name="[3a1]"></a>CheckInit</STRONG> (Thumb, 20 bytes, Stack size 8 bytes, gui_x_ucos.o(.text), UNUSED)
<BR><BR>[Calls]<UL><LI><a href="#[1d2]">&gt;&gt;</a>&nbsp;&nbsp;&nbsp;GUI_X_Init
</UL>
<BR>[Called By]<UL><LI><a href="#[3a3]">&gt;&gt;</a>&nbsp;&nbsp;&nbsp;GUI_X_WaitKey
<LI><a href="#[3a2]">&gt;&gt;</a>&nbsp;&nbsp;&nbsp;GUI_X_GetKey
</UL>

<P><STRONG><a name="[3d4]"></a>Delay</STRONG> (Thumb, 22 bytes, Stack size 0 bytes, touch.o(.text), UNUSED)
<BR><BR>[Called By]<UL><LI><a href="#[3d6]">&gt;&gt;</a>&nbsp;&nbsp;&nbsp;Touch_Adjust
<LI><a href="#[3d2]">&gt;&gt;</a>&nbsp;&nbsp;&nbsp;Read_TP_Once
</UL>

<P><STRONG><a name="[3c1]"></a>Touch_Gpio_Init</STRONG> (Thumb, 194 bytes, Stack size 8 bytes, touch.o(.text))
<BR><BR>[Stack]<UL><LI>Max Depth = 32<LI>Call Chain = Touch_Gpio_Init &rArr; GPIO_Init
</UL>
<BR>[Calls]<UL><LI><a href="#[3c2]">&gt;&gt;</a>&nbsp;&nbsp;&nbsp;GPIO_SetBits
<LI><a href="#[b6]">&gt;&gt;</a>&nbsp;&nbsp;&nbsp;GPIO_Init
<LI><a href="#[b5]">&gt;&gt;</a>&nbsp;&nbsp;&nbsp;RCC_APB1PeriphClockCmd
<LI><a href="#[b4]">&gt;&gt;</a>&nbsp;&nbsp;&nbsp;RCC_APB2PeriphClockCmd
</UL>
<BR>[Called By]<UL><LI><a href="#[201]">&gt;&gt;</a>&nbsp;&nbsp;&nbsp;Touch_Init
</UL>

<P><STRONG><a name="[3c3]"></a>TouchSPIx_Init</STRONG> (Thumb, 88 bytes, Stack size 24 bytes, touch.o(.text))
<BR><BR>[Stack]<UL><LI>Max Depth = 32<LI>Call Chain = TouchSPIx_Init &rArr; SPI_Init
</UL>
<BR>[Calls]<UL><LI><a href="#[3c5]">&gt;&gt;</a>&nbsp;&nbsp;&nbsp;SPI_Cmd
<LI><a href="#[3c4]">&gt;&gt;</a>&nbsp;&nbsp;&nbsp;SPI_Init
<LI><a href="#[3c2]">&gt;&gt;</a>&nbsp;&nbsp;&nbsp;GPIO_SetBits
</UL>
<BR>[Called By]<UL><LI><a href="#[201]">&gt;&gt;</a>&nbsp;&nbsp;&nbsp;Touch_Init
</UL>

<P><STRONG><a name="[3c6]"></a>TOUCH_EXTI_Configuration</STRONG> (Thumb, 46 bytes, Stack size 16 bytes, touch.o(.text), UNUSED)
<BR><BR>[Calls]<UL><LI><a href="#[3c9]">&gt;&gt;</a>&nbsp;&nbsp;&nbsp;EXTI_GenerateSWInterrupt
<LI><a href="#[3c8]">&gt;&gt;</a>&nbsp;&nbsp;&nbsp;EXTI_Init
<LI><a href="#[3c7]">&gt;&gt;</a>&nbsp;&nbsp;&nbsp;GPIO_EXTILineConfig
</UL>

<P><STRONG><a name="[5b]"></a>_cbCallback</STRONG> (Thumb, 172 bytes, Stack size 24 bytes, panel.o(.text))
<BR><BR>[Stack]<UL><LI>Max Depth = 752 + Unknown Stack Size
<LI>Call Chain = _cbCallback &rArr; InitDialog &rArr; DROPDOWN_SetFont &rArr; DROPDOWN_Expand &rArr; LISTBOX_CreateAsChild &rArr; LISTBOX_CreateEx &rArr; LISTBOX_SetText &rArr; LISTBOX_AddString &rArr; LISTBOX_UpdateScrollers &rArr; _CalcScrollParas &rArr; _UpdateScrollPos &rArr; _IsPartiallyVis &rArr; _GetItemPosY &rArr; _GetItemSizeY &rArr; _CallOwnerDraw &rArr; LISTBOX_OwnerDraw &rArr; GUI_DispStringAt &rArr; GUI_DispString &rArr; GUI__DispLine &rArr; WM__InitIVRSearch &rArr; WM__GetNextIVR &rArr; _FindNext_IVR &rArr; _Findx0 &rArr;  _Findx0 (Cycle)
</UL>
<BR>[Calls]<UL><LI><a href="#[22a]">&gt;&gt;</a>&nbsp;&nbsp;&nbsp;GUI_EndDialog
<LI><a href="#[20f]">&gt;&gt;</a>&nbsp;&nbsp;&nbsp;WM_DefaultProc
<LI><a href="#[37a]">&gt;&gt;</a>&nbsp;&nbsp;&nbsp;WM_GetId
<LI><a href="#[3ec]">&gt;&gt;</a>&nbsp;&nbsp;&nbsp;OnDropDownSelChanged
<LI><a href="#[3eb]">&gt;&gt;</a>&nbsp;&nbsp;&nbsp;InitDialog
<LI><a href="#[3ed]">&gt;&gt;</a>&nbsp;&nbsp;&nbsp;PaintDialog
</UL>
<BR>[Address Reference Count : 1]<UL><LI> panel.o(.text)
</UL><P>
<H3>
Undefined Global Symbols
</H3><HR></body></html>
